[16.901s] Invoking command in '/home/zaminanwar/thesis/ros2_ws/src/slam_thesis/gt_publisher': PYTHONPATH=/home/zaminanwar/thesis/ros2_ws/build/gt_publisher/prefix_override:/usr/lib/python3/dist-packages/colcon_core/task/python/colcon_distutils_commands:/home/zaminanwar/thesis/ros2_ws/install/gt_publisher/lib/python3.12/site-packages:${PYTHONPATH} /usr/bin/python3 -W ignore:setup.py install is deprecated -W ignore:easy_install command is deprecated setup.py egg_info --egg-base ../../../build/gt_publisher build --build-base /home/zaminanwar/thesis/ros2_ws/build/gt_publisher/build install --record /home/zaminanwar/thesis/ros2_ws/build/gt_publisher/install.log --single-version-externally-managed install_data
[17.137s] running egg_info
[17.137s] creating ../../../build/gt_publisher/gt_publisher.egg-info
[17.155s] writing ../../../build/gt_publisher/gt_publisher.egg-info/PKG-INFO
[17.155s] writing dependency_links to ../../../build/gt_publisher/gt_publisher.egg-info/dependency_links.txt
[17.156s] writing entry points to ../../../build/gt_publisher/gt_publisher.egg-info/entry_points.txt
[17.156s] writing requirements to ../../../build/gt_publisher/gt_publisher.egg-info/requires.txt
[17.156s] writing top-level names to ../../../build/gt_publisher/gt_publisher.egg-info/top_level.txt
[17.156s] writing manifest file '../../../build/gt_publisher/gt_publisher.egg-info/SOURCES.txt'
[17.190s] reading manifest file '../../../build/gt_publisher/gt_publisher.egg-info/SOURCES.txt'
[17.190s] writing manifest file '../../../build/gt_publisher/gt_publisher.egg-info/SOURCES.txt'
[17.190s] running build
[17.190s] running build_py
[17.191s] creating /home/zaminanwar/thesis/ros2_ws/build/gt_publisher/build
[17.191s] creating /home/zaminanwar/thesis/ros2_ws/build/gt_publisher/build/lib
[17.192s] creating /home/zaminanwar/thesis/ros2_ws/build/gt_publisher/build/lib/gt_publisher
[17.230s] copying gt_publisher/__init__.py -> /home/zaminanwar/thesis/ros2_ws/build/gt_publisher/build/lib/gt_publisher
[17.238s] copying gt_publisher/gt_publisher_node.py -> /home/zaminanwar/thesis/ros2_ws/build/gt_publisher/build/lib/gt_publisher
[17.239s] running install
[17.244s] running install_lib
[17.261s] creating /home/zaminanwar/thesis/ros2_ws/install/gt_publisher/lib/python3.12/site-packages/gt_publisher
[17.262s] copying /home/zaminanwar/thesis/ros2_ws/build/gt_publisher/build/lib/gt_publisher/__init__.py -> /home/zaminanwar/thesis/ros2_ws/install/gt_publisher/lib/python3.12/site-packages/gt_publisher
[17.262s] copying /home/zaminanwar/thesis/ros2_ws/build/gt_publisher/build/lib/gt_publisher/gt_publisher_node.py -> /home/zaminanwar/thesis/ros2_ws/install/gt_publisher/lib/python3.12/site-packages/gt_publisher
[17.262s] byte-compiling /home/zaminanwar/thesis/ros2_ws/install/gt_publisher/lib/python3.12/site-packages/gt_publisher/__init__.py to __init__.cpython-312.pyc
[17.263s] byte-compiling /home/zaminanwar/thesis/ros2_ws/install/gt_publisher/lib/python3.12/site-packages/gt_publisher/gt_publisher_node.py to gt_publisher_node.cpython-312.pyc
[17.263s] running install_data
[17.263s] creating /home/zaminanwar/thesis/ros2_ws/install/gt_publisher/share/ament_index
[17.264s] creating /home/zaminanwar/thesis/ros2_ws/install/gt_publisher/share/ament_index/resource_index
[17.264s] creating /home/zaminanwar/thesis/ros2_ws/install/gt_publisher/share/ament_index/resource_index/packages
[17.265s] copying resource/gt_publisher -> /home/zaminanwar/thesis/ros2_ws/install/gt_publisher/share/ament_index/resource_index/packages
[17.265s] copying package.xml -> /home/zaminanwar/thesis/ros2_ws/install/gt_publisher/share/gt_publisher
[17.265s] creating /home/zaminanwar/thesis/ros2_ws/install/gt_publisher/share/gt_publisher/launch
[17.265s] creating /home/zaminanwar/thesis/ros2_ws/install/gt_publisher/share/gt_publisher/config
[17.266s] running install_egg_info
[17.283s] Copying ../../../build/gt_publisher/gt_publisher.egg-info to /home/zaminanwar/thesis/ros2_ws/install/gt_publisher/lib/python3.12/site-packages/gt_publisher-0.1.0-py3.12.egg-info
[17.285s] running install_scripts
[17.410s] Installing gt_publisher script to /home/zaminanwar/thesis/ros2_ws/install/gt_publisher/lib/gt_publisher
[17.411s] writing list of installed files to '/home/zaminanwar/thesis/ros2_ws/build/gt_publisher/install.log'
[17.437s] Invoked command in '/home/zaminanwar/thesis/ros2_ws/src/slam_thesis/gt_publisher' returned '0': PYTHONPATH=/home/zaminanwar/thesis/ros2_ws/build/gt_publisher/prefix_override:/usr/lib/python3/dist-packages/colcon_core/task/python/colcon_distutils_commands:/home/zaminanwar/thesis/ros2_ws/install/gt_publisher/lib/python3.12/site-packages:${PYTHONPATH} /usr/bin/python3 -W ignore:setup.py install is deprecated -W ignore:easy_install command is deprecated setup.py egg_info --egg-base ../../../build/gt_publisher build --build-base /home/zaminanwar/thesis/ros2_ws/build/gt_publisher/build install --record /home/zaminanwar/thesis/ros2_ws/build/gt_publisher/install.log --single-version-externally-managed install_data
