[0.123s] Invoking command in '/home/zaminanwar/thesis/ros2_ws/build/rover_description': CMAKE_PREFIX_PATH=${CMAKE_PREFIX_PATH}:/opt/ros/jazzy /usr/bin/cmake /home/zaminanwar/thesis/ros2_ws/src/slam_thesis/rover_description -DCMAKE_INSTALL_PREFIX=/home/zaminanwar/thesis/ros2_ws/install/rover_description
[7.720s] -- The C compiler identification is GNU 13.3.0
[12.787s] -- The CXX compiler identification is GNU 13.3.0
[13.648s] -- Detecting C compiler ABI info
[14.907s] -- Detecting C compiler ABI info - done
[14.913s] -- Check for working C compiler: /usr/bin/cc - skipped
[14.914s] -- Detecting C compile features
[14.920s] -- Detecting C compile features - done
[15.078s] -- Detecting CXX compiler ABI info
[15.357s] -- Detecting CXX compiler ABI info - done
[15.364s] -- Check for working CXX compiler: /usr/bin/c++ - skipped
[15.364s] -- Detecting CXX compile features
[15.365s] -- Detecting CXX compile features - done
[16.479s] -- Found ament_cmake: 2.5.4 (/opt/ros/jazzy/share/ament_cmake/cmake)
[16.884s] -- Found Python3: /usr/bin/python3 (found version "3.12.3") found components: Interpreter 
[17.467s] -- Configuring done (15.2s)
[17.474s] -- Generating done (0.0s)
[17.493s] -- Build files have been written to: /home/zaminanwar/thesis/ros2_ws/build/rover_description
[17.502s] Invoked command in '/home/zaminanwar/thesis/ros2_ws/build/rover_description' returned '0': CMAKE_PREFIX_PATH=${CMAKE_PREFIX_PATH}:/opt/ros/jazzy /usr/bin/cmake /home/zaminanwar/thesis/ros2_ws/src/slam_thesis/rover_description -DCMAKE_INSTALL_PREFIX=/home/zaminanwar/thesis/ros2_ws/install/rover_description
[17.503s] Invoking command in '/home/zaminanwar/thesis/ros2_ws/build/rover_description': CMAKE_PREFIX_PATH=${CMAKE_PREFIX_PATH}:/opt/ros/jazzy /usr/bin/cmake --build /home/zaminanwar/thesis/ros2_ws/build/rover_description -- -j12 -l12
[17.665s] Invoked command in '/home/zaminanwar/thesis/ros2_ws/build/rover_description' returned '0': CMAKE_PREFIX_PATH=${CMAKE_PREFIX_PATH}:/opt/ros/jazzy /usr/bin/cmake --build /home/zaminanwar/thesis/ros2_ws/build/rover_description -- -j12 -l12
[17.666s] Invoking command in '/home/zaminanwar/thesis/ros2_ws/build/rover_description': CMAKE_PREFIX_PATH=${CMAKE_PREFIX_PATH}:/opt/ros/jazzy /usr/bin/cmake --install /home/zaminanwar/thesis/ros2_ws/build/rover_description
[17.678s] -- Install configuration: ""
[17.679s] -- Installing: /home/zaminanwar/thesis/ros2_ws/install/rover_description/share/rover_description/urdf
[17.687s] -- Installing: /home/zaminanwar/thesis/ros2_ws/install/rover_description/share/rover_description/urdf/.gitkeep
[17.688s] -- Installing: /home/zaminanwar/thesis/ros2_ws/install/rover_description/share/rover_description/rviz
[17.689s] -- Installing: /home/zaminanwar/thesis/ros2_ws/install/rover_description/share/rover_description/rviz/.gitkeep
[17.689s] -- Installing: /home/zaminanwar/thesis/ros2_ws/install/rover_description/share/rover_description/launch
[17.690s] -- Installing: /home/zaminanwar/thesis/ros2_ws/install/rover_description/share/rover_description/launch/.gitkeep
[17.691s] -- Installing: /home/zaminanwar/thesis/ros2_ws/install/rover_description/share/rover_description/meshes
[17.691s] -- Installing: /home/zaminanwar/thesis/ros2_ws/install/rover_description/share/rover_description/meshes/.gitkeep
[17.692s] -- Installing: /home/zaminanwar/thesis/ros2_ws/install/rover_description/share/ament_index/resource_index/package_run_dependencies/rover_description
[17.694s] -- Installing: /home/zaminanwar/thesis/ros2_ws/install/rover_description/share/ament_index/resource_index/parent_prefix_path/rover_description
[17.694s] -- Installing: /home/zaminanwar/thesis/ros2_ws/install/rover_description/share/rover_description/environment/ament_prefix_path.sh
[17.694s] -- Installing: /home/zaminanwar/thesis/ros2_ws/install/rover_description/share/rover_description/environment/ament_prefix_path.dsv
[17.694s] -- Installing: /home/zaminanwar/thesis/ros2_ws/install/rover_description/share/rover_description/environment/path.sh
[17.695s] -- Installing: /home/zaminanwar/thesis/ros2_ws/install/rover_description/share/rover_description/environment/path.dsv
[17.695s] -- Installing: /home/zaminanwar/thesis/ros2_ws/install/rover_description/share/rover_description/local_setup.bash
[17.695s] -- Installing: /home/zaminanwar/thesis/ros2_ws/install/rover_description/share/rover_description/local_setup.sh
[17.695s] -- Installing: /home/zaminanwar/thesis/ros2_ws/install/rover_description/share/rover_description/local_setup.zsh
[17.695s] -- Installing: /home/zaminanwar/thesis/ros2_ws/install/rover_description/share/rover_description/local_setup.dsv
[17.695s] -- Installing: /home/zaminanwar/thesis/ros2_ws/install/rover_description/share/rover_description/package.dsv
[17.696s] -- Installing: /home/zaminanwar/thesis/ros2_ws/install/rover_description/share/ament_index/resource_index/packages/rover_description
[17.696s] -- Installing: /home/zaminanwar/thesis/ros2_ws/install/rover_description/share/rover_description/cmake/rover_descriptionConfig.cmake
[17.696s] -- Installing: /home/zaminanwar/thesis/ros2_ws/install/rover_description/share/rover_description/cmake/rover_descriptionConfig-version.cmake
[17.697s] -- Installing: /home/zaminanwar/thesis/ros2_ws/install/rover_description/share/rover_description/package.xml
[17.699s] Invoked command in '/home/zaminanwar/thesis/ros2_ws/build/rover_description' returned '0': CMAKE_PREFIX_PATH=${CMAKE_PREFIX_PATH}:/opt/ros/jazzy /usr/bin/cmake --install /home/zaminanwar/thesis/ros2_ws/build/rover_description
