-- Install configuration: ""
-- Up-to-date: /home/zaminanwar/thesis/ros2_ws/install/slam_launch/share/slam_launch/launch
-- Up-to-date: /home/zaminanwar/thesis/ros2_ws/install/slam_launch/share/slam_launch/launch/.gitkeep
-- Up-to-date: /home/zaminanwar/thesis/ros2_ws/install/slam_launch/share/slam_launch/config
-- Up-to-date: /home/zaminanwar/thesis/ros2_ws/install/slam_launch/share/slam_launch/config/.gitkeep
-- Up-to-date: /home/zaminanwar/thesis/ros2_ws/install/slam_launch/share/ament_index/resource_index/package_run_dependencies/slam_launch
-- Up-to-date: /home/zaminanwar/thesis/ros2_ws/install/slam_launch/share/ament_index/resource_index/parent_prefix_path/slam_launch
-- Up-to-date: /home/zaminanwar/thesis/ros2_ws/install/slam_launch/share/slam_launch/environment/ament_prefix_path.sh
-- Up-to-date: /home/zaminanwar/thesis/ros2_ws/install/slam_launch/share/slam_launch/environment/ament_prefix_path.dsv
-- Up-to-date: /home/zaminanwar/thesis/ros2_ws/install/slam_launch/share/slam_launch/environment/path.sh
-- Up-to-date: /home/zaminanwar/thesis/ros2_ws/install/slam_launch/share/slam_launch/environment/path.dsv
-- Up-to-date: /home/zaminanwar/thesis/ros2_ws/install/slam_launch/share/slam_launch/local_setup.bash
-- Up-to-date: /home/zaminanwar/thesis/ros2_ws/install/slam_launch/share/slam_launch/local_setup.sh
-- Up-to-date: /home/zaminanwar/thesis/ros2_ws/install/slam_launch/share/slam_launch/local_setup.zsh
-- Up-to-date: /home/zaminanwar/thesis/ros2_ws/install/slam_launch/share/slam_launch/local_setup.dsv
-- Up-to-date: /home/zaminanwar/thesis/ros2_ws/install/slam_launch/share/slam_launch/package.dsv
-- Up-to-date: /home/zaminanwar/thesis/ros2_ws/install/slam_launch/share/ament_index/resource_index/packages/slam_launch
-- Up-to-date: /home/zaminanwar/thesis/ros2_ws/install/slam_launch/share/slam_launch/cmake/slam_launchConfig.cmake
-- Up-to-date: /home/zaminanwar/thesis/ros2_ws/install/slam_launch/share/slam_launch/cmake/slam_launchConfig-version.cmake
-- Up-to-date: /home/zaminanwar/thesis/ros2_ws/install/slam_launch/share/slam_launch/package.xml
