[0.874s] Invoking command in '/home/zaminanwar/thesis/ros2_ws/build/slam_launch': CMAKE_PREFIX_PATH=${CMAKE_PREFIX_PATH}:/opt/ros/jazzy /usr/bin/cmake --build /home/zaminanwar/thesis/ros2_ws/build/slam_launch -- -j12 -l12
[2.735s] Invoked command in '/home/zaminanwar/thesis/ros2_ws/build/slam_launch' returned '0': CMAKE_PREFIX_PATH=${CMAKE_PREFIX_PATH}:/opt/ros/jazzy /usr/bin/cmake --build /home/zaminanwar/thesis/ros2_ws/build/slam_launch -- -j12 -l12
[2.737s] Invoking command in '/home/zaminanwar/thesis/ros2_ws/build/slam_launch': CMAKE_PREFIX_PATH=${CMAKE_PREFIX_PATH}:/opt/ros/jazzy /usr/bin/cmake --install /home/zaminanwar/thesis/ros2_ws/build/slam_launch
[2.784s] -- Install configuration: ""
[2.796s] -- Up-to-date: /home/zaminanwar/thesis/ros2_ws/install/slam_launch/share/slam_launch/launch
[2.812s] -- Up-to-date: /home/zaminanwar/thesis/ros2_ws/install/slam_launch/share/slam_launch/launch/.gitkeep
[2.812s] -- Up-to-date: /home/zaminanwar/thesis/ros2_ws/install/slam_launch/share/slam_launch/config
[2.834s] -- Up-to-date: /home/zaminanwar/thesis/ros2_ws/install/slam_launch/share/slam_launch/config/.gitkeep
[2.834s] -- Up-to-date: /home/zaminanwar/thesis/ros2_ws/install/slam_launch/share/ament_index/resource_index/package_run_dependencies/slam_launch
[2.834s] -- Up-to-date: /home/zaminanwar/thesis/ros2_ws/install/slam_launch/share/ament_index/resource_index/parent_prefix_path/slam_launch
[2.834s] -- Up-to-date: /home/zaminanwar/thesis/ros2_ws/install/slam_launch/share/slam_launch/environment/ament_prefix_path.sh
[2.834s] -- Up-to-date: /home/zaminanwar/thesis/ros2_ws/install/slam_launch/share/slam_launch/environment/ament_prefix_path.dsv
[2.835s] -- Up-to-date: /home/zaminanwar/thesis/ros2_ws/install/slam_launch/share/slam_launch/environment/path.sh
[2.835s] -- Up-to-date: /home/zaminanwar/thesis/ros2_ws/install/slam_launch/share/slam_launch/environment/path.dsv
[2.835s] -- Up-to-date: /home/zaminanwar/thesis/ros2_ws/install/slam_launch/share/slam_launch/local_setup.bash
[2.835s] -- Up-to-date: /home/zaminanwar/thesis/ros2_ws/install/slam_launch/share/slam_launch/local_setup.sh
[2.835s] -- Up-to-date: /home/zaminanwar/thesis/ros2_ws/install/slam_launch/share/slam_launch/local_setup.zsh
[2.835s] -- Up-to-date: /home/zaminanwar/thesis/ros2_ws/install/slam_launch/share/slam_launch/local_setup.dsv
[2.835s] -- Up-to-date: /home/zaminanwar/thesis/ros2_ws/install/slam_launch/share/slam_launch/package.dsv
[2.835s] -- Up-to-date: /home/zaminanwar/thesis/ros2_ws/install/slam_launch/share/ament_index/resource_index/packages/slam_launch
[2.835s] -- Up-to-date: /home/zaminanwar/thesis/ros2_ws/install/slam_launch/share/slam_launch/cmake/slam_launchConfig.cmake
[2.835s] -- Up-to-date: /home/zaminanwar/thesis/ros2_ws/install/slam_launch/share/slam_launch/cmake/slam_launchConfig-version.cmake
[2.835s] -- Up-to-date: /home/zaminanwar/thesis/ros2_ws/install/slam_launch/share/slam_launch/package.xml
[2.837s] Invoked command in '/home/zaminanwar/thesis/ros2_ws/build/slam_launch' returned '0': CMAKE_PREFIX_PATH=${CMAKE_PREFIX_PATH}:/opt/ros/jazzy /usr/bin/cmake --install /home/zaminanwar/thesis/ros2_ws/build/slam_launch
