[10.192s] Invoking command in '/home/zaminanwar/thesis/ros2_ws/src/slam_thesis/traj_exporter': PYTHONPATH=/home/zaminanwar/thesis/ros2_ws/build/traj_exporter/prefix_override:/usr/lib/python3/dist-packages/colcon_core/task/python/colcon_distutils_commands:/home/zaminanwar/thesis/ros2_ws/install/traj_exporter/lib/python3.12/site-packages:${PYTHONPATH} /usr/bin/python3 -W ignore:setup.py install is deprecated -W ignore:easy_install command is deprecated setup.py egg_info --egg-base ../../../build/traj_exporter build --build-base /home/zaminanwar/thesis/ros2_ws/build/traj_exporter/build install --record /home/zaminanwar/thesis/ros2_ws/build/traj_exporter/install.log --single-version-externally-managed install_data
[10.412s] running egg_info
[10.428s] writing ../../../build/traj_exporter/traj_exporter.egg-info/PKG-INFO
[10.429s] writing dependency_links to ../../../build/traj_exporter/traj_exporter.egg-info/dependency_links.txt
[10.429s] writing entry points to ../../../build/traj_exporter/traj_exporter.egg-info/entry_points.txt
[10.429s] writing requirements to ../../../build/traj_exporter/traj_exporter.egg-info/requires.txt
[10.429s] writing top-level names to ../../../build/traj_exporter/traj_exporter.egg-info/top_level.txt
[10.462s] reading manifest file '../../../build/traj_exporter/traj_exporter.egg-info/SOURCES.txt'
[10.502s] writing manifest file '../../../build/traj_exporter/traj_exporter.egg-info/SOURCES.txt'
[10.503s] running build
[10.503s] running build_py
[10.503s] running install
[10.509s] running install_lib
[10.536s] running install_data
[10.536s] running install_egg_info
[10.558s] removing '/home/zaminanwar/thesis/ros2_ws/install/traj_exporter/lib/python3.12/site-packages/traj_exporter-0.1.0-py3.12.egg-info' (and everything under it)
[10.558s] Copying ../../../build/traj_exporter/traj_exporter.egg-info to /home/zaminanwar/thesis/ros2_ws/install/traj_exporter/lib/python3.12/site-packages/traj_exporter-0.1.0-py3.12.egg-info
[10.573s] running install_scripts
[10.784s] Installing traj_exporter script to /home/zaminanwar/thesis/ros2_ws/install/traj_exporter/lib/traj_exporter
[10.784s] writing list of installed files to '/home/zaminanwar/thesis/ros2_ws/build/traj_exporter/install.log'
[10.785s] Invoked command in '/home/zaminanwar/thesis/ros2_ws/src/slam_thesis/traj_exporter' returned '0': PYTHONPATH=/home/zaminanwar/thesis/ros2_ws/build/traj_exporter/prefix_override:/usr/lib/python3/dist-packages/colcon_core/task/python/colcon_distutils_commands:/home/zaminanwar/thesis/ros2_ws/install/traj_exporter/lib/python3.12/site-packages:${PYTHONPATH} /usr/bin/python3 -W ignore:setup.py install is deprecated -W ignore:easy_install command is deprecated setup.py egg_info --egg-base ../../../build/traj_exporter build --build-base /home/zaminanwar/thesis/ros2_ws/build/traj_exporter/build install --record /home/zaminanwar/thesis/ros2_ws/build/traj_exporter/install.log --single-version-externally-managed install_data
