[1.068s] Invoking command in '/home/zaminanwar/thesis/ros2_ws/src/slam_thesis/rover_control': PYTHONPATH=/home/zaminanwar/thesis/ros2_ws/build/rover_control/prefix_override:/usr/lib/python3/dist-packages/colcon_core/task/python/colcon_distutils_commands:/home/zaminanwar/thesis/ros2_ws/install/rover_control/lib/python3.12/site-packages:${PYTHONPATH} /usr/bin/python3 -W ignore:setup.py install is deprecated -W ignore:easy_install command is deprecated setup.py egg_info --egg-base ../../../build/rover_control build --build-base /home/zaminanwar/thesis/ros2_ws/build/rover_control/build install --record /home/zaminanwar/thesis/ros2_ws/build/rover_control/install.log --single-version-externally-managed install_data
[1.402s] running egg_info
[1.428s] writing ../../../build/rover_control/rover_control.egg-info/PKG-INFO
[1.429s] writing dependency_links to ../../../build/rover_control/rover_control.egg-info/dependency_links.txt
[1.429s] writing entry points to ../../../build/rover_control/rover_control.egg-info/entry_points.txt
[1.429s] writing requirements to ../../../build/rover_control/rover_control.egg-info/requires.txt
[1.429s] writing top-level names to ../../../build/rover_control/rover_control.egg-info/top_level.txt
[1.483s] reading manifest file '../../../build/rover_control/rover_control.egg-info/SOURCES.txt'
[1.484s] writing manifest file '../../../build/rover_control/rover_control.egg-info/SOURCES.txt'
[1.487s] running build
[1.487s] running build_py
[1.488s] copying rover_control/trajectory_follower.py -> /home/zaminanwar/thesis/ros2_ws/build/rover_control/build/lib/rover_control
[1.488s] running install
[1.491s] running install_lib
[1.517s] copying /home/zaminanwar/thesis/ros2_ws/build/rover_control/build/lib/rover_control/trajectory_follower.py -> /home/zaminanwar/thesis/ros2_ws/install/rover_control/lib/python3.12/site-packages/rover_control
[1.518s] byte-compiling /home/zaminanwar/thesis/ros2_ws/install/rover_control/lib/python3.12/site-packages/rover_control/trajectory_follower.py to trajectory_follower.cpython-312.pyc
[1.520s] running install_data
[1.521s] running install_egg_info
[1.549s] removing '/home/zaminanwar/thesis/ros2_ws/install/rover_control/lib/python3.12/site-packages/rover_control-0.1.0-py3.12.egg-info' (and everything under it)
[1.550s] Copying ../../../build/rover_control/rover_control.egg-info to /home/zaminanwar/thesis/ros2_ws/install/rover_control/lib/python3.12/site-packages/rover_control-0.1.0-py3.12.egg-info
[1.555s] running install_scripts
[1.724s] Installing trajectory_follower script to /home/zaminanwar/thesis/ros2_ws/install/rover_control/lib/rover_control
[1.725s] writing list of installed files to '/home/zaminanwar/thesis/ros2_ws/build/rover_control/install.log'
[1.767s] Invoked command in '/home/zaminanwar/thesis/ros2_ws/src/slam_thesis/rover_control' returned '0': PYTHONPATH=/home/zaminanwar/thesis/ros2_ws/build/rover_control/prefix_override:/usr/lib/python3/dist-packages/colcon_core/task/python/colcon_distutils_commands:/home/zaminanwar/thesis/ros2_ws/install/rover_control/lib/python3.12/site-packages:${PYTHONPATH} /usr/bin/python3 -W ignore:setup.py install is deprecated -W ignore:easy_install command is deprecated setup.py egg_info --egg-base ../../../build/rover_control build --build-base /home/zaminanwar/thesis/ros2_ws/build/rover_control/build install --record /home/zaminanwar/thesis/ros2_ws/build/rover_control/install.log --single-version-externally-managed install_data
