[0.023s] Invoking command in '/home/zaminanwar/thesis/ros2_ws/build/rover_description': CMAKE_PREFIX_PATH=${CMAKE_PREFIX_PATH}:/opt/ros/jazzy /usr/bin/cmake --build /home/zaminanwar/thesis/ros2_ws/build/rover_description -- -j12 -l12
[0.075s] Invoked command in '/home/zaminanwar/thesis/ros2_ws/build/rover_description' returned '0': CMAKE_PREFIX_PATH=${CMAKE_PREFIX_PATH}:/opt/ros/jazzy /usr/bin/cmake --build /home/zaminanwar/thesis/ros2_ws/build/rover_description -- -j12 -l12
[0.088s] Invoking command in '/home/zaminanwar/thesis/ros2_ws/build/rover_description': CMAKE_PREFIX_PATH=${CMAKE_PREFIX_PATH}:/opt/ros/jazzy /usr/bin/cmake --install /home/zaminanwar/thesis/ros2_ws/build/rover_description
[0.104s] -- Install configuration: ""
[0.104s] -- Up-to-date: /home/zaminanwar/thesis/ros2_ws/install/rover_description/share/rover_description/urdf
[0.104s] -- Up-to-date: /home/zaminanwar/thesis/ros2_ws/install/rover_description/share/rover_description/urdf/rover.urdf.xacro
[0.104s] -- Up-to-date: /home/zaminanwar/thesis/ros2_ws/install/rover_description/share/rover_description/urdf/.gitkeep
[0.104s] -- Up-to-date: /home/zaminanwar/thesis/ros2_ws/install/rover_description/share/rover_description/rviz
[0.104s] -- Up-to-date: /home/zaminanwar/thesis/ros2_ws/install/rover_description/share/rover_description/rviz/.gitkeep
[0.104s] -- Up-to-date: /home/zaminanwar/thesis/ros2_ws/install/rover_description/share/rover_description/rviz/rover.rviz
[0.105s] -- Up-to-date: /home/zaminanwar/thesis/ros2_ws/install/rover_description/share/rover_description/launch
[0.105s] -- Up-to-date: /home/zaminanwar/thesis/ros2_ws/install/rover_description/share/rover_description/launch/.gitkeep
[0.105s] -- Up-to-date: /home/zaminanwar/thesis/ros2_ws/install/rover_description/share/rover_description/launch/display.launch.py
[0.105s] -- Up-to-date: /home/zaminanwar/thesis/ros2_ws/install/rover_description/share/rover_description/meshes
[0.105s] -- Up-to-date: /home/zaminanwar/thesis/ros2_ws/install/rover_description/share/rover_description/meshes/.gitkeep
[0.105s] -- Up-to-date: /home/zaminanwar/thesis/ros2_ws/install/rover_description/share/ament_index/resource_index/package_run_dependencies/rover_description
[0.105s] -- Up-to-date: /home/zaminanwar/thesis/ros2_ws/install/rover_description/share/ament_index/resource_index/parent_prefix_path/rover_description
[0.105s] -- Up-to-date: /home/zaminanwar/thesis/ros2_ws/install/rover_description/share/rover_description/environment/ament_prefix_path.sh
[0.105s] -- Up-to-date: /home/zaminanwar/thesis/ros2_ws/install/rover_description/share/rover_description/environment/ament_prefix_path.dsv
[0.106s] -- Up-to-date: /home/zaminanwar/thesis/ros2_ws/install/rover_description/share/rover_description/environment/path.sh
[0.106s] -- Up-to-date: /home/zaminanwar/thesis/ros2_ws/install/rover_description/share/rover_description/environment/path.dsv
[0.106s] -- Up-to-date: /home/zaminanwar/thesis/ros2_ws/install/rover_description/share/rover_description/local_setup.bash
[0.106s] -- Up-to-date: /home/zaminanwar/thesis/ros2_ws/install/rover_description/share/rover_description/local_setup.sh
[0.106s] -- Up-to-date: /home/zaminanwar/thesis/ros2_ws/install/rover_description/share/rover_description/local_setup.zsh
[0.107s] -- Up-to-date: /home/zaminanwar/thesis/ros2_ws/install/rover_description/share/rover_description/local_setup.dsv
[0.107s] -- Installing: /home/zaminanwar/thesis/ros2_ws/install/rover_description/share/rover_description/package.dsv
[0.107s] -- Up-to-date: /home/zaminanwar/thesis/ros2_ws/install/rover_description/share/ament_index/resource_index/packages/rover_description
[0.107s] -- Up-to-date: /home/zaminanwar/thesis/ros2_ws/install/rover_description/share/rover_description/cmake/rover_descriptionConfig.cmake
[0.108s] -- Up-to-date: /home/zaminanwar/thesis/ros2_ws/install/rover_description/share/rover_description/cmake/rover_descriptionConfig-version.cmake
[0.108s] -- Up-to-date: /home/zaminanwar/thesis/ros2_ws/install/rover_description/share/rover_description/package.xml
[0.108s] Invoked command in '/home/zaminanwar/thesis/ros2_ws/build/rover_description' returned '0': CMAKE_PREFIX_PATH=${CMAKE_PREFIX_PATH}:/opt/ros/jazzy /usr/bin/cmake --install /home/zaminanwar/thesis/ros2_ws/build/rover_description
