[-1.666s] DEBUG:colcon:Command line arguments: ['/usr/bin/colcon', 'build', '--packages-select', 'rover_description', 'rover_sim']
[-1.666s] DEBUG:colcon:Parsed command line arguments: Namespace(log_base=None, log_level=None, verb_name='build', build_base='build', install_base='install', merge_install=False, symlink_install=False, test_result_base=None, continue_on_error=False, executor='parallel', parallel_workers=12, event_handlers=None, ignore_user_meta=False, metas=['./colcon.meta'], base_paths=['.'], packages_ignore=None, packages_ignore_regex=None, paths=None, packages_up_to=None, packages_up_to_regex=None, packages_above=None, packages_above_and_dependencies=None, packages_above_depth=None, packages_select_by_dep=None, packages_skip_by_dep=None, packages_skip_up_to=None, packages_select_build_failed=False, packages_skip_build_finished=False, packages_select_test_failures=False, packages_skip_test_passed=False, packages_select=['rover_description', 'rover_sim'], packages_skip=None, packages_select_regex=None, packages_skip_regex=None, packages_start=None, packages_end=None, allow_overriding=[], cmake_args=None, cmake_target=None, cmake_target_skip_unavailable=False, cmake_clean_cache=False, cmake_clean_first=False, cmake_force_configure=False, ament_cmake_args=None, catkin_cmake_args=None, catkin_skip_building_tests=False, verb_parser=<colcon_defaults.argument_parser.defaults.DefaultArgumentsDecorator object at 0x774d3db63e90>, verb_extension=<colcon_core.verb.build.BuildVerb object at 0x774d3e6cf710>, main=<bound method BuildVerb.main of <colcon_core.verb.build.BuildVerb object at 0x774d3e6cf710>>)
[-1.236s] Level 1:colcon.colcon_core.package_discovery:discover_packages(colcon_meta) check parameters
[-1.236s] Level 1:colcon.colcon_core.package_discovery:discover_packages(recursive) check parameters
[-1.236s] Level 1:colcon.colcon_core.package_discovery:discover_packages(ignore) check parameters
[-1.236s] Level 1:colcon.colcon_core.package_discovery:discover_packages(path) check parameters
[-1.236s] Level 1:colcon.colcon_core.package_discovery:discover_packages(colcon_meta) discover
[-1.236s] Level 1:colcon.colcon_core.package_discovery:discover_packages(recursive) discover
[-1.236s] INFO:colcon.colcon_core.package_discovery:Crawling recursively for packages in '/home/zaminanwar/thesis/ros2_ws'
[-1.236s] Level 1:colcon.colcon_core.package_identification:_identify(.) by extensions ['ignore', 'ignore_ament_install']
[-1.236s] Level 1:colcon.colcon_core.package_identification:_identify(.) by extension 'ignore'
[-1.235s] Level 1:colcon.colcon_core.package_identification:_identify(.) by extension 'ignore_ament_install'
[-1.235s] Level 1:colcon.colcon_core.package_identification:_identify(.) by extensions ['colcon_pkg']
[-1.235s] Level 1:colcon.colcon_core.package_identification:_identify(.) by extension 'colcon_pkg'
[-1.235s] Level 1:colcon.colcon_core.package_identification:_identify(.) by extensions ['colcon_meta']
[-1.235s] Level 1:colcon.colcon_core.package_identification:_identify(.) by extension 'colcon_meta'
[-1.235s] Level 1:colcon.colcon_core.package_identification:_identify(.) by extensions ['ros']
[-1.235s] Level 1:colcon.colcon_core.package_identification:_identify(.) by extension 'ros'
[-1.040s] Level 1:colcon.colcon_core.package_identification:_identify(.) by extensions ['cmake', 'python']
[-1.040s] Level 1:colcon.colcon_core.package_identification:_identify(.) by extension 'cmake'
[-1.040s] Level 1:colcon.colcon_core.package_identification:_identify(.) by extension 'python'
[-1.040s] Level 1:colcon.colcon_core.package_identification:_identify(.) by extensions ['python_setup_py']
[-1.040s] Level 1:colcon.colcon_core.package_identification:_identify(.) by extension 'python_setup_py'
[-1.017s] Level 1:colcon.colcon_core.package_identification:_identify(bags) by extensions ['ignore', 'ignore_ament_install']
[-1.017s] Level 1:colcon.colcon_core.package_identification:_identify(bags) by extension 'ignore'
[-1.017s] Level 1:colcon.colcon_core.package_identification:_identify(bags) by extension 'ignore_ament_install'
[-1.017s] Level 1:colcon.colcon_core.package_identification:_identify(bags) by extensions ['colcon_pkg']
[-1.017s] Level 1:colcon.colcon_core.package_identification:_identify(bags) by extension 'colcon_pkg'
[-1.017s] Level 1:colcon.colcon_core.package_identification:_identify(bags) by extensions ['colcon_meta']
[-1.017s] Level 1:colcon.colcon_core.package_identification:_identify(bags) by extension 'colcon_meta'
[-1.017s] Level 1:colcon.colcon_core.package_identification:_identify(bags) by extensions ['ros']
[-1.017s] Level 1:colcon.colcon_core.package_identification:_identify(bags) by extension 'ros'
[-1.017s] Level 1:colcon.colcon_core.package_identification:_identify(bags) by extensions ['cmake', 'python']
[-1.017s] Level 1:colcon.colcon_core.package_identification:_identify(bags) by extension 'cmake'
[-1.017s] Level 1:colcon.colcon_core.package_identification:_identify(bags) by extension 'python'
[-1.017s] Level 1:colcon.colcon_core.package_identification:_identify(bags) by extensions ['python_setup_py']
[-1.017s] Level 1:colcon.colcon_core.package_identification:_identify(bags) by extension 'python_setup_py'
[-1.009s] Level 1:colcon.colcon_core.package_identification:_identify(build) by extensions ['ignore', 'ignore_ament_install']
[-1.009s] Level 1:colcon.colcon_core.package_identification:_identify(build) by extension 'ignore'
[-1.009s] Level 1:colcon.colcon_core.package_identification:_identify(build) ignored
[-1.008s] Level 1:colcon.colcon_core.package_identification:_identify(install) by extensions ['ignore', 'ignore_ament_install']
[-1.008s] Level 1:colcon.colcon_core.package_identification:_identify(install) by extension 'ignore'
[-1.008s] Level 1:colcon.colcon_core.package_identification:_identify(install) ignored
[-1.008s] Level 1:colcon.colcon_core.package_identification:_identify(log) by extensions ['ignore', 'ignore_ament_install']
[-1.008s] Level 1:colcon.colcon_core.package_identification:_identify(log) by extension 'ignore'
[-1.008s] Level 1:colcon.colcon_core.package_identification:_identify(log) ignored
[-1.007s] Level 1:colcon.colcon_core.package_identification:_identify(results) by extensions ['ignore', 'ignore_ament_install']
[-1.007s] Level 1:colcon.colcon_core.package_identification:_identify(results) by extension 'ignore'
[-1.007s] Level 1:colcon.colcon_core.package_identification:_identify(results) by extension 'ignore_ament_install'
[-1.007s] Level 1:colcon.colcon_core.package_identification:_identify(results) by extensions ['colcon_pkg']
[-1.007s] Level 1:colcon.colcon_core.package_identification:_identify(results) by extension 'colcon_pkg'
[-1.007s] Level 1:colcon.colcon_core.package_identification:_identify(results) by extensions ['colcon_meta']
[-1.007s] Level 1:colcon.colcon_core.package_identification:_identify(results) by extension 'colcon_meta'
[-1.007s] Level 1:colcon.colcon_core.package_identification:_identify(results) by extensions ['ros']
[-1.007s] Level 1:colcon.colcon_core.package_identification:_identify(results) by extension 'ros'
[-1.007s] Level 1:colcon.colcon_core.package_identification:_identify(results) by extensions ['cmake', 'python']
[-1.007s] Level 1:colcon.colcon_core.package_identification:_identify(results) by extension 'cmake'
[-1.007s] Level 1:colcon.colcon_core.package_identification:_identify(results) by extension 'python'
[-1.007s] Level 1:colcon.colcon_core.package_identification:_identify(results) by extensions ['python_setup_py']
[-1.007s] Level 1:colcon.colcon_core.package_identification:_identify(results) by extension 'python_setup_py'
[-1.007s] Level 1:colcon.colcon_core.package_identification:_identify(src) by extensions ['ignore', 'ignore_ament_install']
[-1.006s] Level 1:colcon.colcon_core.package_identification:_identify(src) by extension 'ignore'
[-1.006s] Level 1:colcon.colcon_core.package_identification:_identify(src) by extension 'ignore_ament_install'
[-1.006s] Level 1:colcon.colcon_core.package_identification:_identify(src) by extensions ['colcon_pkg']
[-1.006s] Level 1:colcon.colcon_core.package_identification:_identify(src) by extension 'colcon_pkg'
[-1.006s] Level 1:colcon.colcon_core.package_identification:_identify(src) by extensions ['colcon_meta']
[-1.006s] Level 1:colcon.colcon_core.package_identification:_identify(src) by extension 'colcon_meta'
[-1.006s] Level 1:colcon.colcon_core.package_identification:_identify(src) by extensions ['ros']
[-1.006s] Level 1:colcon.colcon_core.package_identification:_identify(src) by extension 'ros'
[-1.006s] Level 1:colcon.colcon_core.package_identification:_identify(src) by extensions ['cmake', 'python']
[-1.006s] Level 1:colcon.colcon_core.package_identification:_identify(src) by extension 'cmake'
[-1.006s] Level 1:colcon.colcon_core.package_identification:_identify(src) by extension 'python'
[-1.006s] Level 1:colcon.colcon_core.package_identification:_identify(src) by extensions ['python_setup_py']
[-1.006s] Level 1:colcon.colcon_core.package_identification:_identify(src) by extension 'python_setup_py'
[-0.995s] Level 1:colcon.colcon_core.package_identification:_identify(src/slam_thesis) by extensions ['ignore', 'ignore_ament_install']
[-0.995s] Level 1:colcon.colcon_core.package_identification:_identify(src/slam_thesis) by extension 'ignore'
[-0.995s] Level 1:colcon.colcon_core.package_identification:_identify(src/slam_thesis) by extension 'ignore_ament_install'
[-0.995s] Level 1:colcon.colcon_core.package_identification:_identify(src/slam_thesis) by extensions ['colcon_pkg']
[-0.995s] Level 1:colcon.colcon_core.package_identification:_identify(src/slam_thesis) by extension 'colcon_pkg'
[-0.995s] Level 1:colcon.colcon_core.package_identification:_identify(src/slam_thesis) by extensions ['colcon_meta']
[-0.995s] Level 1:colcon.colcon_core.package_identification:_identify(src/slam_thesis) by extension 'colcon_meta'
[-0.995s] Level 1:colcon.colcon_core.package_identification:_identify(src/slam_thesis) by extensions ['ros']
[-0.995s] Level 1:colcon.colcon_core.package_identification:_identify(src/slam_thesis) by extension 'ros'
[-0.995s] Level 1:colcon.colcon_core.package_identification:_identify(src/slam_thesis) by extensions ['cmake', 'python']
[-0.995s] Level 1:colcon.colcon_core.package_identification:_identify(src/slam_thesis) by extension 'cmake'
[-0.995s] Level 1:colcon.colcon_core.package_identification:_identify(src/slam_thesis) by extension 'python'
[-0.995s] Level 1:colcon.colcon_core.package_identification:_identify(src/slam_thesis) by extensions ['python_setup_py']
[-0.995s] Level 1:colcon.colcon_core.package_identification:_identify(src/slam_thesis) by extension 'python_setup_py'
[-0.985s] Level 1:colcon.colcon_core.package_identification:_identify(src/slam_thesis/experiment_runner) by extensions ['ignore', 'ignore_ament_install']
[-0.985s] Level 1:colcon.colcon_core.package_identification:_identify(src/slam_thesis/experiment_runner) by extension 'ignore'
[-0.985s] Level 1:colcon.colcon_core.package_identification:_identify(src/slam_thesis/experiment_runner) by extension 'ignore_ament_install'
[-0.985s] Level 1:colcon.colcon_core.package_identification:_identify(src/slam_thesis/experiment_runner) by extensions ['colcon_pkg']
[-0.985s] Level 1:colcon.colcon_core.package_identification:_identify(src/slam_thesis/experiment_runner) by extension 'colcon_pkg'
[-0.985s] Level 1:colcon.colcon_core.package_identification:_identify(src/slam_thesis/experiment_runner) by extensions ['colcon_meta']
[-0.985s] Level 1:colcon.colcon_core.package_identification:_identify(src/slam_thesis/experiment_runner) by extension 'colcon_meta'
[-0.985s] Level 1:colcon.colcon_core.package_identification:_identify(src/slam_thesis/experiment_runner) by extensions ['ros']
[-0.985s] Level 1:colcon.colcon_core.package_identification:_identify(src/slam_thesis/experiment_runner) by extension 'ros'
[-0.945s] DEBUG:colcon.colcon_core.package_identification:Package 'src/slam_thesis/experiment_runner' with type 'ros.ament_python' and name 'experiment_runner'
[-0.868s] Level 1:colcon.colcon_core.package_identification:_identify(src/slam_thesis/gt_publisher) by extensions ['ignore', 'ignore_ament_install']
[-0.868s] Level 1:colcon.colcon_core.package_identification:_identify(src/slam_thesis/gt_publisher) by extension 'ignore'
[-0.868s] Level 1:colcon.colcon_core.package_identification:_identify(src/slam_thesis/gt_publisher) by extension 'ignore_ament_install'
[-0.868s] Level 1:colcon.colcon_core.package_identification:_identify(src/slam_thesis/gt_publisher) by extensions ['colcon_pkg']
[-0.868s] Level 1:colcon.colcon_core.package_identification:_identify(src/slam_thesis/gt_publisher) by extension 'colcon_pkg'
[-0.868s] Level 1:colcon.colcon_core.package_identification:_identify(src/slam_thesis/gt_publisher) by extensions ['colcon_meta']
[-0.868s] Level 1:colcon.colcon_core.package_identification:_identify(src/slam_thesis/gt_publisher) by extension 'colcon_meta'
[-0.868s] Level 1:colcon.colcon_core.package_identification:_identify(src/slam_thesis/gt_publisher) by extensions ['ros']
[-0.868s] Level 1:colcon.colcon_core.package_identification:_identify(src/slam_thesis/gt_publisher) by extension 'ros'
[-0.854s] DEBUG:colcon.colcon_core.package_identification:Package 'src/slam_thesis/gt_publisher' with type 'ros.ament_python' and name 'gt_publisher'
[-0.827s] Level 1:colcon.colcon_core.package_identification:_identify(src/slam_thesis/rover_control) by extensions ['ignore', 'ignore_ament_install']
[-0.827s] Level 1:colcon.colcon_core.package_identification:_identify(src/slam_thesis/rover_control) by extension 'ignore'
[-0.827s] Level 1:colcon.colcon_core.package_identification:_identify(src/slam_thesis/rover_control) by extension 'ignore_ament_install'
[-0.827s] Level 1:colcon.colcon_core.package_identification:_identify(src/slam_thesis/rover_control) by extensions ['colcon_pkg']
[-0.827s] Level 1:colcon.colcon_core.package_identification:_identify(src/slam_thesis/rover_control) by extension 'colcon_pkg'
[-0.827s] Level 1:colcon.colcon_core.package_identification:_identify(src/slam_thesis/rover_control) by extensions ['colcon_meta']
[-0.827s] Level 1:colcon.colcon_core.package_identification:_identify(src/slam_thesis/rover_control) by extension 'colcon_meta'
[-0.827s] Level 1:colcon.colcon_core.package_identification:_identify(src/slam_thesis/rover_control) by extensions ['ros']
[-0.827s] Level 1:colcon.colcon_core.package_identification:_identify(src/slam_thesis/rover_control) by extension 'ros'
[-0.811s] DEBUG:colcon.colcon_core.package_identification:Package 'src/slam_thesis/rover_control' with type 'ros.ament_python' and name 'rover_control'
[-0.799s] Level 1:colcon.colcon_core.package_identification:_identify(src/slam_thesis/rover_description) by extensions ['ignore', 'ignore_ament_install']
[-0.799s] Level 1:colcon.colcon_core.package_identification:_identify(src/slam_thesis/rover_description) by extension 'ignore'
[-0.798s] Level 1:colcon.colcon_core.package_identification:_identify(src/slam_thesis/rover_description) by extension 'ignore_ament_install'
[-0.798s] Level 1:colcon.colcon_core.package_identification:_identify(src/slam_thesis/rover_description) by extensions ['colcon_pkg']
[-0.798s] Level 1:colcon.colcon_core.package_identification:_identify(src/slam_thesis/rover_description) by extension 'colcon_pkg'
[-0.798s] Level 1:colcon.colcon_core.package_identification:_identify(src/slam_thesis/rover_description) by extensions ['colcon_meta']
[-0.798s] Level 1:colcon.colcon_core.package_identification:_identify(src/slam_thesis/rover_description) by extension 'colcon_meta'
[-0.798s] Level 1:colcon.colcon_core.package_identification:_identify(src/slam_thesis/rover_description) by extensions ['ros']
[-0.798s] Level 1:colcon.colcon_core.package_identification:_identify(src/slam_thesis/rover_description) by extension 'ros'
[-0.784s] DEBUG:colcon.colcon_core.package_identification:Package 'src/slam_thesis/rover_description' with type 'ros.ament_cmake' and name 'rover_description'
[-0.784s] Level 1:colcon.colcon_core.package_identification:_identify(src/slam_thesis/rover_sim) by extensions ['ignore', 'ignore_ament_install']
[-0.784s] Level 1:colcon.colcon_core.package_identification:_identify(src/slam_thesis/rover_sim) by extension 'ignore'
[-0.784s] Level 1:colcon.colcon_core.package_identification:_identify(src/slam_thesis/rover_sim) by extension 'ignore_ament_install'
[-0.783s] Level 1:colcon.colcon_core.package_identification:_identify(src/slam_thesis/rover_sim) by extensions ['colcon_pkg']
[-0.783s] Level 1:colcon.colcon_core.package_identification:_identify(src/slam_thesis/rover_sim) by extension 'colcon_pkg'
[-0.783s] Level 1:colcon.colcon_core.package_identification:_identify(src/slam_thesis/rover_sim) by extensions ['colcon_meta']
[-0.783s] Level 1:colcon.colcon_core.package_identification:_identify(src/slam_thesis/rover_sim) by extension 'colcon_meta'
[-0.783s] Level 1:colcon.colcon_core.package_identification:_identify(src/slam_thesis/rover_sim) by extensions ['ros']
[-0.783s] Level 1:colcon.colcon_core.package_identification:_identify(src/slam_thesis/rover_sim) by extension 'ros'
[-0.783s] DEBUG:colcon.colcon_core.package_identification:Package 'src/slam_thesis/rover_sim' with type 'ros.ament_cmake' and name 'rover_sim'
[-0.782s] Level 1:colcon.colcon_core.package_identification:_identify(src/slam_thesis/slam_launch) by extensions ['ignore', 'ignore_ament_install']
[-0.782s] Level 1:colcon.colcon_core.package_identification:_identify(src/slam_thesis/slam_launch) by extension 'ignore'
[-0.782s] Level 1:colcon.colcon_core.package_identification:_identify(src/slam_thesis/slam_launch) by extension 'ignore_ament_install'
[-0.782s] Level 1:colcon.colcon_core.package_identification:_identify(src/slam_thesis/slam_launch) by extensions ['colcon_pkg']
[-0.782s] Level 1:colcon.colcon_core.package_identification:_identify(src/slam_thesis/slam_launch) by extension 'colcon_pkg'
[-0.782s] Level 1:colcon.colcon_core.package_identification:_identify(src/slam_thesis/slam_launch) by extensions ['colcon_meta']
[-0.782s] Level 1:colcon.colcon_core.package_identification:_identify(src/slam_thesis/slam_launch) by extension 'colcon_meta'
[-0.782s] Level 1:colcon.colcon_core.package_identification:_identify(src/slam_thesis/slam_launch) by extensions ['ros']
[-0.782s] Level 1:colcon.colcon_core.package_identification:_identify(src/slam_thesis/slam_launch) by extension 'ros'
[-0.771s] DEBUG:colcon.colcon_core.package_identification:Package 'src/slam_thesis/slam_launch' with type 'ros.ament_cmake' and name 'slam_launch'
[-0.770s] Level 1:colcon.colcon_core.package_identification:_identify(src/slam_thesis/traj_exporter) by extensions ['ignore', 'ignore_ament_install']
[-0.770s] Level 1:colcon.colcon_core.package_identification:_identify(src/slam_thesis/traj_exporter) by extension 'ignore'
[-0.770s] Level 1:colcon.colcon_core.package_identification:_identify(src/slam_thesis/traj_exporter) by extension 'ignore_ament_install'
[-0.770s] Level 1:colcon.colcon_core.package_identification:_identify(src/slam_thesis/traj_exporter) by extensions ['colcon_pkg']
[-0.770s] Level 1:colcon.colcon_core.package_identification:_identify(src/slam_thesis/traj_exporter) by extension 'colcon_pkg'
[-0.770s] Level 1:colcon.colcon_core.package_identification:_identify(src/slam_thesis/traj_exporter) by extensions ['colcon_meta']
[-0.770s] Level 1:colcon.colcon_core.package_identification:_identify(src/slam_thesis/traj_exporter) by extension 'colcon_meta'
[-0.770s] Level 1:colcon.colcon_core.package_identification:_identify(src/slam_thesis/traj_exporter) by extensions ['ros']
[-0.770s] Level 1:colcon.colcon_core.package_identification:_identify(src/slam_thesis/traj_exporter) by extension 'ros'
[-0.769s] DEBUG:colcon.colcon_core.package_identification:Package 'src/slam_thesis/traj_exporter' with type 'ros.ament_python' and name 'traj_exporter'
[-0.769s] Level 1:colcon.colcon_core.package_discovery:discover_packages(recursive) using defaults
[-0.769s] Level 1:colcon.colcon_core.package_discovery:discover_packages(ignore) discover
[-0.769s] Level 1:colcon.colcon_core.package_discovery:discover_packages(ignore) using defaults
[-0.768s] Level 1:colcon.colcon_core.package_discovery:discover_packages(path) discover
[-0.768s] Level 1:colcon.colcon_core.package_discovery:discover_packages(path) using defaults
[-0.490s] INFO:colcon.colcon_core.package_selection:Skipping not selected package 'gt_publisher' in 'src/slam_thesis/gt_publisher'
[-0.490s] INFO:colcon.colcon_core.package_selection:Skipping not selected package 'rover_control' in 'src/slam_thesis/rover_control'
[-0.490s] INFO:colcon.colcon_core.package_selection:Skipping not selected package 'slam_launch' in 'src/slam_thesis/slam_launch'
[-0.490s] INFO:colcon.colcon_core.package_selection:Skipping not selected package 'traj_exporter' in 'src/slam_thesis/traj_exporter'
[-0.490s] INFO:colcon.colcon_core.package_selection:Skipping not selected package 'experiment_runner' in 'src/slam_thesis/experiment_runner'
[-0.471s] Level 1:colcon.colcon_core.package_discovery:discover_packages(prefix_path) check parameters
[-0.471s] Level 1:colcon.colcon_core.package_discovery:discover_packages(prefix_path) discover
[-0.437s] DEBUG:colcon.colcon_installed_package_information.package_discovery:Found 323 installed packages in /opt/ros/jazzy
[-0.435s] Level 1:colcon.colcon_core.package_discovery:discover_packages(prefix_path) using defaults
[-0.388s] Level 5:colcon.colcon_core.verb:set package 'rover_description' build argument 'cmake_args' from command line to 'None'
[-0.387s] Level 5:colcon.colcon_core.verb:set package 'rover_description' build argument 'cmake_target' from command line to 'None'
[-0.387s] Level 5:colcon.colcon_core.verb:set package 'rover_description' build argument 'cmake_target_skip_unavailable' from command line to 'False'
[-0.387s] Level 5:colcon.colcon_core.verb:set package 'rover_description' build argument 'cmake_clean_cache' from command line to 'False'
[-0.387s] Level 5:colcon.colcon_core.verb:set package 'rover_description' build argument 'cmake_clean_first' from command line to 'False'
[-0.387s] Level 5:colcon.colcon_core.verb:set package 'rover_description' build argument 'cmake_force_configure' from command line to 'False'
[-0.387s] Level 5:colcon.colcon_core.verb:set package 'rover_description' build argument 'ament_cmake_args' from command line to 'None'
[-0.387s] Level 5:colcon.colcon_core.verb:set package 'rover_description' build argument 'catkin_cmake_args' from command line to 'None'
[-0.387s] Level 5:colcon.colcon_core.verb:set package 'rover_description' build argument 'catkin_skip_building_tests' from command line to 'False'
[-0.387s] DEBUG:colcon.colcon_core.verb:Building package 'rover_description' with the following arguments: {'ament_cmake_args': None, 'build_base': '/home/zaminanwar/thesis/ros2_ws/build/rover_description', 'catkin_cmake_args': None, 'catkin_skip_building_tests': False, 'cmake_args': None, 'cmake_clean_cache': False, 'cmake_clean_first': False, 'cmake_force_configure': False, 'cmake_target': None, 'cmake_target_skip_unavailable': False, 'install_base': '/home/zaminanwar/thesis/ros2_ws/install/rover_description', 'merge_install': False, 'path': '/home/zaminanwar/thesis/ros2_ws/src/slam_thesis/rover_description', 'symlink_install': False, 'test_result_base': None}
[-0.387s] Level 5:colcon.colcon_core.verb:set package 'rover_sim' build argument 'cmake_args' from command line to 'None'
[-0.387s] Level 5:colcon.colcon_core.verb:set package 'rover_sim' build argument 'cmake_target' from command line to 'None'
[-0.387s] Level 5:colcon.colcon_core.verb:set package 'rover_sim' build argument 'cmake_target_skip_unavailable' from command line to 'False'
[-0.387s] Level 5:colcon.colcon_core.verb:set package 'rover_sim' build argument 'cmake_clean_cache' from command line to 'False'
[-0.387s] Level 5:colcon.colcon_core.verb:set package 'rover_sim' build argument 'cmake_clean_first' from command line to 'False'
[-0.387s] Level 5:colcon.colcon_core.verb:set package 'rover_sim' build argument 'cmake_force_configure' from command line to 'False'
[-0.387s] Level 5:colcon.colcon_core.verb:set package 'rover_sim' build argument 'ament_cmake_args' from command line to 'None'
[-0.387s] Level 5:colcon.colcon_core.verb:set package 'rover_sim' build argument 'catkin_cmake_args' from command line to 'None'
[-0.387s] Level 5:colcon.colcon_core.verb:set package 'rover_sim' build argument 'catkin_skip_building_tests' from command line to 'False'
[-0.387s] DEBUG:colcon.colcon_core.verb:Building package 'rover_sim' with the following arguments: {'ament_cmake_args': None, 'build_base': '/home/zaminanwar/thesis/ros2_ws/build/rover_sim', 'catkin_cmake_args': None, 'catkin_skip_building_tests': False, 'cmake_args': None, 'cmake_clean_cache': False, 'cmake_clean_first': False, 'cmake_force_configure': False, 'cmake_target': None, 'cmake_target_skip_unavailable': False, 'install_base': '/home/zaminanwar/thesis/ros2_ws/install/rover_sim', 'merge_install': False, 'path': '/home/zaminanwar/thesis/ros2_ws/src/slam_thesis/rover_sim', 'symlink_install': False, 'test_result_base': None}
[-0.387s] INFO:colcon.colcon_core.executor:Executing jobs using 'parallel' executor
[-0.386s] DEBUG:colcon.colcon_parallel_executor.executor.parallel:run_until_complete
[-0.386s] INFO:colcon.colcon_ros.task.ament_cmake.build:Building ROS package in '/home/zaminanwar/thesis/ros2_ws/src/slam_thesis/rover_description' with build type 'ament_cmake'
[-0.385s] INFO:colcon.colcon_cmake.task.cmake.build:Building CMake package in '/home/zaminanwar/thesis/ros2_ws/src/slam_thesis/rover_description'
[-0.349s] INFO:colcon.colcon_core.plugin_system:Skipping extension 'colcon_core.shell.bat': Not used on non-Windows systems
[-0.349s] INFO:colcon.colcon_core.shell:Skip shell extension 'powershell' for command environment: Not usable outside of PowerShell
[-0.349s] DEBUG:colcon.colcon_core.shell:Skip shell extension 'dsv' for command environment
[-0.247s] DEBUG:colcon.colcon_core.event_handler.log_command:Invoking command in '/home/zaminanwar/thesis/ros2_ws/build/rover_description': CMAKE_PREFIX_PATH=${CMAKE_PREFIX_PATH}:/opt/ros/jazzy /usr/bin/cmake --build /home/zaminanwar/thesis/ros2_ws/build/rover_description -- -j12 -l12
[1.218s] DEBUG:colcon.colcon_core.event_handler.log_command:Invoked command in '/home/zaminanwar/thesis/ros2_ws/build/rover_description' returned '0': CMAKE_PREFIX_PATH=${CMAKE_PREFIX_PATH}:/opt/ros/jazzy /usr/bin/cmake --build /home/zaminanwar/thesis/ros2_ws/build/rover_description -- -j12 -l12
[1.247s] DEBUG:colcon.colcon_core.event_handler.log_command:Invoking command in '/home/zaminanwar/thesis/ros2_ws/build/rover_description': CMAKE_PREFIX_PATH=${CMAKE_PREFIX_PATH}:/opt/ros/jazzy /usr/bin/cmake --install /home/zaminanwar/thesis/ros2_ws/build/rover_description
[1.348s] Level 1:colcon.colcon_core.environment:create_environment_scripts_only(rover_description)
[1.348s] DEBUG:colcon.colcon_core.event_handler.log_command:Invoked command in '/home/zaminanwar/thesis/ros2_ws/build/rover_description' returned '0': CMAKE_PREFIX_PATH=${CMAKE_PREFIX_PATH}:/opt/ros/jazzy /usr/bin/cmake --install /home/zaminanwar/thesis/ros2_ws/build/rover_description
[1.441s] Level 1:colcon.colcon_core.environment:checking '/home/zaminanwar/thesis/ros2_ws/install/rover_description' for CMake module files
[1.455s] Level 1:colcon.colcon_core.environment:checking '/home/zaminanwar/thesis/ros2_ws/install/rover_description' for CMake config files
[1.468s] Level 1:colcon.colcon_core.shell:create_environment_hook('rover_description', 'cmake_prefix_path')
[1.469s] INFO:colcon.colcon_core.shell:Creating environment hook '/home/zaminanwar/thesis/ros2_ws/install/rover_description/share/rover_description/hook/cmake_prefix_path.ps1'
[1.470s] INFO:colcon.colcon_core.shell:Creating environment descriptor '/home/zaminanwar/thesis/ros2_ws/install/rover_description/share/rover_description/hook/cmake_prefix_path.dsv'
[1.478s] INFO:colcon.colcon_core.shell:Creating environment hook '/home/zaminanwar/thesis/ros2_ws/install/rover_description/share/rover_description/hook/cmake_prefix_path.sh'
[1.481s] Level 1:colcon.colcon_core.environment:checking '/home/zaminanwar/thesis/ros2_ws/install/rover_description/bin'
[1.481s] Level 1:colcon.colcon_core.environment:checking '/home/zaminanwar/thesis/ros2_ws/install/rover_description/lib/pkgconfig/rover_description.pc'
[1.481s] Level 1:colcon.colcon_core.environment:checking '/home/zaminanwar/thesis/ros2_ws/install/rover_description/lib/python3.12/site-packages'
[1.481s] Level 1:colcon.colcon_core.environment:checking '/home/zaminanwar/thesis/ros2_ws/install/rover_description/bin'
[1.482s] INFO:colcon.colcon_core.shell:Creating package script '/home/zaminanwar/thesis/ros2_ws/install/rover_description/share/rover_description/package.ps1'
[1.483s] INFO:colcon.colcon_core.shell:Creating package descriptor '/home/zaminanwar/thesis/ros2_ws/install/rover_description/share/rover_description/package.dsv'
[1.484s] INFO:colcon.colcon_core.shell:Creating package script '/home/zaminanwar/thesis/ros2_ws/install/rover_description/share/rover_description/package.sh'
[1.486s] INFO:colcon.colcon_core.shell:Creating package script '/home/zaminanwar/thesis/ros2_ws/install/rover_description/share/rover_description/package.bash'
[1.489s] INFO:colcon.colcon_core.shell:Creating package script '/home/zaminanwar/thesis/ros2_ws/install/rover_description/share/rover_description/package.zsh'
[1.495s] Level 1:colcon.colcon_core.environment:create_file_with_runtime_dependencies(/home/zaminanwar/thesis/ros2_ws/install/rover_description/share/colcon-core/packages/rover_description)
[1.496s] Level 1:colcon.colcon_core.environment:create_environment_scripts_only(rover_description)
[1.496s] Level 1:colcon.colcon_core.environment:checking '/home/zaminanwar/thesis/ros2_ws/install/rover_description' for CMake module files
[1.496s] Level 1:colcon.colcon_core.environment:checking '/home/zaminanwar/thesis/ros2_ws/install/rover_description' for CMake config files
[1.497s] Level 1:colcon.colcon_core.shell:create_environment_hook('rover_description', 'cmake_prefix_path')
[1.497s] INFO:colcon.colcon_core.shell:Creating environment hook '/home/zaminanwar/thesis/ros2_ws/install/rover_description/share/rover_description/hook/cmake_prefix_path.ps1'
[1.497s] INFO:colcon.colcon_core.shell:Creating environment descriptor '/home/zaminanwar/thesis/ros2_ws/install/rover_description/share/rover_description/hook/cmake_prefix_path.dsv'
[1.497s] INFO:colcon.colcon_core.shell:Creating environment hook '/home/zaminanwar/thesis/ros2_ws/install/rover_description/share/rover_description/hook/cmake_prefix_path.sh'
[1.498s] Level 1:colcon.colcon_core.environment:checking '/home/zaminanwar/thesis/ros2_ws/install/rover_description/bin'
[1.498s] Level 1:colcon.colcon_core.environment:checking '/home/zaminanwar/thesis/ros2_ws/install/rover_description/lib/pkgconfig/rover_description.pc'
[1.498s] Level 1:colcon.colcon_core.environment:checking '/home/zaminanwar/thesis/ros2_ws/install/rover_description/lib/python3.12/site-packages'
[1.498s] Level 1:colcon.colcon_core.environment:checking '/home/zaminanwar/thesis/ros2_ws/install/rover_description/bin'
[1.498s] INFO:colcon.colcon_core.shell:Creating package script '/home/zaminanwar/thesis/ros2_ws/install/rover_description/share/rover_description/package.ps1'
[1.499s] INFO:colcon.colcon_core.shell:Creating package descriptor '/home/zaminanwar/thesis/ros2_ws/install/rover_description/share/rover_description/package.dsv'
[1.499s] INFO:colcon.colcon_core.shell:Creating package script '/home/zaminanwar/thesis/ros2_ws/install/rover_description/share/rover_description/package.sh'
[1.499s] INFO:colcon.colcon_core.shell:Creating package script '/home/zaminanwar/thesis/ros2_ws/install/rover_description/share/rover_description/package.bash'
[1.500s] INFO:colcon.colcon_core.shell:Creating package script '/home/zaminanwar/thesis/ros2_ws/install/rover_description/share/rover_description/package.zsh'
[1.500s] Level 1:colcon.colcon_core.environment:create_file_with_runtime_dependencies(/home/zaminanwar/thesis/ros2_ws/install/rover_description/share/colcon-core/packages/rover_description)
[1.500s] INFO:colcon.colcon_ros.task.ament_cmake.build:Building ROS package in '/home/zaminanwar/thesis/ros2_ws/src/slam_thesis/rover_sim' with build type 'ament_cmake'
[1.500s] INFO:colcon.colcon_cmake.task.cmake.build:Building CMake package in '/home/zaminanwar/thesis/ros2_ws/src/slam_thesis/rover_sim'
[1.501s] INFO:colcon.colcon_core.shell:Skip shell extension 'powershell' for command environment: Not usable outside of PowerShell
[1.501s] DEBUG:colcon.colcon_core.shell:Skip shell extension 'dsv' for command environment
[1.682s] DEBUG:colcon.colcon_core.event_handler.log_command:Invoking command in '/home/zaminanwar/thesis/ros2_ws/build/rover_sim': AMENT_PREFIX_PATH=/home/zaminanwar/thesis/ros2_ws/install/rover_description:${AMENT_PREFIX_PATH} CMAKE_PREFIX_PATH=/home/zaminanwar/thesis/ros2_ws/install/rover_description:/opt/ros/jazzy/opt/gz_sim_vendor:/opt/ros/jazzy/opt/gz_sensors_vendor:/opt/ros/jazzy/opt/gz_physics_vendor:/opt/ros/jazzy/opt/sdformat_vendor:/opt/ros/jazzy/opt/gz_gui_vendor:/opt/ros/jazzy/opt/gz_transport_vendor:/opt/ros/jazzy/opt/gz_rendering_vendor:/opt/ros/jazzy/opt/gz_plugin_vendor:/opt/ros/jazzy/opt/gz_fuel_tools_vendor:/opt/ros/jazzy/opt/gz_msgs_vendor:/opt/ros/jazzy/opt/gz_common_vendor:/opt/ros/jazzy/opt/gz_math_vendor:/opt/ros/jazzy/opt/gz_utils_vendor:/opt/ros/jazzy/opt/gz_tools_vendor:/opt/ros/jazzy/opt/gz_ogre_next_vendor:/opt/ros/jazzy/opt/gz_dartsim_vendor:/opt/ros/jazzy/opt/gz_cmake_vendor:/opt/ros/jazzy /usr/bin/cmake --build /home/zaminanwar/thesis/ros2_ws/build/rover_sim -- -j12 -l12
[2.974s] DEBUG:colcon.colcon_core.event_handler.log_command:Invoked command in '/home/zaminanwar/thesis/ros2_ws/build/rover_sim' returned '0': AMENT_PREFIX_PATH=/home/zaminanwar/thesis/ros2_ws/install/rover_description:${AMENT_PREFIX_PATH} CMAKE_PREFIX_PATH=/home/zaminanwar/thesis/ros2_ws/install/rover_description:/opt/ros/jazzy/opt/gz_sim_vendor:/opt/ros/jazzy/opt/gz_sensors_vendor:/opt/ros/jazzy/opt/gz_physics_vendor:/opt/ros/jazzy/opt/sdformat_vendor:/opt/ros/jazzy/opt/gz_gui_vendor:/opt/ros/jazzy/opt/gz_transport_vendor:/opt/ros/jazzy/opt/gz_rendering_vendor:/opt/ros/jazzy/opt/gz_plugin_vendor:/opt/ros/jazzy/opt/gz_fuel_tools_vendor:/opt/ros/jazzy/opt/gz_msgs_vendor:/opt/ros/jazzy/opt/gz_common_vendor:/opt/ros/jazzy/opt/gz_math_vendor:/opt/ros/jazzy/opt/gz_utils_vendor:/opt/ros/jazzy/opt/gz_tools_vendor:/opt/ros/jazzy/opt/gz_ogre_next_vendor:/opt/ros/jazzy/opt/gz_dartsim_vendor:/opt/ros/jazzy/opt/gz_cmake_vendor:/opt/ros/jazzy /usr/bin/cmake --build /home/zaminanwar/thesis/ros2_ws/build/rover_sim -- -j12 -l12
[2.976s] DEBUG:colcon.colcon_core.event_handler.log_command:Invoking command in '/home/zaminanwar/thesis/ros2_ws/build/rover_sim': AMENT_PREFIX_PATH=/home/zaminanwar/thesis/ros2_ws/install/rover_description:${AMENT_PREFIX_PATH} CMAKE_PREFIX_PATH=/home/zaminanwar/thesis/ros2_ws/install/rover_description:/opt/ros/jazzy/opt/gz_sim_vendor:/opt/ros/jazzy/opt/gz_sensors_vendor:/opt/ros/jazzy/opt/gz_physics_vendor:/opt/ros/jazzy/opt/sdformat_vendor:/opt/ros/jazzy/opt/gz_gui_vendor:/opt/ros/jazzy/opt/gz_transport_vendor:/opt/ros/jazzy/opt/gz_rendering_vendor:/opt/ros/jazzy/opt/gz_plugin_vendor:/opt/ros/jazzy/opt/gz_fuel_tools_vendor:/opt/ros/jazzy/opt/gz_msgs_vendor:/opt/ros/jazzy/opt/gz_common_vendor:/opt/ros/jazzy/opt/gz_math_vendor:/opt/ros/jazzy/opt/gz_utils_vendor:/opt/ros/jazzy/opt/gz_tools_vendor:/opt/ros/jazzy/opt/gz_ogre_next_vendor:/opt/ros/jazzy/opt/gz_dartsim_vendor:/opt/ros/jazzy/opt/gz_cmake_vendor:/opt/ros/jazzy /usr/bin/cmake --install /home/zaminanwar/thesis/ros2_ws/build/rover_sim
[3.033s] Level 1:colcon.colcon_core.environment:create_environment_scripts_only(rover_sim)
[3.034s] Level 1:colcon.colcon_core.environment:checking '/home/zaminanwar/thesis/ros2_ws/install/rover_sim' for CMake module files
[3.034s] DEBUG:colcon.colcon_core.event_handler.log_command:Invoked command in '/home/zaminanwar/thesis/ros2_ws/build/rover_sim' returned '0': AMENT_PREFIX_PATH=/home/zaminanwar/thesis/ros2_ws/install/rover_description:${AMENT_PREFIX_PATH} CMAKE_PREFIX_PATH=/home/zaminanwar/thesis/ros2_ws/install/rover_description:/opt/ros/jazzy/opt/gz_sim_vendor:/opt/ros/jazzy/opt/gz_sensors_vendor:/opt/ros/jazzy/opt/gz_physics_vendor:/opt/ros/jazzy/opt/sdformat_vendor:/opt/ros/jazzy/opt/gz_gui_vendor:/opt/ros/jazzy/opt/gz_transport_vendor:/opt/ros/jazzy/opt/gz_rendering_vendor:/opt/ros/jazzy/opt/gz_plugin_vendor:/opt/ros/jazzy/opt/gz_fuel_tools_vendor:/opt/ros/jazzy/opt/gz_msgs_vendor:/opt/ros/jazzy/opt/gz_common_vendor:/opt/ros/jazzy/opt/gz_math_vendor:/opt/ros/jazzy/opt/gz_utils_vendor:/opt/ros/jazzy/opt/gz_tools_vendor:/opt/ros/jazzy/opt/gz_ogre_next_vendor:/opt/ros/jazzy/opt/gz_dartsim_vendor:/opt/ros/jazzy/opt/gz_cmake_vendor:/opt/ros/jazzy /usr/bin/cmake --install /home/zaminanwar/thesis/ros2_ws/build/rover_sim
[3.035s] Level 1:colcon.colcon_core.environment:checking '/home/zaminanwar/thesis/ros2_ws/install/rover_sim' for CMake config files
[3.039s] Level 1:colcon.colcon_core.shell:create_environment_hook('rover_sim', 'cmake_prefix_path')
[3.039s] INFO:colcon.colcon_core.shell:Creating environment hook '/home/zaminanwar/thesis/ros2_ws/install/rover_sim/share/rover_sim/hook/cmake_prefix_path.ps1'
[3.040s] INFO:colcon.colcon_core.shell:Creating environment descriptor '/home/zaminanwar/thesis/ros2_ws/install/rover_sim/share/rover_sim/hook/cmake_prefix_path.dsv'
[3.040s] INFO:colcon.colcon_core.shell:Creating environment hook '/home/zaminanwar/thesis/ros2_ws/install/rover_sim/share/rover_sim/hook/cmake_prefix_path.sh'
[3.040s] Level 1:colcon.colcon_core.environment:checking '/home/zaminanwar/thesis/ros2_ws/install/rover_sim/bin'
[3.040s] Level 1:colcon.colcon_core.environment:checking '/home/zaminanwar/thesis/ros2_ws/install/rover_sim/lib/pkgconfig/rover_sim.pc'
[3.041s] Level 1:colcon.colcon_core.environment:checking '/home/zaminanwar/thesis/ros2_ws/install/rover_sim/lib/python3.12/site-packages'
[3.041s] Level 1:colcon.colcon_core.environment:checking '/home/zaminanwar/thesis/ros2_ws/install/rover_sim/bin'
[3.041s] INFO:colcon.colcon_core.shell:Creating package script '/home/zaminanwar/thesis/ros2_ws/install/rover_sim/share/rover_sim/package.ps1'
[3.041s] INFO:colcon.colcon_core.shell:Creating package descriptor '/home/zaminanwar/thesis/ros2_ws/install/rover_sim/share/rover_sim/package.dsv'
[3.042s] INFO:colcon.colcon_core.shell:Creating package script '/home/zaminanwar/thesis/ros2_ws/install/rover_sim/share/rover_sim/package.sh'
[3.042s] INFO:colcon.colcon_core.shell:Creating package script '/home/zaminanwar/thesis/ros2_ws/install/rover_sim/share/rover_sim/package.bash'
[3.042s] INFO:colcon.colcon_core.shell:Creating package script '/home/zaminanwar/thesis/ros2_ws/install/rover_sim/share/rover_sim/package.zsh'
[3.042s] Level 1:colcon.colcon_core.environment:create_file_with_runtime_dependencies(/home/zaminanwar/thesis/ros2_ws/install/rover_sim/share/colcon-core/packages/rover_sim)
[3.043s] Level 1:colcon.colcon_core.environment:create_environment_scripts_only(rover_sim)
[3.043s] Level 1:colcon.colcon_core.environment:checking '/home/zaminanwar/thesis/ros2_ws/install/rover_sim' for CMake module files
[3.043s] Level 1:colcon.colcon_core.environment:checking '/home/zaminanwar/thesis/ros2_ws/install/rover_sim' for CMake config files
[3.043s] Level 1:colcon.colcon_core.shell:create_environment_hook('rover_sim', 'cmake_prefix_path')
[3.044s] INFO:colcon.colcon_core.shell:Creating environment hook '/home/zaminanwar/thesis/ros2_ws/install/rover_sim/share/rover_sim/hook/cmake_prefix_path.ps1'
[3.044s] INFO:colcon.colcon_core.shell:Creating environment descriptor '/home/zaminanwar/thesis/ros2_ws/install/rover_sim/share/rover_sim/hook/cmake_prefix_path.dsv'
[3.044s] INFO:colcon.colcon_core.shell:Creating environment hook '/home/zaminanwar/thesis/ros2_ws/install/rover_sim/share/rover_sim/hook/cmake_prefix_path.sh'
[3.044s] Level 1:colcon.colcon_core.environment:checking '/home/zaminanwar/thesis/ros2_ws/install/rover_sim/bin'
[3.044s] Level 1:colcon.colcon_core.environment:checking '/home/zaminanwar/thesis/ros2_ws/install/rover_sim/lib/pkgconfig/rover_sim.pc'
[3.045s] Level 1:colcon.colcon_core.environment:checking '/home/zaminanwar/thesis/ros2_ws/install/rover_sim/lib/python3.12/site-packages'
[3.045s] Level 1:colcon.colcon_core.environment:checking '/home/zaminanwar/thesis/ros2_ws/install/rover_sim/bin'
[3.045s] INFO:colcon.colcon_core.shell:Creating package script '/home/zaminanwar/thesis/ros2_ws/install/rover_sim/share/rover_sim/package.ps1'
[3.045s] INFO:colcon.colcon_core.shell:Creating package descriptor '/home/zaminanwar/thesis/ros2_ws/install/rover_sim/share/rover_sim/package.dsv'
[3.046s] INFO:colcon.colcon_core.shell:Creating package script '/home/zaminanwar/thesis/ros2_ws/install/rover_sim/share/rover_sim/package.sh'
[3.046s] INFO:colcon.colcon_core.shell:Creating package script '/home/zaminanwar/thesis/ros2_ws/install/rover_sim/share/rover_sim/package.bash'
[3.046s] INFO:colcon.colcon_core.shell:Creating package script '/home/zaminanwar/thesis/ros2_ws/install/rover_sim/share/rover_sim/package.zsh'
[3.048s] Level 1:colcon.colcon_core.environment:create_file_with_runtime_dependencies(/home/zaminanwar/thesis/ros2_ws/install/rover_sim/share/colcon-core/packages/rover_sim)
[3.051s] DEBUG:colcon.colcon_parallel_executor.executor.parallel:closing loop
[3.051s] DEBUG:colcon.colcon_parallel_executor.executor.parallel:loop closed
[3.051s] DEBUG:colcon.colcon_parallel_executor.executor.parallel:run_until_complete finished with '0'
[3.051s] DEBUG:colcon.colcon_core.event_reactor:joining thread
[3.217s] INFO:colcon.colcon_core.plugin_system:Skipping extension 'colcon_notification.desktop_notification.notify_send': Could not find 'notify-send'
[3.217s] INFO:colcon.colcon_core.plugin_system:Skipping extension 'colcon_notification.desktop_notification.terminal_notifier': Not used on non-Darwin systems
[3.217s] INFO:colcon.colcon_core.plugin_system:Skipping extension 'colcon_notification.desktop_notification.win32': Not used on non-Windows systems
[3.217s] INFO:colcon.colcon_notification.desktop_notification:Sending desktop notification using 'notify2'
[3.246s] DEBUG:colcon.colcon_notification.desktop_notification.notify2:Failed to initialize notify2: org.freedesktop.DBus.Error.ServiceUnknown: The name org.freedesktop.Notifications was not provided by any .service files
[3.246s] DEBUG:colcon.colcon_core.event_reactor:joined thread
[3.246s] INFO:colcon.colcon_core.shell:Creating prefix script '/home/zaminanwar/thesis/ros2_ws/install/local_setup.ps1'
[3.254s] INFO:colcon.colcon_core.shell:Creating prefix util module '/home/zaminanwar/thesis/ros2_ws/install/_local_setup_util_ps1.py'
[3.264s] INFO:colcon.colcon_core.shell:Creating prefix chain script '/home/zaminanwar/thesis/ros2_ws/install/setup.ps1'
[3.266s] INFO:colcon.colcon_core.shell:Creating prefix script '/home/zaminanwar/thesis/ros2_ws/install/local_setup.sh'
[3.297s] INFO:colcon.colcon_core.shell:Creating prefix util module '/home/zaminanwar/thesis/ros2_ws/install/_local_setup_util_sh.py'
[3.297s] INFO:colcon.colcon_core.shell:Creating prefix chain script '/home/zaminanwar/thesis/ros2_ws/install/setup.sh'
[3.299s] INFO:colcon.colcon_core.shell:Creating prefix script '/home/zaminanwar/thesis/ros2_ws/install/local_setup.bash'
[3.306s] INFO:colcon.colcon_core.shell:Creating prefix chain script '/home/zaminanwar/thesis/ros2_ws/install/setup.bash'
[3.308s] INFO:colcon.colcon_core.shell:Creating prefix script '/home/zaminanwar/thesis/ros2_ws/install/local_setup.zsh'
[3.335s] INFO:colcon.colcon_core.shell:Creating prefix chain script '/home/zaminanwar/thesis/ros2_ws/install/setup.zsh'
