[10.200s] Invoking command in '/home/zaminanwar/thesis/ros2_ws/src/slam_thesis/rover_control': PYTHONPATH=/home/zaminanwar/thesis/ros2_ws/build/rover_control/prefix_override:/usr/lib/python3/dist-packages/colcon_core/task/python/colcon_distutils_commands:/home/zaminanwar/thesis/ros2_ws/install/rover_control/lib/python3.12/site-packages:${PYTHONPATH} /usr/bin/python3 -W ignore:setup.py install is deprecated -W ignore:easy_install command is deprecated setup.py egg_info --egg-base ../../../build/rover_control build --build-base /home/zaminanwar/thesis/ros2_ws/build/rover_control/build install --record /home/zaminanwar/thesis/ros2_ws/build/rover_control/install.log --single-version-externally-managed install_data
[10.419s] running egg_info
[10.434s] writing ../../../build/rover_control/rover_control.egg-info/PKG-INFO
[10.435s] writing dependency_links to ../../../build/rover_control/rover_control.egg-info/dependency_links.txt
[10.435s] writing entry points to ../../../build/rover_control/rover_control.egg-info/entry_points.txt
[10.435s] writing requirements to ../../../build/rover_control/rover_control.egg-info/requires.txt
[10.435s] writing top-level names to ../../../build/rover_control/rover_control.egg-info/top_level.txt
[10.467s] reading manifest file '../../../build/rover_control/rover_control.egg-info/SOURCES.txt'
[10.512s] writing manifest file '../../../build/rover_control/rover_control.egg-info/SOURCES.txt'
[10.512s] running build
[10.512s] running build_py
[10.512s] running install
[10.517s] running install_lib
[10.536s] running install_data
[10.536s] running install_egg_info
[10.553s] removing '/home/zaminanwar/thesis/ros2_ws/install/rover_control/lib/python3.12/site-packages/rover_control-0.1.0-py3.12.egg-info' (and everything under it)
[10.554s] Copying ../../../build/rover_control/rover_control.egg-info to /home/zaminanwar/thesis/ros2_ws/install/rover_control/lib/python3.12/site-packages/rover_control-0.1.0-py3.12.egg-info
[10.561s] running install_scripts
[10.676s] Installing trajectory_follower script to /home/zaminanwar/thesis/ros2_ws/install/rover_control/lib/rover_control
[10.677s] writing list of installed files to '/home/zaminanwar/thesis/ros2_ws/build/rover_control/install.log'
[10.699s] Invoked command in '/home/zaminanwar/thesis/ros2_ws/src/slam_thesis/rover_control' returned '0': PYTHONPATH=/home/zaminanwar/thesis/ros2_ws/build/rover_control/prefix_override:/usr/lib/python3/dist-packages/colcon_core/task/python/colcon_distutils_commands:/home/zaminanwar/thesis/ros2_ws/install/rover_control/lib/python3.12/site-packages:${PYTHONPATH} /usr/bin/python3 -W ignore:setup.py install is deprecated -W ignore:easy_install command is deprecated setup.py egg_info --egg-base ../../../build/rover_control build --build-base /home/zaminanwar/thesis/ros2_ws/build/rover_control/build install --record /home/zaminanwar/thesis/ros2_ws/build/rover_control/install.log --single-version-externally-managed install_data
