[0.769s] Invoking command in '/home/zaminanwar/thesis/ros2_ws/src/slam_thesis/gt_publisher': PYTHONPATH=/home/zaminanwar/thesis/ros2_ws/build/gt_publisher/prefix_override:/usr/lib/python3/dist-packages/colcon_core/task/python/colcon_distutils_commands:/home/zaminanwar/thesis/ros2_ws/install/gt_publisher/lib/python3.12/site-packages:${PYTHONPATH} /usr/bin/python3 -W ignore:setup.py install is deprecated -W ignore:easy_install command is deprecated setup.py egg_info --egg-base ../../../build/gt_publisher build --build-base /home/zaminanwar/thesis/ros2_ws/build/gt_publisher/build install --record /home/zaminanwar/thesis/ros2_ws/build/gt_publisher/install.log --single-version-externally-managed install_data
[1.000s] running egg_info
[1.017s] writing ../../../build/gt_publisher/gt_publisher.egg-info/PKG-INFO
[1.017s] writing dependency_links to ../../../build/gt_publisher/gt_publisher.egg-info/dependency_links.txt
[1.018s] writing entry points to ../../../build/gt_publisher/gt_publisher.egg-info/entry_points.txt
[1.018s] writing requirements to ../../../build/gt_publisher/gt_publisher.egg-info/requires.txt
[1.018s] writing top-level names to ../../../build/gt_publisher/gt_publisher.egg-info/top_level.txt
[1.051s] reading manifest file '../../../build/gt_publisher/gt_publisher.egg-info/SOURCES.txt'
[1.076s] writing manifest file '../../../build/gt_publisher/gt_publisher.egg-info/SOURCES.txt'
[1.077s] running build
[1.077s] running build_py
[1.077s] copying gt_publisher/gt_publisher_node.py -> /home/zaminanwar/thesis/ros2_ws/build/gt_publisher/build/lib/gt_publisher
[1.086s] running install
[1.091s] running install_lib
[1.109s] copying /home/zaminanwar/thesis/ros2_ws/build/gt_publisher/build/lib/gt_publisher/gt_publisher_node.py -> /home/zaminanwar/thesis/ros2_ws/install/gt_publisher/lib/python3.12/site-packages/gt_publisher
[1.110s] byte-compiling /home/zaminanwar/thesis/ros2_ws/install/gt_publisher/lib/python3.12/site-packages/gt_publisher/gt_publisher_node.py to gt_publisher_node.cpython-312.pyc
[1.111s] running install_data
[1.111s] copying package.xml -> /home/zaminanwar/thesis/ros2_ws/install/gt_publisher/share/gt_publisher
[1.111s] copying launch/gt_publisher.launch.py -> /home/zaminanwar/thesis/ros2_ws/install/gt_publisher/share/gt_publisher/launch
[1.111s] running install_egg_info
[1.129s] removing '/home/zaminanwar/thesis/ros2_ws/install/gt_publisher/lib/python3.12/site-packages/gt_publisher-0.1.0-py3.12.egg-info' (and everything under it)
[1.129s] Copying ../../../build/gt_publisher/gt_publisher.egg-info to /home/zaminanwar/thesis/ros2_ws/install/gt_publisher/lib/python3.12/site-packages/gt_publisher-0.1.0-py3.12.egg-info
[1.137s] running install_scripts
[1.260s] Installing gt_publisher script to /home/zaminanwar/thesis/ros2_ws/install/gt_publisher/lib/gt_publisher
[1.261s] writing list of installed files to '/home/zaminanwar/thesis/ros2_ws/build/gt_publisher/install.log'
[1.284s] Invoked command in '/home/zaminanwar/thesis/ros2_ws/src/slam_thesis/gt_publisher' returned '0': PYTHONPATH=/home/zaminanwar/thesis/ros2_ws/build/gt_publisher/prefix_override:/usr/lib/python3/dist-packages/colcon_core/task/python/colcon_distutils_commands:/home/zaminanwar/thesis/ros2_ws/install/gt_publisher/lib/python3.12/site-packages:${PYTHONPATH} /usr/bin/python3 -W ignore:setup.py install is deprecated -W ignore:easy_install command is deprecated setup.py egg_info --egg-base ../../../build/gt_publisher build --build-base /home/zaminanwar/thesis/ros2_ws/build/gt_publisher/build install --record /home/zaminanwar/thesis/ros2_ws/build/gt_publisher/install.log --single-version-externally-managed install_data
