[0.790s] DEBUG:colcon:Command line arguments: ['/usr/bin/colcon', 'build', '--packages-select', 'rover_description', 'rover_sim']
[0.790s] DEBUG:colcon:Parsed command line arguments: Namespace(log_base=None, log_level=None, verb_name='build', build_base='build', install_base='install', merge_install=False, symlink_install=False, test_result_base=None, continue_on_error=False, executor='parallel', parallel_workers=12, event_handlers=None, ignore_user_meta=False, metas=['./colcon.meta'], base_paths=['.'], packages_ignore=None, packages_ignore_regex=None, paths=None, packages_up_to=None, packages_up_to_regex=None, packages_above=None, packages_above_and_dependencies=None, packages_above_depth=None, packages_select_by_dep=None, packages_skip_by_dep=None, packages_skip_up_to=None, packages_select_build_failed=False, packages_skip_build_finished=False, packages_select_test_failures=False, packages_skip_test_passed=False, packages_select=['rover_description', 'rover_sim'], packages_skip=None, packages_select_regex=None, packages_skip_regex=None, packages_start=None, packages_end=None, allow_overriding=[], cmake_args=None, cmake_target=None, cmake_target_skip_unavailable=False, cmake_clean_cache=False, cmake_clean_first=False, cmake_force_configure=False, ament_cmake_args=None, catkin_cmake_args=None, catkin_skip_building_tests=False, verb_parser=<colcon_defaults.argument_parser.defaults.DefaultArgumentsDecorator object at 0x731786690890>, verb_extension=<colcon_core.verb.build.BuildVerb object at 0x731786705c10>, main=<bound method BuildVerb.main of <colcon_core.verb.build.BuildVerb object at 0x731786705c10>>)
[1.246s] Level 1:colcon.colcon_core.package_discovery:discover_packages(colcon_meta) check parameters
[1.246s] Level 1:colcon.colcon_core.package_discovery:discover_packages(recursive) check parameters
[1.246s] Level 1:colcon.colcon_core.package_discovery:discover_packages(ignore) check parameters
[1.246s] Level 1:colcon.colcon_core.package_discovery:discover_packages(path) check parameters
[1.246s] Level 1:colcon.colcon_core.package_discovery:discover_packages(colcon_meta) discover
[1.246s] Level 1:colcon.colcon_core.package_discovery:discover_packages(recursive) discover
[1.246s] INFO:colcon.colcon_core.package_discovery:Crawling recursively for packages in '/home/zaminanwar/thesis/ros2_ws'
[1.253s] Level 1:colcon.colcon_core.package_identification:_identify(.) by extensions ['ignore', 'ignore_ament_install']
[1.253s] Level 1:colcon.colcon_core.package_identification:_identify(.) by extension 'ignore'
[1.253s] Level 1:colcon.colcon_core.package_identification:_identify(.) by extension 'ignore_ament_install'
[1.253s] Level 1:colcon.colcon_core.package_identification:_identify(.) by extensions ['colcon_pkg']
[1.253s] Level 1:colcon.colcon_core.package_identification:_identify(.) by extension 'colcon_pkg'
[1.253s] Level 1:colcon.colcon_core.package_identification:_identify(.) by extensions ['colcon_meta']
[1.253s] Level 1:colcon.colcon_core.package_identification:_identify(.) by extension 'colcon_meta'
[1.253s] Level 1:colcon.colcon_core.package_identification:_identify(.) by extensions ['ros']
[1.253s] Level 1:colcon.colcon_core.package_identification:_identify(.) by extension 'ros'
[1.283s] Level 1:colcon.colcon_core.package_identification:_identify(.) by extensions ['cmake', 'python']
[1.283s] Level 1:colcon.colcon_core.package_identification:_identify(.) by extension 'cmake'
[1.283s] Level 1:colcon.colcon_core.package_identification:_identify(.) by extension 'python'
[1.283s] Level 1:colcon.colcon_core.package_identification:_identify(.) by extensions ['python_setup_py']
[1.283s] Level 1:colcon.colcon_core.package_identification:_identify(.) by extension 'python_setup_py'
[1.284s] Level 1:colcon.colcon_core.package_identification:_identify(bags) by extensions ['ignore', 'ignore_ament_install']
[1.284s] Level 1:colcon.colcon_core.package_identification:_identify(bags) by extension 'ignore'
[1.284s] Level 1:colcon.colcon_core.package_identification:_identify(bags) by extension 'ignore_ament_install'
[1.284s] Level 1:colcon.colcon_core.package_identification:_identify(bags) by extensions ['colcon_pkg']
[1.284s] Level 1:colcon.colcon_core.package_identification:_identify(bags) by extension 'colcon_pkg'
[1.284s] Level 1:colcon.colcon_core.package_identification:_identify(bags) by extensions ['colcon_meta']
[1.284s] Level 1:colcon.colcon_core.package_identification:_identify(bags) by extension 'colcon_meta'
[1.284s] Level 1:colcon.colcon_core.package_identification:_identify(bags) by extensions ['ros']
[1.284s] Level 1:colcon.colcon_core.package_identification:_identify(bags) by extension 'ros'
[1.284s] Level 1:colcon.colcon_core.package_identification:_identify(bags) by extensions ['cmake', 'python']
[1.284s] Level 1:colcon.colcon_core.package_identification:_identify(bags) by extension 'cmake'
[1.284s] Level 1:colcon.colcon_core.package_identification:_identify(bags) by extension 'python'
[1.284s] Level 1:colcon.colcon_core.package_identification:_identify(bags) by extensions ['python_setup_py']
[1.284s] Level 1:colcon.colcon_core.package_identification:_identify(bags) by extension 'python_setup_py'
[1.305s] Level 1:colcon.colcon_core.package_identification:_identify(build) by extensions ['ignore', 'ignore_ament_install']
[1.306s] Level 1:colcon.colcon_core.package_identification:_identify(build) by extension 'ignore'
[1.306s] Level 1:colcon.colcon_core.package_identification:_identify(build) ignored
[1.306s] Level 1:colcon.colcon_core.package_identification:_identify(install) by extensions ['ignore', 'ignore_ament_install']
[1.306s] Level 1:colcon.colcon_core.package_identification:_identify(install) by extension 'ignore'
[1.306s] Level 1:colcon.colcon_core.package_identification:_identify(install) ignored
[1.306s] Level 1:colcon.colcon_core.package_identification:_identify(log) by extensions ['ignore', 'ignore_ament_install']
[1.306s] Level 1:colcon.colcon_core.package_identification:_identify(log) by extension 'ignore'
[1.306s] Level 1:colcon.colcon_core.package_identification:_identify(log) ignored
[1.308s] Level 1:colcon.colcon_core.package_identification:_identify(results) by extensions ['ignore', 'ignore_ament_install']
[1.308s] Level 1:colcon.colcon_core.package_identification:_identify(results) by extension 'ignore'
[1.308s] Level 1:colcon.colcon_core.package_identification:_identify(results) by extension 'ignore_ament_install'
[1.308s] Level 1:colcon.colcon_core.package_identification:_identify(results) by extensions ['colcon_pkg']
[1.308s] Level 1:colcon.colcon_core.package_identification:_identify(results) by extension 'colcon_pkg'
[1.308s] Level 1:colcon.colcon_core.package_identification:_identify(results) by extensions ['colcon_meta']
[1.308s] Level 1:colcon.colcon_core.package_identification:_identify(results) by extension 'colcon_meta'
[1.308s] Level 1:colcon.colcon_core.package_identification:_identify(results) by extensions ['ros']
[1.308s] Level 1:colcon.colcon_core.package_identification:_identify(results) by extension 'ros'
[1.308s] Level 1:colcon.colcon_core.package_identification:_identify(results) by extensions ['cmake', 'python']
[1.308s] Level 1:colcon.colcon_core.package_identification:_identify(results) by extension 'cmake'
[1.308s] Level 1:colcon.colcon_core.package_identification:_identify(results) by extension 'python'
[1.308s] Level 1:colcon.colcon_core.package_identification:_identify(results) by extensions ['python_setup_py']
[1.308s] Level 1:colcon.colcon_core.package_identification:_identify(results) by extension 'python_setup_py'
[1.309s] Level 1:colcon.colcon_core.package_identification:_identify(src) by extensions ['ignore', 'ignore_ament_install']
[1.309s] Level 1:colcon.colcon_core.package_identification:_identify(src) by extension 'ignore'
[1.309s] Level 1:colcon.colcon_core.package_identification:_identify(src) by extension 'ignore_ament_install'
[1.309s] Level 1:colcon.colcon_core.package_identification:_identify(src) by extensions ['colcon_pkg']
[1.309s] Level 1:colcon.colcon_core.package_identification:_identify(src) by extension 'colcon_pkg'
[1.309s] Level 1:colcon.colcon_core.package_identification:_identify(src) by extensions ['colcon_meta']
[1.309s] Level 1:colcon.colcon_core.package_identification:_identify(src) by extension 'colcon_meta'
[1.309s] Level 1:colcon.colcon_core.package_identification:_identify(src) by extensions ['ros']
[1.309s] Level 1:colcon.colcon_core.package_identification:_identify(src) by extension 'ros'
[1.309s] Level 1:colcon.colcon_core.package_identification:_identify(src) by extensions ['cmake', 'python']
[1.309s] Level 1:colcon.colcon_core.package_identification:_identify(src) by extension 'cmake'
[1.309s] Level 1:colcon.colcon_core.package_identification:_identify(src) by extension 'python'
[1.309s] Level 1:colcon.colcon_core.package_identification:_identify(src) by extensions ['python_setup_py']
[1.309s] Level 1:colcon.colcon_core.package_identification:_identify(src) by extension 'python_setup_py'
[1.310s] Level 1:colcon.colcon_core.package_identification:_identify(src/slam_thesis) by extensions ['ignore', 'ignore_ament_install']
[1.310s] Level 1:colcon.colcon_core.package_identification:_identify(src/slam_thesis) by extension 'ignore'
[1.310s] Level 1:colcon.colcon_core.package_identification:_identify(src/slam_thesis) by extension 'ignore_ament_install'
[1.310s] Level 1:colcon.colcon_core.package_identification:_identify(src/slam_thesis) by extensions ['colcon_pkg']
[1.310s] Level 1:colcon.colcon_core.package_identification:_identify(src/slam_thesis) by extension 'colcon_pkg'
[1.310s] Level 1:colcon.colcon_core.package_identification:_identify(src/slam_thesis) by extensions ['colcon_meta']
[1.310s] Level 1:colcon.colcon_core.package_identification:_identify(src/slam_thesis) by extension 'colcon_meta'
[1.310s] Level 1:colcon.colcon_core.package_identification:_identify(src/slam_thesis) by extensions ['ros']
[1.310s] Level 1:colcon.colcon_core.package_identification:_identify(src/slam_thesis) by extension 'ros'
[1.310s] Level 1:colcon.colcon_core.package_identification:_identify(src/slam_thesis) by extensions ['cmake', 'python']
[1.311s] Level 1:colcon.colcon_core.package_identification:_identify(src/slam_thesis) by extension 'cmake'
[1.311s] Level 1:colcon.colcon_core.package_identification:_identify(src/slam_thesis) by extension 'python'
[1.311s] Level 1:colcon.colcon_core.package_identification:_identify(src/slam_thesis) by extensions ['python_setup_py']
[1.311s] Level 1:colcon.colcon_core.package_identification:_identify(src/slam_thesis) by extension 'python_setup_py'
[1.318s] Level 1:colcon.colcon_core.package_identification:_identify(src/slam_thesis/experiment_runner) by extensions ['ignore', 'ignore_ament_install']
[1.318s] Level 1:colcon.colcon_core.package_identification:_identify(src/slam_thesis/experiment_runner) by extension 'ignore'
[1.318s] Level 1:colcon.colcon_core.package_identification:_identify(src/slam_thesis/experiment_runner) by extension 'ignore_ament_install'
[1.318s] Level 1:colcon.colcon_core.package_identification:_identify(src/slam_thesis/experiment_runner) by extensions ['colcon_pkg']
[1.318s] Level 1:colcon.colcon_core.package_identification:_identify(src/slam_thesis/experiment_runner) by extension 'colcon_pkg'
[1.318s] Level 1:colcon.colcon_core.package_identification:_identify(src/slam_thesis/experiment_runner) by extensions ['colcon_meta']
[1.318s] Level 1:colcon.colcon_core.package_identification:_identify(src/slam_thesis/experiment_runner) by extension 'colcon_meta'
[1.319s] Level 1:colcon.colcon_core.package_identification:_identify(src/slam_thesis/experiment_runner) by extensions ['ros']
[1.319s] Level 1:colcon.colcon_core.package_identification:_identify(src/slam_thesis/experiment_runner) by extension 'ros'
[1.332s] DEBUG:colcon.colcon_core.package_identification:Package 'src/slam_thesis/experiment_runner' with type 'ros.ament_python' and name 'experiment_runner'
[1.347s] Level 1:colcon.colcon_core.package_identification:_identify(src/slam_thesis/gt_publisher) by extensions ['ignore', 'ignore_ament_install']
[1.347s] Level 1:colcon.colcon_core.package_identification:_identify(src/slam_thesis/gt_publisher) by extension 'ignore'
[1.347s] Level 1:colcon.colcon_core.package_identification:_identify(src/slam_thesis/gt_publisher) by extension 'ignore_ament_install'
[1.347s] Level 1:colcon.colcon_core.package_identification:_identify(src/slam_thesis/gt_publisher) by extensions ['colcon_pkg']
[1.347s] Level 1:colcon.colcon_core.package_identification:_identify(src/slam_thesis/gt_publisher) by extension 'colcon_pkg'
[1.347s] Level 1:colcon.colcon_core.package_identification:_identify(src/slam_thesis/gt_publisher) by extensions ['colcon_meta']
[1.347s] Level 1:colcon.colcon_core.package_identification:_identify(src/slam_thesis/gt_publisher) by extension 'colcon_meta'
[1.347s] Level 1:colcon.colcon_core.package_identification:_identify(src/slam_thesis/gt_publisher) by extensions ['ros']
[1.347s] Level 1:colcon.colcon_core.package_identification:_identify(src/slam_thesis/gt_publisher) by extension 'ros'
[1.363s] DEBUG:colcon.colcon_core.package_identification:Package 'src/slam_thesis/gt_publisher' with type 'ros.ament_python' and name 'gt_publisher'
[1.377s] Level 1:colcon.colcon_core.package_identification:_identify(src/slam_thesis/rover_control) by extensions ['ignore', 'ignore_ament_install']
[1.377s] Level 1:colcon.colcon_core.package_identification:_identify(src/slam_thesis/rover_control) by extension 'ignore'
[1.377s] Level 1:colcon.colcon_core.package_identification:_identify(src/slam_thesis/rover_control) by extension 'ignore_ament_install'
[1.377s] Level 1:colcon.colcon_core.package_identification:_identify(src/slam_thesis/rover_control) by extensions ['colcon_pkg']
[1.377s] Level 1:colcon.colcon_core.package_identification:_identify(src/slam_thesis/rover_control) by extension 'colcon_pkg'
[1.377s] Level 1:colcon.colcon_core.package_identification:_identify(src/slam_thesis/rover_control) by extensions ['colcon_meta']
[1.377s] Level 1:colcon.colcon_core.package_identification:_identify(src/slam_thesis/rover_control) by extension 'colcon_meta'
[1.377s] Level 1:colcon.colcon_core.package_identification:_identify(src/slam_thesis/rover_control) by extensions ['ros']
[1.377s] Level 1:colcon.colcon_core.package_identification:_identify(src/slam_thesis/rover_control) by extension 'ros'
[1.395s] DEBUG:colcon.colcon_core.package_identification:Package 'src/slam_thesis/rover_control' with type 'ros.ament_python' and name 'rover_control'
[1.395s] Level 1:colcon.colcon_core.package_identification:_identify(src/slam_thesis/rover_description) by extensions ['ignore', 'ignore_ament_install']
[1.395s] Level 1:colcon.colcon_core.package_identification:_identify(src/slam_thesis/rover_description) by extension 'ignore'
[1.395s] Level 1:colcon.colcon_core.package_identification:_identify(src/slam_thesis/rover_description) by extension 'ignore_ament_install'
[1.395s] Level 1:colcon.colcon_core.package_identification:_identify(src/slam_thesis/rover_description) by extensions ['colcon_pkg']
[1.395s] Level 1:colcon.colcon_core.package_identification:_identify(src/slam_thesis/rover_description) by extension 'colcon_pkg'
[1.395s] Level 1:colcon.colcon_core.package_identification:_identify(src/slam_thesis/rover_description) by extensions ['colcon_meta']
[1.395s] Level 1:colcon.colcon_core.package_identification:_identify(src/slam_thesis/rover_description) by extension 'colcon_meta'
[1.396s] Level 1:colcon.colcon_core.package_identification:_identify(src/slam_thesis/rover_description) by extensions ['ros']
[1.396s] Level 1:colcon.colcon_core.package_identification:_identify(src/slam_thesis/rover_description) by extension 'ros'
[1.411s] DEBUG:colcon.colcon_core.package_identification:Package 'src/slam_thesis/rover_description' with type 'ros.ament_cmake' and name 'rover_description'
[1.428s] Level 1:colcon.colcon_core.package_identification:_identify(src/slam_thesis/rover_sim) by extensions ['ignore', 'ignore_ament_install']
[1.428s] Level 1:colcon.colcon_core.package_identification:_identify(src/slam_thesis/rover_sim) by extension 'ignore'
[1.428s] Level 1:colcon.colcon_core.package_identification:_identify(src/slam_thesis/rover_sim) by extension 'ignore_ament_install'
[1.428s] Level 1:colcon.colcon_core.package_identification:_identify(src/slam_thesis/rover_sim) by extensions ['colcon_pkg']
[1.428s] Level 1:colcon.colcon_core.package_identification:_identify(src/slam_thesis/rover_sim) by extension 'colcon_pkg'
[1.428s] Level 1:colcon.colcon_core.package_identification:_identify(src/slam_thesis/rover_sim) by extensions ['colcon_meta']
[1.428s] Level 1:colcon.colcon_core.package_identification:_identify(src/slam_thesis/rover_sim) by extension 'colcon_meta'
[1.428s] Level 1:colcon.colcon_core.package_identification:_identify(src/slam_thesis/rover_sim) by extensions ['ros']
[1.428s] Level 1:colcon.colcon_core.package_identification:_identify(src/slam_thesis/rover_sim) by extension 'ros'
[1.429s] DEBUG:colcon.colcon_core.package_identification:Package 'src/slam_thesis/rover_sim' with type 'ros.ament_cmake' and name 'rover_sim'
[1.430s] Level 1:colcon.colcon_core.package_identification:_identify(src/slam_thesis/slam_launch) by extensions ['ignore', 'ignore_ament_install']
[1.430s] Level 1:colcon.colcon_core.package_identification:_identify(src/slam_thesis/slam_launch) by extension 'ignore'
[1.430s] Level 1:colcon.colcon_core.package_identification:_identify(src/slam_thesis/slam_launch) by extension 'ignore_ament_install'
[1.430s] Level 1:colcon.colcon_core.package_identification:_identify(src/slam_thesis/slam_launch) by extensions ['colcon_pkg']
[1.430s] Level 1:colcon.colcon_core.package_identification:_identify(src/slam_thesis/slam_launch) by extension 'colcon_pkg'
[1.430s] Level 1:colcon.colcon_core.package_identification:_identify(src/slam_thesis/slam_launch) by extensions ['colcon_meta']
[1.430s] Level 1:colcon.colcon_core.package_identification:_identify(src/slam_thesis/slam_launch) by extension 'colcon_meta'
[1.430s] Level 1:colcon.colcon_core.package_identification:_identify(src/slam_thesis/slam_launch) by extensions ['ros']
[1.430s] Level 1:colcon.colcon_core.package_identification:_identify(src/slam_thesis/slam_launch) by extension 'ros'
[1.445s] DEBUG:colcon.colcon_core.package_identification:Package 'src/slam_thesis/slam_launch' with type 'ros.ament_cmake' and name 'slam_launch'
[1.445s] Level 1:colcon.colcon_core.package_identification:_identify(src/slam_thesis/traj_exporter) by extensions ['ignore', 'ignore_ament_install']
[1.446s] Level 1:colcon.colcon_core.package_identification:_identify(src/slam_thesis/traj_exporter) by extension 'ignore'
[1.446s] Level 1:colcon.colcon_core.package_identification:_identify(src/slam_thesis/traj_exporter) by extension 'ignore_ament_install'
[1.446s] Level 1:colcon.colcon_core.package_identification:_identify(src/slam_thesis/traj_exporter) by extensions ['colcon_pkg']
[1.446s] Level 1:colcon.colcon_core.package_identification:_identify(src/slam_thesis/traj_exporter) by extension 'colcon_pkg'
[1.446s] Level 1:colcon.colcon_core.package_identification:_identify(src/slam_thesis/traj_exporter) by extensions ['colcon_meta']
[1.446s] Level 1:colcon.colcon_core.package_identification:_identify(src/slam_thesis/traj_exporter) by extension 'colcon_meta'
[1.446s] Level 1:colcon.colcon_core.package_identification:_identify(src/slam_thesis/traj_exporter) by extensions ['ros']
[1.446s] Level 1:colcon.colcon_core.package_identification:_identify(src/slam_thesis/traj_exporter) by extension 'ros'
[1.447s] DEBUG:colcon.colcon_core.package_identification:Package 'src/slam_thesis/traj_exporter' with type 'ros.ament_python' and name 'traj_exporter'
[1.447s] Level 1:colcon.colcon_core.package_discovery:discover_packages(recursive) using defaults
[1.447s] Level 1:colcon.colcon_core.package_discovery:discover_packages(ignore) discover
[1.447s] Level 1:colcon.colcon_core.package_discovery:discover_packages(ignore) using defaults
[1.447s] Level 1:colcon.colcon_core.package_discovery:discover_packages(path) discover
[1.447s] Level 1:colcon.colcon_core.package_discovery:discover_packages(path) using defaults
[1.803s] INFO:colcon.colcon_core.package_selection:Skipping not selected package 'gt_publisher' in 'src/slam_thesis/gt_publisher'
[1.803s] INFO:colcon.colcon_core.package_selection:Skipping not selected package 'rover_control' in 'src/slam_thesis/rover_control'
[1.803s] INFO:colcon.colcon_core.package_selection:Skipping not selected package 'slam_launch' in 'src/slam_thesis/slam_launch'
[1.803s] INFO:colcon.colcon_core.package_selection:Skipping not selected package 'traj_exporter' in 'src/slam_thesis/traj_exporter'
[1.803s] INFO:colcon.colcon_core.package_selection:Skipping not selected package 'experiment_runner' in 'src/slam_thesis/experiment_runner'
[1.821s] Level 1:colcon.colcon_core.package_discovery:discover_packages(prefix_path) check parameters
[1.821s] Level 1:colcon.colcon_core.package_discovery:discover_packages(prefix_path) discover
[1.910s] DEBUG:colcon.colcon_installed_package_information.package_discovery:Found 7 installed packages in /home/zaminanwar/thesis/ros2_ws/install
[1.913s] DEBUG:colcon.colcon_installed_package_information.package_discovery:Found 323 installed packages in /opt/ros/jazzy
[1.915s] Level 1:colcon.colcon_core.package_discovery:discover_packages(prefix_path) using defaults
[2.041s] WARNING:colcon.colcon_core.package_selection:Some selected packages are already built in one or more underlay workspaces:
	'rover_sim' is in: /home/zaminanwar/thesis/ros2_ws/install/rover_sim
If a package in a merged underlay workspace is overridden and it installs headers, then all packages in the overlay must sort their include directories by workspace order. Failure to do so may result in build failures or undefined behavior at run time.
If the overridden package is used by another package in any underlay, then the overriding package in the overlay must be API and ABI compatible or undefined behavior at run time may occur.

If you understand the risks and want to override a package anyways, add the following to the command line:
	--allow-overriding rover_sim

This may be promoted to an error in a future release of colcon-override-check.
[2.042s] Level 5:colcon.colcon_core.verb:set package 'rover_description' build argument 'cmake_args' from command line to 'None'
[2.043s] Level 5:colcon.colcon_core.verb:set package 'rover_description' build argument 'cmake_target' from command line to 'None'
[2.043s] Level 5:colcon.colcon_core.verb:set package 'rover_description' build argument 'cmake_target_skip_unavailable' from command line to 'False'
[2.043s] Level 5:colcon.colcon_core.verb:set package 'rover_description' build argument 'cmake_clean_cache' from command line to 'False'
[2.043s] Level 5:colcon.colcon_core.verb:set package 'rover_description' build argument 'cmake_clean_first' from command line to 'False'
[2.043s] Level 5:colcon.colcon_core.verb:set package 'rover_description' build argument 'cmake_force_configure' from command line to 'False'
[2.043s] Level 5:colcon.colcon_core.verb:set package 'rover_description' build argument 'ament_cmake_args' from command line to 'None'
[2.043s] Level 5:colcon.colcon_core.verb:set package 'rover_description' build argument 'catkin_cmake_args' from command line to 'None'
[2.043s] Level 5:colcon.colcon_core.verb:set package 'rover_description' build argument 'catkin_skip_building_tests' from command line to 'False'
[2.043s] DEBUG:colcon.colcon_core.verb:Building package 'rover_description' with the following arguments: {'ament_cmake_args': None, 'build_base': '/home/zaminanwar/thesis/ros2_ws/build/rover_description', 'catkin_cmake_args': None, 'catkin_skip_building_tests': False, 'cmake_args': None, 'cmake_clean_cache': False, 'cmake_clean_first': False, 'cmake_force_configure': False, 'cmake_target': None, 'cmake_target_skip_unavailable': False, 'install_base': '/home/zaminanwar/thesis/ros2_ws/install/rover_description', 'merge_install': False, 'path': '/home/zaminanwar/thesis/ros2_ws/src/slam_thesis/rover_description', 'symlink_install': False, 'test_result_base': None}
[2.043s] Level 5:colcon.colcon_core.verb:set package 'rover_sim' build argument 'cmake_args' from command line to 'None'
[2.043s] Level 5:colcon.colcon_core.verb:set package 'rover_sim' build argument 'cmake_target' from command line to 'None'
[2.043s] Level 5:colcon.colcon_core.verb:set package 'rover_sim' build argument 'cmake_target_skip_unavailable' from command line to 'False'
[2.043s] Level 5:colcon.colcon_core.verb:set package 'rover_sim' build argument 'cmake_clean_cache' from command line to 'False'
[2.043s] Level 5:colcon.colcon_core.verb:set package 'rover_sim' build argument 'cmake_clean_first' from command line to 'False'
[2.043s] Level 5:colcon.colcon_core.verb:set package 'rover_sim' build argument 'cmake_force_configure' from command line to 'False'
[2.043s] Level 5:colcon.colcon_core.verb:set package 'rover_sim' build argument 'ament_cmake_args' from command line to 'None'
[2.043s] Level 5:colcon.colcon_core.verb:set package 'rover_sim' build argument 'catkin_cmake_args' from command line to 'None'
[2.043s] Level 5:colcon.colcon_core.verb:set package 'rover_sim' build argument 'catkin_skip_building_tests' from command line to 'False'
[2.043s] DEBUG:colcon.colcon_core.verb:Building package 'rover_sim' with the following arguments: {'ament_cmake_args': None, 'build_base': '/home/zaminanwar/thesis/ros2_ws/build/rover_sim', 'catkin_cmake_args': None, 'catkin_skip_building_tests': False, 'cmake_args': None, 'cmake_clean_cache': False, 'cmake_clean_first': False, 'cmake_force_configure': False, 'cmake_target': None, 'cmake_target_skip_unavailable': False, 'install_base': '/home/zaminanwar/thesis/ros2_ws/install/rover_sim', 'merge_install': False, 'path': '/home/zaminanwar/thesis/ros2_ws/src/slam_thesis/rover_sim', 'symlink_install': False, 'test_result_base': None}
[2.044s] INFO:colcon.colcon_core.executor:Executing jobs using 'parallel' executor
[2.045s] DEBUG:colcon.colcon_parallel_executor.executor.parallel:run_until_complete
[2.045s] INFO:colcon.colcon_ros.task.ament_cmake.build:Building ROS package in '/home/zaminanwar/thesis/ros2_ws/src/slam_thesis/rover_description' with build type 'ament_cmake'
[2.045s] INFO:colcon.colcon_cmake.task.cmake.build:Building CMake package in '/home/zaminanwar/thesis/ros2_ws/src/slam_thesis/rover_description'
[2.197s] INFO:colcon.colcon_core.plugin_system:Skipping extension 'colcon_core.shell.bat': Not used on non-Windows systems
[2.197s] INFO:colcon.colcon_core.shell:Skip shell extension 'powershell' for command environment: Not usable outside of PowerShell
[2.197s] DEBUG:colcon.colcon_core.shell:Skip shell extension 'dsv' for command environment
[2.244s] DEBUG:colcon.colcon_core.event_handler.log_command:Invoking command in '/home/zaminanwar/thesis/ros2_ws/build/rover_description': CMAKE_PREFIX_PATH=${CMAKE_PREFIX_PATH}:/home/zaminanwar/thesis/ros2_ws/install/experiment_runner:/home/zaminanwar/thesis/ros2_ws/install/traj_exporter:/home/zaminanwar/thesis/ros2_ws/install/rover_control:/home/zaminanwar/thesis/ros2_ws/install/gt_publisher:/opt/ros/jazzy /usr/bin/cmake --build /home/zaminanwar/thesis/ros2_ws/build/rover_description -- -j12 -l12
[3.943s] DEBUG:colcon.colcon_core.event_handler.log_command:Invoked command in '/home/zaminanwar/thesis/ros2_ws/build/rover_description' returned '0': CMAKE_PREFIX_PATH=${CMAKE_PREFIX_PATH}:/home/zaminanwar/thesis/ros2_ws/install/experiment_runner:/home/zaminanwar/thesis/ros2_ws/install/traj_exporter:/home/zaminanwar/thesis/ros2_ws/install/rover_control:/home/zaminanwar/thesis/ros2_ws/install/gt_publisher:/opt/ros/jazzy /usr/bin/cmake --build /home/zaminanwar/thesis/ros2_ws/build/rover_description -- -j12 -l12
[4.015s] DEBUG:colcon.colcon_core.event_handler.log_command:Invoking command in '/home/zaminanwar/thesis/ros2_ws/build/rover_description': CMAKE_PREFIX_PATH=${CMAKE_PREFIX_PATH}:/home/zaminanwar/thesis/ros2_ws/install/experiment_runner:/home/zaminanwar/thesis/ros2_ws/install/traj_exporter:/home/zaminanwar/thesis/ros2_ws/install/rover_control:/home/zaminanwar/thesis/ros2_ws/install/gt_publisher:/opt/ros/jazzy /usr/bin/cmake --install /home/zaminanwar/thesis/ros2_ws/build/rover_description
[4.141s] Level 1:colcon.colcon_core.environment:create_environment_scripts_only(rover_description)
[4.142s] DEBUG:colcon.colcon_core.event_handler.log_command:Invoked command in '/home/zaminanwar/thesis/ros2_ws/build/rover_description' returned '0': CMAKE_PREFIX_PATH=${CMAKE_PREFIX_PATH}:/home/zaminanwar/thesis/ros2_ws/install/experiment_runner:/home/zaminanwar/thesis/ros2_ws/install/traj_exporter:/home/zaminanwar/thesis/ros2_ws/install/rover_control:/home/zaminanwar/thesis/ros2_ws/install/gt_publisher:/opt/ros/jazzy /usr/bin/cmake --install /home/zaminanwar/thesis/ros2_ws/build/rover_description
[4.241s] Level 1:colcon.colcon_core.environment:checking '/home/zaminanwar/thesis/ros2_ws/install/rover_description' for CMake module files
[4.242s] Level 1:colcon.colcon_core.environment:checking '/home/zaminanwar/thesis/ros2_ws/install/rover_description' for CMake config files
[4.268s] Level 1:colcon.colcon_core.shell:create_environment_hook('rover_description', 'cmake_prefix_path')
[4.268s] INFO:colcon.colcon_core.shell:Creating environment hook '/home/zaminanwar/thesis/ros2_ws/install/rover_description/share/rover_description/hook/cmake_prefix_path.ps1'
[4.270s] INFO:colcon.colcon_core.shell:Creating environment descriptor '/home/zaminanwar/thesis/ros2_ws/install/rover_description/share/rover_description/hook/cmake_prefix_path.dsv'
[4.277s] INFO:colcon.colcon_core.shell:Creating environment hook '/home/zaminanwar/thesis/ros2_ws/install/rover_description/share/rover_description/hook/cmake_prefix_path.sh'
[4.279s] Level 1:colcon.colcon_core.environment:checking '/home/zaminanwar/thesis/ros2_ws/install/rover_description/bin'
[4.279s] Level 1:colcon.colcon_core.environment:checking '/home/zaminanwar/thesis/ros2_ws/install/rover_description/lib/pkgconfig/rover_description.pc'
[4.280s] Level 1:colcon.colcon_core.environment:checking '/home/zaminanwar/thesis/ros2_ws/install/rover_description/lib/python3.12/site-packages'
[4.280s] Level 1:colcon.colcon_core.environment:checking '/home/zaminanwar/thesis/ros2_ws/install/rover_description/bin'
[4.280s] INFO:colcon.colcon_core.shell:Creating package script '/home/zaminanwar/thesis/ros2_ws/install/rover_description/share/rover_description/package.ps1'
[4.283s] INFO:colcon.colcon_core.shell:Creating package descriptor '/home/zaminanwar/thesis/ros2_ws/install/rover_description/share/rover_description/package.dsv'
[4.285s] INFO:colcon.colcon_core.shell:Creating package script '/home/zaminanwar/thesis/ros2_ws/install/rover_description/share/rover_description/package.sh'
[4.289s] INFO:colcon.colcon_core.shell:Creating package script '/home/zaminanwar/thesis/ros2_ws/install/rover_description/share/rover_description/package.bash'
[4.292s] INFO:colcon.colcon_core.shell:Creating package script '/home/zaminanwar/thesis/ros2_ws/install/rover_description/share/rover_description/package.zsh'
[4.306s] Level 1:colcon.colcon_core.environment:create_file_with_runtime_dependencies(/home/zaminanwar/thesis/ros2_ws/install/rover_description/share/colcon-core/packages/rover_description)
[4.307s] Level 1:colcon.colcon_core.environment:create_environment_scripts_only(rover_description)
[4.307s] Level 1:colcon.colcon_core.environment:checking '/home/zaminanwar/thesis/ros2_ws/install/rover_description' for CMake module files
[4.308s] Level 1:colcon.colcon_core.environment:checking '/home/zaminanwar/thesis/ros2_ws/install/rover_description' for CMake config files
[4.308s] Level 1:colcon.colcon_core.shell:create_environment_hook('rover_description', 'cmake_prefix_path')
[4.308s] INFO:colcon.colcon_core.shell:Creating environment hook '/home/zaminanwar/thesis/ros2_ws/install/rover_description/share/rover_description/hook/cmake_prefix_path.ps1'
[4.309s] INFO:colcon.colcon_core.shell:Creating environment descriptor '/home/zaminanwar/thesis/ros2_ws/install/rover_description/share/rover_description/hook/cmake_prefix_path.dsv'
[4.309s] INFO:colcon.colcon_core.shell:Creating environment hook '/home/zaminanwar/thesis/ros2_ws/install/rover_description/share/rover_description/hook/cmake_prefix_path.sh'
[4.309s] Level 1:colcon.colcon_core.environment:checking '/home/zaminanwar/thesis/ros2_ws/install/rover_description/bin'
[4.309s] Level 1:colcon.colcon_core.environment:checking '/home/zaminanwar/thesis/ros2_ws/install/rover_description/lib/pkgconfig/rover_description.pc'
[4.310s] Level 1:colcon.colcon_core.environment:checking '/home/zaminanwar/thesis/ros2_ws/install/rover_description/lib/python3.12/site-packages'
[4.310s] Level 1:colcon.colcon_core.environment:checking '/home/zaminanwar/thesis/ros2_ws/install/rover_description/bin'
[4.310s] INFO:colcon.colcon_core.shell:Creating package script '/home/zaminanwar/thesis/ros2_ws/install/rover_description/share/rover_description/package.ps1'
[4.311s] INFO:colcon.colcon_core.shell:Creating package descriptor '/home/zaminanwar/thesis/ros2_ws/install/rover_description/share/rover_description/package.dsv'
[4.311s] INFO:colcon.colcon_core.shell:Creating package script '/home/zaminanwar/thesis/ros2_ws/install/rover_description/share/rover_description/package.sh'
[4.312s] INFO:colcon.colcon_core.shell:Creating package script '/home/zaminanwar/thesis/ros2_ws/install/rover_description/share/rover_description/package.bash'
[4.312s] INFO:colcon.colcon_core.shell:Creating package script '/home/zaminanwar/thesis/ros2_ws/install/rover_description/share/rover_description/package.zsh'
[4.354s] Level 1:colcon.colcon_core.environment:create_file_with_runtime_dependencies(/home/zaminanwar/thesis/ros2_ws/install/rover_description/share/colcon-core/packages/rover_description)
[4.355s] INFO:colcon.colcon_ros.task.ament_cmake.build:Building ROS package in '/home/zaminanwar/thesis/ros2_ws/src/slam_thesis/rover_sim' with build type 'ament_cmake'
[4.355s] INFO:colcon.colcon_cmake.task.cmake.build:Building CMake package in '/home/zaminanwar/thesis/ros2_ws/src/slam_thesis/rover_sim'
[4.355s] INFO:colcon.colcon_core.shell:Skip shell extension 'powershell' for command environment: Not usable outside of PowerShell
[4.355s] DEBUG:colcon.colcon_core.shell:Skip shell extension 'dsv' for command environment
[4.453s] DEBUG:colcon.colcon_core.event_handler.log_command:Invoking command in '/home/zaminanwar/thesis/ros2_ws/build/rover_sim': CMAKE_PREFIX_PATH=/home/zaminanwar/thesis/ros2_ws/install/rover_description:/home/zaminanwar/thesis/ros2_ws/install/slam_launch:/home/zaminanwar/thesis/ros2_ws/install/rover_sim:/opt/ros/jazzy/opt/gz_sim_vendor:/opt/ros/jazzy/opt/gz_sensors_vendor:/opt/ros/jazzy/opt/gz_physics_vendor:/opt/ros/jazzy/opt/sdformat_vendor:/opt/ros/jazzy/opt/gz_gui_vendor:/opt/ros/jazzy/opt/gz_transport_vendor:/opt/ros/jazzy/opt/gz_rendering_vendor:/opt/ros/jazzy/opt/gz_plugin_vendor:/opt/ros/jazzy/opt/gz_fuel_tools_vendor:/opt/ros/jazzy/opt/gz_msgs_vendor:/opt/ros/jazzy/opt/gz_common_vendor:/opt/ros/jazzy/opt/gz_math_vendor:/opt/ros/jazzy/opt/gz_utils_vendor:/opt/ros/jazzy/opt/gz_tools_vendor:/opt/ros/jazzy/opt/gz_ogre_next_vendor:/opt/ros/jazzy/opt/gz_dartsim_vendor:/opt/ros/jazzy/opt/gz_cmake_vendor:/home/zaminanwar/thesis/ros2_ws/install/experiment_runner:/home/zaminanwar/thesis/ros2_ws/install/traj_exporter:/home/zaminanwar/thesis/ros2_ws/install/rover_control:/home/zaminanwar/thesis/ros2_ws/install/gt_publisher:/opt/ros/jazzy /usr/bin/cmake --build /home/zaminanwar/thesis/ros2_ws/build/rover_sim -- -j12 -l12
[4.586s] DEBUG:colcon.colcon_core.event_handler.log_command:Invoked command in '/home/zaminanwar/thesis/ros2_ws/build/rover_sim' returned '0': CMAKE_PREFIX_PATH=/home/zaminanwar/thesis/ros2_ws/install/rover_description:/home/zaminanwar/thesis/ros2_ws/install/slam_launch:/home/zaminanwar/thesis/ros2_ws/install/rover_sim:/opt/ros/jazzy/opt/gz_sim_vendor:/opt/ros/jazzy/opt/gz_sensors_vendor:/opt/ros/jazzy/opt/gz_physics_vendor:/opt/ros/jazzy/opt/sdformat_vendor:/opt/ros/jazzy/opt/gz_gui_vendor:/opt/ros/jazzy/opt/gz_transport_vendor:/opt/ros/jazzy/opt/gz_rendering_vendor:/opt/ros/jazzy/opt/gz_plugin_vendor:/opt/ros/jazzy/opt/gz_fuel_tools_vendor:/opt/ros/jazzy/opt/gz_msgs_vendor:/opt/ros/jazzy/opt/gz_common_vendor:/opt/ros/jazzy/opt/gz_math_vendor:/opt/ros/jazzy/opt/gz_utils_vendor:/opt/ros/jazzy/opt/gz_tools_vendor:/opt/ros/jazzy/opt/gz_ogre_next_vendor:/opt/ros/jazzy/opt/gz_dartsim_vendor:/opt/ros/jazzy/opt/gz_cmake_vendor:/home/zaminanwar/thesis/ros2_ws/install/experiment_runner:/home/zaminanwar/thesis/ros2_ws/install/traj_exporter:/home/zaminanwar/thesis/ros2_ws/install/rover_control:/home/zaminanwar/thesis/ros2_ws/install/gt_publisher:/opt/ros/jazzy /usr/bin/cmake --build /home/zaminanwar/thesis/ros2_ws/build/rover_sim -- -j12 -l12
[4.612s] DEBUG:colcon.colcon_core.event_handler.log_command:Invoking command in '/home/zaminanwar/thesis/ros2_ws/build/rover_sim': CMAKE_PREFIX_PATH=/home/zaminanwar/thesis/ros2_ws/install/rover_description:/home/zaminanwar/thesis/ros2_ws/install/slam_launch:/home/zaminanwar/thesis/ros2_ws/install/rover_sim:/opt/ros/jazzy/opt/gz_sim_vendor:/opt/ros/jazzy/opt/gz_sensors_vendor:/opt/ros/jazzy/opt/gz_physics_vendor:/opt/ros/jazzy/opt/sdformat_vendor:/opt/ros/jazzy/opt/gz_gui_vendor:/opt/ros/jazzy/opt/gz_transport_vendor:/opt/ros/jazzy/opt/gz_rendering_vendor:/opt/ros/jazzy/opt/gz_plugin_vendor:/opt/ros/jazzy/opt/gz_fuel_tools_vendor:/opt/ros/jazzy/opt/gz_msgs_vendor:/opt/ros/jazzy/opt/gz_common_vendor:/opt/ros/jazzy/opt/gz_math_vendor:/opt/ros/jazzy/opt/gz_utils_vendor:/opt/ros/jazzy/opt/gz_tools_vendor:/opt/ros/jazzy/opt/gz_ogre_next_vendor:/opt/ros/jazzy/opt/gz_dartsim_vendor:/opt/ros/jazzy/opt/gz_cmake_vendor:/home/zaminanwar/thesis/ros2_ws/install/experiment_runner:/home/zaminanwar/thesis/ros2_ws/install/traj_exporter:/home/zaminanwar/thesis/ros2_ws/install/rover_control:/home/zaminanwar/thesis/ros2_ws/install/gt_publisher:/opt/ros/jazzy /usr/bin/cmake --install /home/zaminanwar/thesis/ros2_ws/build/rover_sim
[4.640s] Level 1:colcon.colcon_core.environment:create_environment_scripts_only(rover_sim)
[4.641s] Level 1:colcon.colcon_core.environment:checking '/home/zaminanwar/thesis/ros2_ws/install/rover_sim' for CMake module files
[4.642s] DEBUG:colcon.colcon_core.event_handler.log_command:Invoked command in '/home/zaminanwar/thesis/ros2_ws/build/rover_sim' returned '0': CMAKE_PREFIX_PATH=/home/zaminanwar/thesis/ros2_ws/install/rover_description:/home/zaminanwar/thesis/ros2_ws/install/slam_launch:/home/zaminanwar/thesis/ros2_ws/install/rover_sim:/opt/ros/jazzy/opt/gz_sim_vendor:/opt/ros/jazzy/opt/gz_sensors_vendor:/opt/ros/jazzy/opt/gz_physics_vendor:/opt/ros/jazzy/opt/sdformat_vendor:/opt/ros/jazzy/opt/gz_gui_vendor:/opt/ros/jazzy/opt/gz_transport_vendor:/opt/ros/jazzy/opt/gz_rendering_vendor:/opt/ros/jazzy/opt/gz_plugin_vendor:/opt/ros/jazzy/opt/gz_fuel_tools_vendor:/opt/ros/jazzy/opt/gz_msgs_vendor:/opt/ros/jazzy/opt/gz_common_vendor:/opt/ros/jazzy/opt/gz_math_vendor:/opt/ros/jazzy/opt/gz_utils_vendor:/opt/ros/jazzy/opt/gz_tools_vendor:/opt/ros/jazzy/opt/gz_ogre_next_vendor:/opt/ros/jazzy/opt/gz_dartsim_vendor:/opt/ros/jazzy/opt/gz_cmake_vendor:/home/zaminanwar/thesis/ros2_ws/install/experiment_runner:/home/zaminanwar/thesis/ros2_ws/install/traj_exporter:/home/zaminanwar/thesis/ros2_ws/install/rover_control:/home/zaminanwar/thesis/ros2_ws/install/gt_publisher:/opt/ros/jazzy /usr/bin/cmake --install /home/zaminanwar/thesis/ros2_ws/build/rover_sim
[4.642s] Level 1:colcon.colcon_core.environment:checking '/home/zaminanwar/thesis/ros2_ws/install/rover_sim' for CMake config files
[4.646s] Level 1:colcon.colcon_core.shell:create_environment_hook('rover_sim', 'cmake_prefix_path')
[4.646s] INFO:colcon.colcon_core.shell:Creating environment hook '/home/zaminanwar/thesis/ros2_ws/install/rover_sim/share/rover_sim/hook/cmake_prefix_path.ps1'
[4.647s] INFO:colcon.colcon_core.shell:Creating environment descriptor '/home/zaminanwar/thesis/ros2_ws/install/rover_sim/share/rover_sim/hook/cmake_prefix_path.dsv'
[4.647s] INFO:colcon.colcon_core.shell:Creating environment hook '/home/zaminanwar/thesis/ros2_ws/install/rover_sim/share/rover_sim/hook/cmake_prefix_path.sh'
[4.648s] Level 1:colcon.colcon_core.environment:checking '/home/zaminanwar/thesis/ros2_ws/install/rover_sim/bin'
[4.648s] Level 1:colcon.colcon_core.environment:checking '/home/zaminanwar/thesis/ros2_ws/install/rover_sim/lib/pkgconfig/rover_sim.pc'
[4.648s] Level 1:colcon.colcon_core.environment:checking '/home/zaminanwar/thesis/ros2_ws/install/rover_sim/lib/python3.12/site-packages'
[4.648s] Level 1:colcon.colcon_core.environment:checking '/home/zaminanwar/thesis/ros2_ws/install/rover_sim/bin'
[4.649s] INFO:colcon.colcon_core.shell:Creating package script '/home/zaminanwar/thesis/ros2_ws/install/rover_sim/share/rover_sim/package.ps1'
[4.649s] INFO:colcon.colcon_core.shell:Creating package descriptor '/home/zaminanwar/thesis/ros2_ws/install/rover_sim/share/rover_sim/package.dsv'
[4.649s] INFO:colcon.colcon_core.shell:Creating package script '/home/zaminanwar/thesis/ros2_ws/install/rover_sim/share/rover_sim/package.sh'
[4.650s] INFO:colcon.colcon_core.shell:Creating package script '/home/zaminanwar/thesis/ros2_ws/install/rover_sim/share/rover_sim/package.bash'
[4.650s] INFO:colcon.colcon_core.shell:Creating package script '/home/zaminanwar/thesis/ros2_ws/install/rover_sim/share/rover_sim/package.zsh'
[4.650s] Level 1:colcon.colcon_core.environment:create_file_with_runtime_dependencies(/home/zaminanwar/thesis/ros2_ws/install/rover_sim/share/colcon-core/packages/rover_sim)
[4.651s] Level 1:colcon.colcon_core.environment:create_environment_scripts_only(rover_sim)
[4.651s] Level 1:colcon.colcon_core.environment:checking '/home/zaminanwar/thesis/ros2_ws/install/rover_sim' for CMake module files
[4.652s] Level 1:colcon.colcon_core.environment:checking '/home/zaminanwar/thesis/ros2_ws/install/rover_sim' for CMake config files
[4.652s] Level 1:colcon.colcon_core.shell:create_environment_hook('rover_sim', 'cmake_prefix_path')
[4.652s] INFO:colcon.colcon_core.shell:Creating environment hook '/home/zaminanwar/thesis/ros2_ws/install/rover_sim/share/rover_sim/hook/cmake_prefix_path.ps1'
[4.653s] INFO:colcon.colcon_core.shell:Creating environment descriptor '/home/zaminanwar/thesis/ros2_ws/install/rover_sim/share/rover_sim/hook/cmake_prefix_path.dsv'
[4.653s] INFO:colcon.colcon_core.shell:Creating environment hook '/home/zaminanwar/thesis/ros2_ws/install/rover_sim/share/rover_sim/hook/cmake_prefix_path.sh'
[4.657s] Level 1:colcon.colcon_core.environment:checking '/home/zaminanwar/thesis/ros2_ws/install/rover_sim/bin'
[4.657s] Level 1:colcon.colcon_core.environment:checking '/home/zaminanwar/thesis/ros2_ws/install/rover_sim/lib/pkgconfig/rover_sim.pc'
[4.657s] Level 1:colcon.colcon_core.environment:checking '/home/zaminanwar/thesis/ros2_ws/install/rover_sim/lib/python3.12/site-packages'
[4.657s] Level 1:colcon.colcon_core.environment:checking '/home/zaminanwar/thesis/ros2_ws/install/rover_sim/bin'
[4.657s] INFO:colcon.colcon_core.shell:Creating package script '/home/zaminanwar/thesis/ros2_ws/install/rover_sim/share/rover_sim/package.ps1'
[4.658s] INFO:colcon.colcon_core.shell:Creating package descriptor '/home/zaminanwar/thesis/ros2_ws/install/rover_sim/share/rover_sim/package.dsv'
[4.658s] INFO:colcon.colcon_core.shell:Creating package script '/home/zaminanwar/thesis/ros2_ws/install/rover_sim/share/rover_sim/package.sh'
[4.659s] INFO:colcon.colcon_core.shell:Creating package script '/home/zaminanwar/thesis/ros2_ws/install/rover_sim/share/rover_sim/package.bash'
[4.659s] INFO:colcon.colcon_core.shell:Creating package script '/home/zaminanwar/thesis/ros2_ws/install/rover_sim/share/rover_sim/package.zsh'
[4.659s] Level 1:colcon.colcon_core.environment:create_file_with_runtime_dependencies(/home/zaminanwar/thesis/ros2_ws/install/rover_sim/share/colcon-core/packages/rover_sim)
[4.675s] DEBUG:colcon.colcon_parallel_executor.executor.parallel:closing loop
[4.676s] DEBUG:colcon.colcon_parallel_executor.executor.parallel:loop closed
[4.676s] DEBUG:colcon.colcon_parallel_executor.executor.parallel:run_until_complete finished with '0'
[4.676s] DEBUG:colcon.colcon_core.event_reactor:joining thread
[4.890s] INFO:colcon.colcon_core.plugin_system:Skipping extension 'colcon_notification.desktop_notification.notify_send': Could not find 'notify-send'
[4.891s] INFO:colcon.colcon_core.plugin_system:Skipping extension 'colcon_notification.desktop_notification.terminal_notifier': Not used on non-Darwin systems
[4.891s] INFO:colcon.colcon_core.plugin_system:Skipping extension 'colcon_notification.desktop_notification.win32': Not used on non-Windows systems
[4.891s] INFO:colcon.colcon_notification.desktop_notification:Sending desktop notification using 'notify2'
[4.921s] DEBUG:colcon.colcon_notification.desktop_notification.notify2:Failed to initialize notify2: org.freedesktop.DBus.Error.ServiceUnknown: The name org.freedesktop.Notifications was not provided by any .service files
[4.922s] DEBUG:colcon.colcon_core.event_reactor:joined thread
[4.922s] INFO:colcon.colcon_core.shell:Creating prefix script '/home/zaminanwar/thesis/ros2_ws/install/local_setup.ps1'
[4.929s] INFO:colcon.colcon_core.shell:Creating prefix util module '/home/zaminanwar/thesis/ros2_ws/install/_local_setup_util_ps1.py'
[4.942s] INFO:colcon.colcon_core.shell:Creating prefix chain script '/home/zaminanwar/thesis/ros2_ws/install/setup.ps1'
[4.945s] INFO:colcon.colcon_core.shell:Creating prefix script '/home/zaminanwar/thesis/ros2_ws/install/local_setup.sh'
[4.949s] INFO:colcon.colcon_core.shell:Creating prefix util module '/home/zaminanwar/thesis/ros2_ws/install/_local_setup_util_sh.py'
[4.950s] INFO:colcon.colcon_core.shell:Creating prefix chain script '/home/zaminanwar/thesis/ros2_ws/install/setup.sh'
[4.953s] INFO:colcon.colcon_core.shell:Creating prefix script '/home/zaminanwar/thesis/ros2_ws/install/local_setup.bash'
[4.954s] INFO:colcon.colcon_core.shell:Creating prefix chain script '/home/zaminanwar/thesis/ros2_ws/install/setup.bash'
[4.956s] INFO:colcon.colcon_core.shell:Creating prefix script '/home/zaminanwar/thesis/ros2_ws/install/local_setup.zsh'
[4.966s] INFO:colcon.colcon_core.shell:Creating prefix chain script '/home/zaminanwar/thesis/ros2_ws/install/setup.zsh'
