[7.351s] Invoking command in '/home/zaminanwar/thesis/ros2_ws/src/slam_thesis/rover_control': PYTHONPATH=/home/zaminanwar/thesis/ros2_ws/build/rover_control/prefix_override:/usr/lib/python3/dist-packages/colcon_core/task/python/colcon_distutils_commands:/home/zaminanwar/thesis/ros2_ws/install/rover_control/lib/python3.12/site-packages:${PYTHONPATH} /usr/bin/python3 -W ignore:setup.py install is deprecated -W ignore:easy_install command is deprecated setup.py egg_info --egg-base ../../../build/rover_control build --build-base /home/zaminanwar/thesis/ros2_ws/build/rover_control/build install --record /home/zaminanwar/thesis/ros2_ws/build/rover_control/install.log --single-version-externally-managed install_data
[7.594s] running egg_info
[7.610s] writing ../../../build/rover_control/rover_control.egg-info/PKG-INFO
[7.610s] writing dependency_links to ../../../build/rover_control/rover_control.egg-info/dependency_links.txt
[7.610s] writing entry points to ../../../build/rover_control/rover_control.egg-info/entry_points.txt
[7.610s] writing requirements to ../../../build/rover_control/rover_control.egg-info/requires.txt
[7.611s] writing top-level names to ../../../build/rover_control/rover_control.egg-info/top_level.txt
[7.645s] reading manifest file '../../../build/rover_control/rover_control.egg-info/SOURCES.txt'
[7.670s] writing manifest file '../../../build/rover_control/rover_control.egg-info/SOURCES.txt'
[7.670s] running build
[7.670s] running build_py
[7.670s] copying rover_control/trajectory_follower.py -> /home/zaminanwar/thesis/ros2_ws/build/rover_control/build/lib/rover_control
[7.672s] running install
[7.677s] running install_lib
[7.702s] copying /home/zaminanwar/thesis/ros2_ws/build/rover_control/build/lib/rover_control/trajectory_follower.py -> /home/zaminanwar/thesis/ros2_ws/install/rover_control/lib/python3.12/site-packages/rover_control
[7.703s] byte-compiling /home/zaminanwar/thesis/ros2_ws/install/rover_control/lib/python3.12/site-packages/rover_control/trajectory_follower.py to trajectory_follower.cpython-312.pyc
[7.705s] running install_data
[7.705s] copying launch/follow_trajectory.launch.py -> /home/zaminanwar/thesis/ros2_ws/install/rover_control/share/rover_control/launch
[7.705s] running install_egg_info
[7.727s] removing '/home/zaminanwar/thesis/ros2_ws/install/rover_control/lib/python3.12/site-packages/rover_control-0.1.0-py3.12.egg-info' (and everything under it)
[7.727s] Copying ../../../build/rover_control/rover_control.egg-info to /home/zaminanwar/thesis/ros2_ws/install/rover_control/lib/python3.12/site-packages/rover_control-0.1.0-py3.12.egg-info
[7.741s] running install_scripts
[7.873s] Installing trajectory_follower script to /home/zaminanwar/thesis/ros2_ws/install/rover_control/lib/rover_control
[7.873s] writing list of installed files to '/home/zaminanwar/thesis/ros2_ws/build/rover_control/install.log'
[7.896s] Invoked command in '/home/zaminanwar/thesis/ros2_ws/src/slam_thesis/rover_control' returned '0': PYTHONPATH=/home/zaminanwar/thesis/ros2_ws/build/rover_control/prefix_override:/usr/lib/python3/dist-packages/colcon_core/task/python/colcon_distutils_commands:/home/zaminanwar/thesis/ros2_ws/install/rover_control/lib/python3.12/site-packages:${PYTHONPATH} /usr/bin/python3 -W ignore:setup.py install is deprecated -W ignore:easy_install command is deprecated setup.py egg_info --egg-base ../../../build/rover_control build --build-base /home/zaminanwar/thesis/ros2_ws/build/rover_control/build install --record /home/zaminanwar/thesis/ros2_ws/build/rover_control/install.log --single-version-externally-managed install_data
