[10.249s] Invoking command in '/home/zaminanwar/thesis/ros2_ws/src/slam_thesis/gt_publisher': PYTHONPATH=/home/zaminanwar/thesis/ros2_ws/build/gt_publisher/prefix_override:/usr/lib/python3/dist-packages/colcon_core/task/python/colcon_distutils_commands:/home/zaminanwar/thesis/ros2_ws/install/gt_publisher/lib/python3.12/site-packages:${PYTHONPATH} /usr/bin/python3 -W ignore:setup.py install is deprecated -W ignore:easy_install command is deprecated setup.py egg_info --egg-base ../../../build/gt_publisher build --build-base /home/zaminanwar/thesis/ros2_ws/build/gt_publisher/build install --record /home/zaminanwar/thesis/ros2_ws/build/gt_publisher/install.log --single-version-externally-managed install_data
[10.470s] running egg_info
[10.486s] writing ../../../build/gt_publisher/gt_publisher.egg-info/PKG-INFO
[10.526s] writing dependency_links to ../../../build/gt_publisher/gt_publisher.egg-info/dependency_links.txt
[10.526s] writing entry points to ../../../build/gt_publisher/gt_publisher.egg-info/entry_points.txt
[10.526s] writing requirements to ../../../build/gt_publisher/gt_publisher.egg-info/requires.txt
[10.526s] writing top-level names to ../../../build/gt_publisher/gt_publisher.egg-info/top_level.txt
[10.562s] reading manifest file '../../../build/gt_publisher/gt_publisher.egg-info/SOURCES.txt'
[10.581s] writing manifest file '../../../build/gt_publisher/gt_publisher.egg-info/SOURCES.txt'
[10.581s] running build
[10.581s] running build_py
[10.581s] running install
[10.586s] running install_lib
[10.609s] running install_data
[10.610s] running install_egg_info
[10.627s] removing '/home/zaminanwar/thesis/ros2_ws/install/gt_publisher/lib/python3.12/site-packages/gt_publisher-0.1.0-py3.12.egg-info' (and everything under it)
[10.627s] Copying ../../../build/gt_publisher/gt_publisher.egg-info to /home/zaminanwar/thesis/ros2_ws/install/gt_publisher/lib/python3.12/site-packages/gt_publisher-0.1.0-py3.12.egg-info
[10.634s] running install_scripts
[10.845s] Installing gt_publisher script to /home/zaminanwar/thesis/ros2_ws/install/gt_publisher/lib/gt_publisher
[10.845s] writing list of installed files to '/home/zaminanwar/thesis/ros2_ws/build/gt_publisher/install.log'
[10.882s] Invoked command in '/home/zaminanwar/thesis/ros2_ws/src/slam_thesis/gt_publisher' returned '0': PYTHONPATH=/home/zaminanwar/thesis/ros2_ws/build/gt_publisher/prefix_override:/usr/lib/python3/dist-packages/colcon_core/task/python/colcon_distutils_commands:/home/zaminanwar/thesis/ros2_ws/install/gt_publisher/lib/python3.12/site-packages:${PYTHONPATH} /usr/bin/python3 -W ignore:setup.py install is deprecated -W ignore:easy_install command is deprecated setup.py egg_info --egg-base ../../../build/gt_publisher build --build-base /home/zaminanwar/thesis/ros2_ws/build/gt_publisher/build install --record /home/zaminanwar/thesis/ros2_ws/build/gt_publisher/install.log --single-version-externally-managed install_data
