[16.864s] Invoking command in '/home/zaminanwar/thesis/ros2_ws/src/slam_thesis/traj_exporter': PYTHONPATH=/home/zaminanwar/thesis/ros2_ws/build/traj_exporter/prefix_override:/usr/lib/python3/dist-packages/colcon_core/task/python/colcon_distutils_commands:/home/zaminanwar/thesis/ros2_ws/install/traj_exporter/lib/python3.12/site-packages:${PYTHONPATH} /usr/bin/python3 -W ignore:setup.py install is deprecated -W ignore:easy_install command is deprecated setup.py egg_info --egg-base ../../../build/traj_exporter build --build-base /home/zaminanwar/thesis/ros2_ws/build/traj_exporter/build install --record /home/zaminanwar/thesis/ros2_ws/build/traj_exporter/install.log --single-version-externally-managed install_data
[17.096s] running egg_info
[17.096s] creating ../../../build/traj_exporter/traj_exporter.egg-info
[17.114s] writing ../../../build/traj_exporter/traj_exporter.egg-info/PKG-INFO
[17.114s] writing dependency_links to ../../../build/traj_exporter/traj_exporter.egg-info/dependency_links.txt
[17.114s] writing entry points to ../../../build/traj_exporter/traj_exporter.egg-info/entry_points.txt
[17.114s] writing requirements to ../../../build/traj_exporter/traj_exporter.egg-info/requires.txt
[17.114s] writing top-level names to ../../../build/traj_exporter/traj_exporter.egg-info/top_level.txt
[17.114s] writing manifest file '../../../build/traj_exporter/traj_exporter.egg-info/SOURCES.txt'
[17.149s] reading manifest file '../../../build/traj_exporter/traj_exporter.egg-info/SOURCES.txt'
[17.150s] writing manifest file '../../../build/traj_exporter/traj_exporter.egg-info/SOURCES.txt'
[17.169s] running build
[17.169s] running build_py
[17.169s] creating /home/zaminanwar/thesis/ros2_ws/build/traj_exporter/build
[17.190s] creating /home/zaminanwar/thesis/ros2_ws/build/traj_exporter/build/lib
[17.190s] creating /home/zaminanwar/thesis/ros2_ws/build/traj_exporter/build/lib/traj_exporter
[17.191s] copying traj_exporter/traj_exporter_node.py -> /home/zaminanwar/thesis/ros2_ws/build/traj_exporter/build/lib/traj_exporter
[17.241s] copying traj_exporter/__init__.py -> /home/zaminanwar/thesis/ros2_ws/build/traj_exporter/build/lib/traj_exporter
[17.252s] running install
[17.257s] running install_lib
[17.274s] creating /home/zaminanwar/thesis/ros2_ws/install/traj_exporter/lib/python3.12/site-packages/traj_exporter
[17.274s] copying /home/zaminanwar/thesis/ros2_ws/build/traj_exporter/build/lib/traj_exporter/traj_exporter_node.py -> /home/zaminanwar/thesis/ros2_ws/install/traj_exporter/lib/python3.12/site-packages/traj_exporter
[17.274s] copying /home/zaminanwar/thesis/ros2_ws/build/traj_exporter/build/lib/traj_exporter/__init__.py -> /home/zaminanwar/thesis/ros2_ws/install/traj_exporter/lib/python3.12/site-packages/traj_exporter
[17.275s] byte-compiling /home/zaminanwar/thesis/ros2_ws/install/traj_exporter/lib/python3.12/site-packages/traj_exporter/traj_exporter_node.py to traj_exporter_node.cpython-312.pyc
[17.275s] byte-compiling /home/zaminanwar/thesis/ros2_ws/install/traj_exporter/lib/python3.12/site-packages/traj_exporter/__init__.py to __init__.cpython-312.pyc
[17.276s] running install_data
[17.276s] creating /home/zaminanwar/thesis/ros2_ws/install/traj_exporter/share/ament_index
[17.276s] creating /home/zaminanwar/thesis/ros2_ws/install/traj_exporter/share/ament_index/resource_index
[17.276s] creating /home/zaminanwar/thesis/ros2_ws/install/traj_exporter/share/ament_index/resource_index/packages
[17.277s] copying resource/traj_exporter -> /home/zaminanwar/thesis/ros2_ws/install/traj_exporter/share/ament_index/resource_index/packages
[17.277s] copying package.xml -> /home/zaminanwar/thesis/ros2_ws/install/traj_exporter/share/traj_exporter
[17.277s] creating /home/zaminanwar/thesis/ros2_ws/install/traj_exporter/share/traj_exporter/launch
[17.278s] creating /home/zaminanwar/thesis/ros2_ws/install/traj_exporter/share/traj_exporter/config
[17.278s] running install_egg_info
[17.298s] Copying ../../../build/traj_exporter/traj_exporter.egg-info to /home/zaminanwar/thesis/ros2_ws/install/traj_exporter/lib/python3.12/site-packages/traj_exporter-0.1.0-py3.12.egg-info
[17.311s] running install_scripts
[17.443s] Installing traj_exporter script to /home/zaminanwar/thesis/ros2_ws/install/traj_exporter/lib/traj_exporter
[17.444s] writing list of installed files to '/home/zaminanwar/thesis/ros2_ws/build/traj_exporter/install.log'
[17.546s] Invoked command in '/home/zaminanwar/thesis/ros2_ws/src/slam_thesis/traj_exporter' returned '0': PYTHONPATH=/home/zaminanwar/thesis/ros2_ws/build/traj_exporter/prefix_override:/usr/lib/python3/dist-packages/colcon_core/task/python/colcon_distutils_commands:/home/zaminanwar/thesis/ros2_ws/install/traj_exporter/lib/python3.12/site-packages:${PYTHONPATH} /usr/bin/python3 -W ignore:setup.py install is deprecated -W ignore:easy_install command is deprecated setup.py egg_info --egg-base ../../../build/traj_exporter build --build-base /home/zaminanwar/thesis/ros2_ws/build/traj_exporter/build install --record /home/zaminanwar/thesis/ros2_ws/build/traj_exporter/install.log --single-version-externally-managed install_data
