running egg_info
creating ../../../build/experiment_runner/experiment_runner.egg-info
writing ../../../build/experiment_runner/experiment_runner.egg-info/PKG-INFO
writing dependency_links to ../../../build/experiment_runner/experiment_runner.egg-info/dependency_links.txt
writing requirements to ../../../build/experiment_runner/experiment_runner.egg-info/requires.txt
writing top-level names to ../../../build/experiment_runner/experiment_runner.egg-info/top_level.txt
writing manifest file '../../../build/experiment_runner/experiment_runner.egg-info/SOURCES.txt'
reading manifest file '../../../build/experiment_runner/experiment_runner.egg-info/SOURCES.txt'
writing manifest file '../../../build/experiment_runner/experiment_runner.egg-info/SOURCES.txt'
running build
running build_py
creating /home/zaminanwar/thesis/ros2_ws/build/experiment_runner/build
creating /home/zaminanwar/thesis/ros2_ws/build/experiment_runner/build/lib
creating /home/zaminanwar/thesis/ros2_ws/build/experiment_runner/build/lib/experiment_runner
copying experiment_runner/__init__.py -> /home/zaminanwar/thesis/ros2_ws/build/experiment_runner/build/lib/experiment_runner
running install
running install_lib
creating /home/zaminanwar/thesis/ros2_ws/install/experiment_runner/lib/python3.12/site-packages/experiment_runner
copying /home/zaminanwar/thesis/ros2_ws/build/experiment_runner/build/lib/experiment_runner/__init__.py -> /home/zaminanwar/thesis/ros2_ws/install/experiment_runner/lib/python3.12/site-packages/experiment_runner
byte-compiling /home/zaminanwar/thesis/ros2_ws/install/experiment_runner/lib/python3.12/site-packages/experiment_runner/__init__.py to __init__.cpython-312.pyc
running install_data
creating /home/zaminanwar/thesis/ros2_ws/install/experiment_runner/share/ament_index
creating /home/zaminanwar/thesis/ros2_ws/install/experiment_runner/share/ament_index/resource_index
creating /home/zaminanwar/thesis/ros2_ws/install/experiment_runner/share/ament_index/resource_index/packages
copying resource/experiment_runner -> /home/zaminanwar/thesis/ros2_ws/install/experiment_runner/share/ament_index/resource_index/packages
copying package.xml -> /home/zaminanwar/thesis/ros2_ws/install/experiment_runner/share/experiment_runner
creating /home/zaminanwar/thesis/ros2_ws/install/experiment_runner/share/experiment_runner/launch
creating /home/zaminanwar/thesis/ros2_ws/install/experiment_runner/share/experiment_runner/config
creating /home/zaminanwar/thesis/ros2_ws/install/experiment_runner/share/experiment_runner/scripts
running install_egg_info
Copying ../../../build/experiment_runner/experiment_runner.egg-info to /home/zaminanwar/thesis/ros2_ws/install/experiment_runner/lib/python3.12/site-packages/experiment_runner-0.1.0-py3.12.egg-info
running install_scripts
writing list of installed files to '/home/zaminanwar/thesis/ros2_ws/build/experiment_runner/install.log'
