[0.942s] Invoking command in '/home/zaminanwar/thesis/ros2_ws/src/slam_thesis/experiment_runner': AMENT_PREFIX_PATH=/home/zaminanwar/thesis/ros2_ws/install/rover_sim:/home/zaminanwar/thesis/ros2_ws/install/traj_exporter:/home/zaminanwar/thesis/ros2_ws/install/slam_launch:/home/zaminanwar/thesis/ros2_ws/install/rover_description:/home/zaminanwar/thesis/ros2_ws/install/rover_control:/home/zaminanwar/thesis/ros2_ws/install/gt_publisher:${AMENT_PREFIX_PATH} CMAKE_PREFIX_PATH=/home/zaminanwar/thesis/ros2_ws/install/rover_sim:/home/zaminanwar/thesis/ros2_ws/install/slam_launch:/home/zaminanwar/thesis/ros2_ws/install/rover_description:${CMAKE_PREFIX_PATH} PYTHONPATH=/home/zaminanwar/thesis/ros2_ws/build/experiment_runner/prefix_override:/usr/lib/python3/dist-packages/colcon_core/task/python/colcon_distutils_commands:/home/zaminanwar/thesis/ros2_ws/install/experiment_runner/lib/python3.12/site-packages:/home/zaminanwar/thesis/ros2_ws/install/traj_exporter/lib/python3.12/site-packages:/home/zaminanwar/thesis/ros2_ws/install/rover_control/lib/python3.12/site-packages:/home/zaminanwar/thesis/ros2_ws/install/gt_publisher/lib/python3.12/site-packages:${PYTHONPATH} /usr/bin/python3 -W ignore:setup.py install is deprecated -W ignore:easy_install command is deprecated setup.py egg_info --egg-base ../../../build/experiment_runner build --build-base /home/zaminanwar/thesis/ros2_ws/build/experiment_runner/build install --record /home/zaminanwar/thesis/ros2_ws/build/experiment_runner/install.log --single-version-externally-managed install_data
[1.177s] running egg_info
[1.177s] creating ../../../build/experiment_runner/experiment_runner.egg-info
[1.194s] writing ../../../build/experiment_runner/experiment_runner.egg-info/PKG-INFO
[1.194s] writing dependency_links to ../../../build/experiment_runner/experiment_runner.egg-info/dependency_links.txt
[1.194s] writing requirements to ../../../build/experiment_runner/experiment_runner.egg-info/requires.txt
[1.195s] writing top-level names to ../../../build/experiment_runner/experiment_runner.egg-info/top_level.txt
[1.195s] writing manifest file '../../../build/experiment_runner/experiment_runner.egg-info/SOURCES.txt'
[1.229s] reading manifest file '../../../build/experiment_runner/experiment_runner.egg-info/SOURCES.txt'
[1.230s] writing manifest file '../../../build/experiment_runner/experiment_runner.egg-info/SOURCES.txt'
[1.230s] running build
[1.231s] running build_py
[1.231s] creating /home/zaminanwar/thesis/ros2_ws/build/experiment_runner/build
[1.231s] creating /home/zaminanwar/thesis/ros2_ws/build/experiment_runner/build/lib
[1.231s] creating /home/zaminanwar/thesis/ros2_ws/build/experiment_runner/build/lib/experiment_runner
[1.232s] copying experiment_runner/__init__.py -> /home/zaminanwar/thesis/ros2_ws/build/experiment_runner/build/lib/experiment_runner
[1.283s] running install
[1.288s] running install_lib
[1.307s] creating /home/zaminanwar/thesis/ros2_ws/install/experiment_runner/lib/python3.12/site-packages/experiment_runner
[1.307s] copying /home/zaminanwar/thesis/ros2_ws/build/experiment_runner/build/lib/experiment_runner/__init__.py -> /home/zaminanwar/thesis/ros2_ws/install/experiment_runner/lib/python3.12/site-packages/experiment_runner
[1.308s] byte-compiling /home/zaminanwar/thesis/ros2_ws/install/experiment_runner/lib/python3.12/site-packages/experiment_runner/__init__.py to __init__.cpython-312.pyc
[1.308s] running install_data
[1.308s] creating /home/zaminanwar/thesis/ros2_ws/install/experiment_runner/share/ament_index
[1.309s] creating /home/zaminanwar/thesis/ros2_ws/install/experiment_runner/share/ament_index/resource_index
[1.309s] creating /home/zaminanwar/thesis/ros2_ws/install/experiment_runner/share/ament_index/resource_index/packages
[1.310s] copying resource/experiment_runner -> /home/zaminanwar/thesis/ros2_ws/install/experiment_runner/share/ament_index/resource_index/packages
[1.310s] copying package.xml -> /home/zaminanwar/thesis/ros2_ws/install/experiment_runner/share/experiment_runner
[1.310s] creating /home/zaminanwar/thesis/ros2_ws/install/experiment_runner/share/experiment_runner/launch
[1.310s] creating /home/zaminanwar/thesis/ros2_ws/install/experiment_runner/share/experiment_runner/config
[1.311s] creating /home/zaminanwar/thesis/ros2_ws/install/experiment_runner/share/experiment_runner/scripts
[1.311s] running install_egg_info
[1.329s] Copying ../../../build/experiment_runner/experiment_runner.egg-info to /home/zaminanwar/thesis/ros2_ws/install/experiment_runner/lib/python3.12/site-packages/experiment_runner-0.1.0-py3.12.egg-info
[1.331s] running install_scripts
[1.451s] writing list of installed files to '/home/zaminanwar/thesis/ros2_ws/build/experiment_runner/install.log'
[1.474s] Invoked command in '/home/zaminanwar/thesis/ros2_ws/src/slam_thesis/experiment_runner' returned '0': AMENT_PREFIX_PATH=/home/zaminanwar/thesis/ros2_ws/install/rover_sim:/home/zaminanwar/thesis/ros2_ws/install/traj_exporter:/home/zaminanwar/thesis/ros2_ws/install/slam_launch:/home/zaminanwar/thesis/ros2_ws/install/rover_description:/home/zaminanwar/thesis/ros2_ws/install/rover_control:/home/zaminanwar/thesis/ros2_ws/install/gt_publisher:${AMENT_PREFIX_PATH} CMAKE_PREFIX_PATH=/home/zaminanwar/thesis/ros2_ws/install/rover_sim:/home/zaminanwar/thesis/ros2_ws/install/slam_launch:/home/zaminanwar/thesis/ros2_ws/install/rover_description:${CMAKE_PREFIX_PATH} PYTHONPATH=/home/zaminanwar/thesis/ros2_ws/build/experiment_runner/prefix_override:/usr/lib/python3/dist-packages/colcon_core/task/python/colcon_distutils_commands:/home/zaminanwar/thesis/ros2_ws/install/experiment_runner/lib/python3.12/site-packages:/home/zaminanwar/thesis/ros2_ws/install/traj_exporter/lib/python3.12/site-packages:/home/zaminanwar/thesis/ros2_ws/install/rover_control/lib/python3.12/site-packages:/home/zaminanwar/thesis/ros2_ws/install/gt_publisher/lib/python3.12/site-packages:${PYTHONPATH} /usr/bin/python3 -W ignore:setup.py install is deprecated -W ignore:easy_install command is deprecated setup.py egg_info --egg-base ../../../build/experiment_runner build --build-base /home/zaminanwar/thesis/ros2_ws/build/experiment_runner/build install --record /home/zaminanwar/thesis/ros2_ws/build/experiment_runner/install.log --single-version-externally-managed install_data
