[0.181s] Invoking command in '/home/zaminanwar/thesis/ros2_ws/build/rover_sim': AMENT_PREFIX_PATH=/home/zaminanwar/thesis/ros2_ws/install/rover_description:${AMENT_PREFIX_PATH} CMAKE_PREFIX_PATH=/home/zaminanwar/thesis/ros2_ws/install/rover_description:/opt/ros/jazzy/opt/gz_sim_vendor:/opt/ros/jazzy/opt/gz_sensors_vendor:/opt/ros/jazzy/opt/gz_physics_vendor:/opt/ros/jazzy/opt/sdformat_vendor:/opt/ros/jazzy/opt/gz_gui_vendor:/opt/ros/jazzy/opt/gz_transport_vendor:/opt/ros/jazzy/opt/gz_rendering_vendor:/opt/ros/jazzy/opt/gz_plugin_vendor:/opt/ros/jazzy/opt/gz_fuel_tools_vendor:/opt/ros/jazzy/opt/gz_msgs_vendor:/opt/ros/jazzy/opt/gz_common_vendor:/opt/ros/jazzy/opt/gz_math_vendor:/opt/ros/jazzy/opt/gz_utils_vendor:/opt/ros/jazzy/opt/gz_tools_vendor:/opt/ros/jazzy/opt/gz_ogre_next_vendor:/opt/ros/jazzy/opt/gz_dartsim_vendor:/opt/ros/jazzy/opt/gz_cmake_vendor:/opt/ros/jazzy /usr/bin/cmake --build /home/zaminanwar/thesis/ros2_ws/build/rover_sim -- -j12 -l12
[0.404s] -- Found ament_cmake: 2.5.4 (/opt/ros/jazzy/share/ament_cmake/cmake)
[1.249s] -- Configuring done (1.0s)
[1.404s] -- Generating done (0.1s)
[1.444s] -- Build files have been written to: /home/zaminanwar/thesis/ros2_ws/build/rover_sim
[1.473s] Invoked command in '/home/zaminanwar/thesis/ros2_ws/build/rover_sim' returned '0': AMENT_PREFIX_PATH=/home/zaminanwar/thesis/ros2_ws/install/rover_description:${AMENT_PREFIX_PATH} CMAKE_PREFIX_PATH=/home/zaminanwar/thesis/ros2_ws/install/rover_description:/opt/ros/jazzy/opt/gz_sim_vendor:/opt/ros/jazzy/opt/gz_sensors_vendor:/opt/ros/jazzy/opt/gz_physics_vendor:/opt/ros/jazzy/opt/sdformat_vendor:/opt/ros/jazzy/opt/gz_gui_vendor:/opt/ros/jazzy/opt/gz_transport_vendor:/opt/ros/jazzy/opt/gz_rendering_vendor:/opt/ros/jazzy/opt/gz_plugin_vendor:/opt/ros/jazzy/opt/gz_fuel_tools_vendor:/opt/ros/jazzy/opt/gz_msgs_vendor:/opt/ros/jazzy/opt/gz_common_vendor:/opt/ros/jazzy/opt/gz_math_vendor:/opt/ros/jazzy/opt/gz_utils_vendor:/opt/ros/jazzy/opt/gz_tools_vendor:/opt/ros/jazzy/opt/gz_ogre_next_vendor:/opt/ros/jazzy/opt/gz_dartsim_vendor:/opt/ros/jazzy/opt/gz_cmake_vendor:/opt/ros/jazzy /usr/bin/cmake --build /home/zaminanwar/thesis/ros2_ws/build/rover_sim -- -j12 -l12
[1.475s] Invoking command in '/home/zaminanwar/thesis/ros2_ws/build/rover_sim': AMENT_PREFIX_PATH=/home/zaminanwar/thesis/ros2_ws/install/rover_description:${AMENT_PREFIX_PATH} CMAKE_PREFIX_PATH=/home/zaminanwar/thesis/ros2_ws/install/rover_description:/opt/ros/jazzy/opt/gz_sim_vendor:/opt/ros/jazzy/opt/gz_sensors_vendor:/opt/ros/jazzy/opt/gz_physics_vendor:/opt/ros/jazzy/opt/sdformat_vendor:/opt/ros/jazzy/opt/gz_gui_vendor:/opt/ros/jazzy/opt/gz_transport_vendor:/opt/ros/jazzy/opt/gz_rendering_vendor:/opt/ros/jazzy/opt/gz_plugin_vendor:/opt/ros/jazzy/opt/gz_fuel_tools_vendor:/opt/ros/jazzy/opt/gz_msgs_vendor:/opt/ros/jazzy/opt/gz_common_vendor:/opt/ros/jazzy/opt/gz_math_vendor:/opt/ros/jazzy/opt/gz_utils_vendor:/opt/ros/jazzy/opt/gz_tools_vendor:/opt/ros/jazzy/opt/gz_ogre_next_vendor:/opt/ros/jazzy/opt/gz_dartsim_vendor:/opt/ros/jazzy/opt/gz_cmake_vendor:/opt/ros/jazzy /usr/bin/cmake --install /home/zaminanwar/thesis/ros2_ws/build/rover_sim
[1.487s] -- Install configuration: ""
[1.487s] -- Up-to-date: /home/zaminanwar/thesis/ros2_ws/install/rover_sim/share/rover_sim/launch
[1.487s] -- Installing: /home/zaminanwar/thesis/ros2_ws/install/rover_sim/share/rover_sim/launch/sim.launch.py
[1.487s] -- Up-to-date: /home/zaminanwar/thesis/ros2_ws/install/rover_sim/share/rover_sim/launch/.gitkeep
[1.488s] -- Up-to-date: /home/zaminanwar/thesis/ros2_ws/install/rover_sim/share/rover_sim/worlds
[1.488s] -- Up-to-date: /home/zaminanwar/thesis/ros2_ws/install/rover_sim/share/rover_sim/worlds/.gitkeep
[1.488s] -- Installing: /home/zaminanwar/thesis/ros2_ws/install/rover_sim/share/rover_sim/worlds/simple.sdf
[1.488s] -- Up-to-date: /home/zaminanwar/thesis/ros2_ws/install/rover_sim/share/rover_sim/config
[1.513s] -- Up-to-date: /home/zaminanwar/thesis/ros2_ws/install/rover_sim/share/rover_sim/config/.gitkeep
[1.513s] -- Installing: /home/zaminanwar/thesis/ros2_ws/install/rover_sim/share/ament_index/resource_index/package_run_dependencies/rover_sim
[1.514s] -- Up-to-date: /home/zaminanwar/thesis/ros2_ws/install/rover_sim/share/ament_index/resource_index/parent_prefix_path/rover_sim
[1.514s] -- Up-to-date: /home/zaminanwar/thesis/ros2_ws/install/rover_sim/share/rover_sim/environment/ament_prefix_path.sh
[1.514s] -- Up-to-date: /home/zaminanwar/thesis/ros2_ws/install/rover_sim/share/rover_sim/environment/ament_prefix_path.dsv
[1.514s] -- Up-to-date: /home/zaminanwar/thesis/ros2_ws/install/rover_sim/share/rover_sim/environment/path.sh
[1.515s] -- Up-to-date: /home/zaminanwar/thesis/ros2_ws/install/rover_sim/share/rover_sim/environment/path.dsv
[1.515s] -- Up-to-date: /home/zaminanwar/thesis/ros2_ws/install/rover_sim/share/rover_sim/local_setup.bash
[1.515s] -- Up-to-date: /home/zaminanwar/thesis/ros2_ws/install/rover_sim/share/rover_sim/local_setup.sh
[1.515s] -- Up-to-date: /home/zaminanwar/thesis/ros2_ws/install/rover_sim/share/rover_sim/local_setup.zsh
[1.515s] -- Up-to-date: /home/zaminanwar/thesis/ros2_ws/install/rover_sim/share/rover_sim/local_setup.dsv
[1.515s] -- Installing: /home/zaminanwar/thesis/ros2_ws/install/rover_sim/share/rover_sim/package.dsv
[1.515s] -- Up-to-date: /home/zaminanwar/thesis/ros2_ws/install/rover_sim/share/ament_index/resource_index/packages/rover_sim
[1.515s] -- Up-to-date: /home/zaminanwar/thesis/ros2_ws/install/rover_sim/share/rover_sim/cmake/rover_simConfig.cmake
[1.515s] -- Up-to-date: /home/zaminanwar/thesis/ros2_ws/install/rover_sim/share/rover_sim/cmake/rover_simConfig-version.cmake
[1.515s] -- Installing: /home/zaminanwar/thesis/ros2_ws/install/rover_sim/share/rover_sim/package.xml
[1.533s] Invoked command in '/home/zaminanwar/thesis/ros2_ws/build/rover_sim' returned '0': AMENT_PREFIX_PATH=/home/zaminanwar/thesis/ros2_ws/install/rover_description:${AMENT_PREFIX_PATH} CMAKE_PREFIX_PATH=/home/zaminanwar/thesis/ros2_ws/install/rover_description:/opt/ros/jazzy/opt/gz_sim_vendor:/opt/ros/jazzy/opt/gz_sensors_vendor:/opt/ros/jazzy/opt/gz_physics_vendor:/opt/ros/jazzy/opt/sdformat_vendor:/opt/ros/jazzy/opt/gz_gui_vendor:/opt/ros/jazzy/opt/gz_transport_vendor:/opt/ros/jazzy/opt/gz_rendering_vendor:/opt/ros/jazzy/opt/gz_plugin_vendor:/opt/ros/jazzy/opt/gz_fuel_tools_vendor:/opt/ros/jazzy/opt/gz_msgs_vendor:/opt/ros/jazzy/opt/gz_common_vendor:/opt/ros/jazzy/opt/gz_math_vendor:/opt/ros/jazzy/opt/gz_utils_vendor:/opt/ros/jazzy/opt/gz_tools_vendor:/opt/ros/jazzy/opt/gz_ogre_next_vendor:/opt/ros/jazzy/opt/gz_dartsim_vendor:/opt/ros/jazzy/opt/gz_cmake_vendor:/opt/ros/jazzy /usr/bin/cmake --install /home/zaminanwar/thesis/ros2_ws/build/rover_sim
