\BOOKMARK [0][-]{Doc-Start}{\376\377\000A\000b\000s\000t\000r\000a\000c\000t}{}% 1
\BOOKMARK [0][-]{chapter.1}{\376\377\000I\000n\000t\000r\000o\000d\000u\000c\000t\000i\000o\000n}{}% 2
\BOOKMARK [1][-]{section.1.1}{\376\377\000M\000o\000t\000i\000v\000a\000t\000i\000o\000n}{chapter.1}% 3
\BOOKMARK [1][-]{section.1.2}{\376\377\000P\000r\000o\000b\000l\000e\000m\000\040\000S\000t\000a\000t\000e\000m\000e\000n\000t}{chapter.1}% 4
\BOOKMARK [1][-]{section.1.3}{\376\377\000R\000e\000s\000e\000a\000r\000c\000h\000\040\000Q\000u\000e\000s\000t\000i\000o\000n\000s}{chapter.1}% 5
\BOOKMARK [1][-]{section.1.4}{\376\377\000C\000o\000n\000t\000r\000i\000b\000u\000t\000i\000o\000n\000s}{chapter.1}% 6
\BOOKMARK [1][-]{section.1.5}{\376\377\000T\000h\000e\000s\000i\000s\000\040\000S\000t\000r\000u\000c\000t\000u\000r\000e}{chapter.1}% 7
\BOOKMARK [0][-]{chapter.2}{\376\377\000B\000a\000c\000k\000g\000r\000o\000u\000n\000d\000\040\000a\000n\000d\000\040\000R\000e\000l\000a\000t\000e\000d\000\040\000W\000o\000r\000k}{}% 8
\BOOKMARK [1][-]{section.2.1}{\376\377\000S\000i\000m\000u\000l\000t\000a\000n\000e\000o\000u\000s\000\040\000L\000o\000c\000a\000l\000i\000z\000a\000t\000i\000o\000n\000\040\000a\000n\000d\000\040\000M\000a\000p\000p\000i\000n\000g}{chapter.2}% 9
\BOOKMARK [2][-]{subsection.2.1.1}{\376\377\000P\000r\000o\000b\000l\000e\000m\000\040\000F\000o\000r\000m\000u\000l\000a\000t\000i\000o\000n}{section.2.1}% 10
\BOOKMARK [2][-]{subsection.2.1.2}{\376\377\000F\000i\000l\000t\000e\000r\000-\000B\000a\000s\000e\000d\000\040\000A\000p\000p\000r\000o\000a\000c\000h\000e\000s}{section.2.1}% 11
\BOOKMARK [2][-]{subsection.2.1.3}{\376\377\000G\000r\000a\000p\000h\000-\000B\000a\000s\000e\000d\000\040\000A\000p\000p\000r\000o\000a\000c\000h\000e\000s}{section.2.1}% 12
\BOOKMARK [2][-]{subsection.2.1.4}{\376\377\000T\000h\000e\000\040\0002\000D\000\040\000L\000i\000D\000A\000R\000\040\000S\000L\000A\000M\000\040\000L\000a\000n\000d\000s\000c\000a\000p\000e}{section.2.1}% 13
\BOOKMARK [1][-]{section.2.2}{\376\377\000S\000L\000A\000M\000\040\000T\000o\000o\000l\000b\000o\000x}{chapter.2}% 14
\BOOKMARK [2][-]{subsection.2.2.1}{\376\377\000A\000r\000c\000h\000i\000t\000e\000c\000t\000u\000r\000e}{section.2.2}% 15
\BOOKMARK [2][-]{subsection.2.2.2}{\376\377\000S\000c\000a\000n\000\040\000M\000a\000t\000c\000h\000i\000n\000g\000\040\000a\000n\000d\000\040\000L\000o\000o\000p\000\040\000C\000l\000o\000s\000u\000r\000e}{section.2.2}% 16
\BOOKMARK [2][-]{subsection.2.2.3}{\376\377\000R\000O\000S\000\040\0002\000\040\000I\000n\000t\000e\000g\000r\000a\000t\000i\000o\000n}{section.2.2}% 17
\BOOKMARK [1][-]{section.2.3}{\376\377\000G\000o\000o\000g\000l\000e\000\040\000C\000a\000r\000t\000o\000g\000r\000a\000p\000h\000e\000r}{chapter.2}% 18
\BOOKMARK [2][-]{subsection.2.3.1}{\376\377\000L\000o\000c\000a\000l\000\040\000S\000L\000A\000M\000:\000\040\000S\000u\000b\000m\000a\000p\000\040\000C\000o\000n\000s\000t\000r\000u\000c\000t\000i\000o\000n}{section.2.3}% 19
\BOOKMARK [2][-]{subsection.2.3.2}{\376\377\000G\000l\000o\000b\000a\000l\000\040\000S\000L\000A\000M\000:\000\040\000L\000o\000o\000p\000\040\000C\000l\000o\000s\000u\000r\000e\000\040\000a\000n\000d\000\040\000O\000p\000t\000i\000m\000i\000z\000a\000t\000i\000o\000n}{section.2.3}% 20
\BOOKMARK [2][-]{subsection.2.3.3}{\376\377\000K\000e\000y\000\040\000D\000i\000f\000f\000e\000r\000e\000n\000c\000e\000s\000\040\000f\000r\000o\000m\000\040\000S\000L\000A\000M\000\040\000T\000o\000o\000l\000b\000o\000x}{section.2.3}% 21
\BOOKMARK [1][-]{section.2.4}{\376\377\000T\000h\000e\000\040\000N\000a\000v\0002\000\040\000N\000a\000v\000i\000g\000a\000t\000i\000o\000n\000\040\000F\000r\000a\000m\000e\000w\000o\000r\000k}{chapter.2}% 22
\BOOKMARK [2][-]{subsection.2.4.1}{\376\377\000A\000r\000c\000h\000i\000t\000e\000c\000t\000u\000r\000e}{section.2.4}% 23
\BOOKMARK [2][-]{subsection.2.4.2}{\376\377\000S\000L\000A\000M\000-\000i\000n\000-\000t\000h\000e\000-\000L\000o\000o\000p\000\040\000O\000p\000e\000r\000a\000t\000i\000o\000n}{section.2.4}% 24
\BOOKMARK [1][-]{section.2.5}{\376\377\000S\000L\000A\000M\000\040\000E\000v\000a\000l\000u\000a\000t\000i\000o\000n\000\040\000M\000e\000t\000h\000o\000d\000o\000l\000o\000g\000y}{chapter.2}% 25
\BOOKMARK [2][-]{subsection.2.5.1}{\376\377\000A\000b\000s\000o\000l\000u\000t\000e\000\040\000T\000r\000a\000j\000e\000c\000t\000o\000r\000y\000\040\000E\000r\000r\000o\000r}{section.2.5}% 26
\BOOKMARK [2][-]{subsection.2.5.2}{\376\377\000R\000e\000l\000a\000t\000i\000v\000e\000\040\000P\000o\000s\000e\000\040\000E\000r\000r\000o\000r}{section.2.5}% 27
\BOOKMARK [2][-]{subsection.2.5.3}{\376\377\000T\000h\000e\000\040\000e\000v\000o\000\040\000L\000i\000b\000r\000a\000r\000y}{section.2.5}% 28
\BOOKMARK [1][-]{section.2.6}{\376\377\000R\000e\000l\000a\000t\000e\000d\000\040\000B\000e\000n\000c\000h\000m\000a\000r\000k\000i\000n\000g\000\040\000W\000o\000r\000k}{chapter.2}% 29
\BOOKMARK [1][-]{section.2.7}{\376\377\000R\000e\000s\000e\000a\000r\000c\000h\000\040\000G\000a\000p}{chapter.2}% 30
\BOOKMARK [0][-]{chapter.3}{\376\377\000M\000e\000t\000h\000o\000d\000o\000l\000o\000g\000y}{}% 31
\BOOKMARK [1][-]{section.3.1}{\376\377\000S\000i\000m\000u\000l\000a\000t\000i\000o\000n\000\040\000P\000l\000a\000t\000f\000o\000r\000m}{chapter.3}% 32
\BOOKMARK [1][-]{section.3.2}{\376\377\000R\000o\000b\000o\000t\000\040\000M\000o\000d\000e\000l}{chapter.3}% 33
\BOOKMARK [1][-]{section.3.3}{\376\377\000S\000i\000m\000u\000l\000a\000t\000i\000o\000n\000\040\000E\000n\000v\000i\000r\000o\000n\000m\000e\000n\000t}{chapter.3}% 34
\BOOKMARK [1][-]{section.3.4}{\376\377\000G\000r\000o\000u\000n\000d\000\040\000T\000r\000u\000t\000h\000\040\000S\000y\000s\000t\000e\000m}{chapter.3}% 35
\BOOKMARK [1][-]{section.3.5}{\376\377\000S\000L\000A\000M\000\040\000A\000l\000g\000o\000r\000i\000t\000h\000m\000\040\000C\000o\000n\000f\000i\000g\000u\000r\000a\000t\000i\000o\000n}{chapter.3}% 36
\BOOKMARK [2][-]{subsection.3.5.1}{\376\377\000S\000L\000A\000M\000\040\000T\000o\000o\000l\000b\000o\000x\000\040\000C\000o\000n\000f\000i\000g\000u\000r\000a\000t\000i\000o\000n}{section.3.5}% 37
\BOOKMARK [2][-]{subsection.3.5.2}{\376\377\000C\000a\000r\000t\000o\000g\000r\000a\000p\000h\000e\000r\000\040\000C\000o\000n\000f\000i\000g\000u\000r\000a\000t\000i\000o\000n}{section.3.5}% 38
\BOOKMARK [2][-]{subsection.3.5.3}{\376\377\000C\000o\000n\000f\000i\000g\000u\000r\000a\000t\000i\000o\000n\000\040\000F\000a\000i\000r\000n\000e\000s\000s}{section.3.5}% 39
\BOOKMARK [1][-]{section.3.6}{\376\377\000N\000a\000v\000i\000g\000a\000t\000i\000o\000n\000\040\000S\000t\000a\000c\000k}{chapter.3}% 40
\BOOKMARK [2][-]{subsection.3.6.1}{\376\377\000C\000o\000m\000p\000o\000n\000e\000n\000t\000\040\000C\000o\000n\000f\000i\000g\000u\000r\000a\000t\000i\000o\000n}{section.3.6}% 41
\BOOKMARK [2][-]{subsection.3.6.2}{\376\377\000L\000i\000f\000e\000c\000y\000c\000l\000e\000\040\000M\000a\000n\000a\000g\000e\000m\000e\000n\000t}{section.3.6}% 42
\BOOKMARK [1][-]{section.3.7}{\376\377\000E\000x\000p\000e\000r\000i\000m\000e\000n\000t\000a\000l\000\040\000D\000e\000s\000i\000g\000n}{chapter.3}% 43
\BOOKMARK [2][-]{subsection.3.7.1}{\376\377\000N\000a\000v\000i\000g\000a\000t\000i\000o\000n\000\040\000G\000o\000a\000l\000\040\000S\000e\000t\000s}{section.3.7}% 44
\BOOKMARK [1][-]{section.3.8}{\376\377\000E\000v\000a\000l\000u\000a\000t\000i\000o\000n\000\040\000M\000e\000t\000r\000i\000c\000s}{chapter.3}% 45
\BOOKMARK [2][-]{subsection.3.8.1}{\376\377\000S\000L\000A\000M\000\040\000A\000c\000c\000u\000r\000a\000c\000y\000\040\000M\000e\000t\000r\000i\000c\000s}{section.3.8}% 46
\BOOKMARK [2][-]{subsection.3.8.2}{\376\377\000N\000a\000v\000i\000g\000a\000t\000i\000o\000n\000\040\000M\000e\000t\000r\000i\000c\000s}{section.3.8}% 47
\BOOKMARK [1][-]{section.3.9}{\376\377\000E\000x\000p\000e\000r\000i\000m\000e\000n\000t\000a\000l\000\040\000P\000r\000o\000t\000o\000c\000o\000l}{chapter.3}% 48
\BOOKMARK [0][-]{chapter.4}{\376\377\000I\000m\000p\000l\000e\000m\000e\000n\000t\000a\000t\000i\000o\000n}{}% 49
\BOOKMARK [1][-]{section.4.1}{\376\377\000S\000y\000s\000t\000e\000m\000\040\000A\000r\000c\000h\000i\000t\000e\000c\000t\000u\000r\000e}{chapter.4}% 50
\BOOKMARK [1][-]{section.4.2}{\376\377\000R\000O\000S\000\040\0002\000\040\000P\000a\000c\000k\000a\000g\000e\000\040\000S\000t\000r\000u\000c\000t\000u\000r\000e}{chapter.4}% 51
\BOOKMARK [1][-]{section.4.3}{\376\377\000T\000F\000\040\000F\000r\000a\000m\000e\000\040\000A\000r\000c\000h\000i\000t\000e\000c\000t\000u\000r\000e}{chapter.4}% 52
\BOOKMARK [1][-]{section.4.4}{\376\377\000E\000x\000p\000e\000r\000i\000m\000e\000n\000t\000\040\000O\000r\000c\000h\000e\000s\000t\000r\000a\000t\000i\000o\000n}{chapter.4}% 53
\BOOKMARK [1][-]{section.4.5}{\376\377\000B\000a\000t\000c\000h\000\040\000R\000u\000n\000n\000e\000r}{chapter.4}% 54
\BOOKMARK [1][-]{section.4.6}{\376\377\000K\000e\000y\000\040\000T\000e\000c\000h\000n\000i\000c\000a\000l\000\040\000C\000h\000a\000l\000l\000e\000n\000g\000e\000s}{chapter.4}% 55
\BOOKMARK [2][-]{subsection.4.6.1}{\376\377\000T\000F\000\040\000T\000r\000e\000e\000\040\000C\000o\000n\000f\000l\000i\000c\000t\000\040\000R\000e\000s\000o\000l\000u\000t\000i\000o\000n}{section.4.6}% 56
\BOOKMARK [2][-]{subsection.4.6.2}{\376\377\000S\000L\000A\000M\000\040\000L\000i\000f\000e\000c\000y\000c\000l\000e\000\040\000N\000o\000d\000e\000\040\000O\000r\000d\000e\000r\000i\000n\000g}{section.4.6}% 57
\BOOKMARK [2][-]{subsection.4.6.3}{\376\377\000B\000e\000h\000a\000v\000i\000o\000r\000\040\000T\000r\000e\000e\000\040\000C\000o\000n\000f\000i\000g\000u\000r\000a\000t\000i\000o\000n}{section.4.6}% 58
\BOOKMARK [2][-]{subsection.4.6.4}{\376\377\000T\000r\000a\000j\000e\000c\000t\000o\000r\000y\000\040\000E\000x\000p\000o\000r\000t\000e\000r\000\040\000R\000o\000b\000u\000s\000t\000n\000e\000s\000s}{section.4.6}% 59
\BOOKMARK [0][-]{chapter.5}{\376\377\000R\000e\000s\000u\000l\000t\000s}{}% 60
\BOOKMARK [1][-]{section.5.1}{\376\377\000E\000x\000p\000e\000r\000i\000m\000e\000n\000t\000a\000l\000\040\000O\000v\000e\000r\000v\000i\000e\000w}{chapter.5}% 61
\BOOKMARK [1][-]{section.5.2}{\376\377\000N\000a\000v\000i\000g\000a\000t\000i\000o\000n\000\040\000S\000u\000c\000c\000e\000s\000s}{chapter.5}% 62
\BOOKMARK [1][-]{section.5.3}{\376\377\000S\000L\000A\000M\000\040\000A\000c\000c\000u\000r\000a\000c\000y\000:\000\040\000A\000b\000s\000o\000l\000u\000t\000e\000\040\000T\000r\000a\000j\000e\000c\000t\000o\000r\000y\000\040\000E\000r\000r\000o\000r}{chapter.5}% 63
\BOOKMARK [1][-]{section.5.4}{\376\377\000S\000L\000A\000M\000\040\000A\000c\000c\000u\000r\000a\000c\000y\000:\000\040\000R\000e\000l\000a\000t\000i\000v\000e\000\040\000P\000o\000s\000e\000\040\000E\000r\000r\000o\000r}{chapter.5}% 64
\BOOKMARK [1][-]{section.5.5}{\376\377\000N\000a\000v\000i\000g\000a\000t\000i\000o\000n\000\040\000T\000i\000m\000e\000\040\000A\000n\000a\000l\000y\000s\000i\000s}{chapter.5}% 65
\BOOKMARK [1][-]{section.5.6}{\376\377\000S\000c\000a\000l\000i\000n\000g\000\040\000B\000e\000h\000a\000v\000i\000o\000r}{chapter.5}% 66
\BOOKMARK [1][-]{section.5.7}{\376\377\000R\000u\000n\000-\000t\000o\000-\000R\000u\000n\000\040\000C\000o\000n\000s\000i\000s\000t\000e\000n\000c\000y}{chapter.5}% 67
\BOOKMARK [1][-]{section.5.8}{\376\377\000S\000u\000m\000m\000a\000r\000y\000\040\000o\000f\000\040\000R\000e\000s\000u\000l\000t\000s}{chapter.5}% 68
\BOOKMARK [0][-]{chapter.6}{\376\377\000D\000i\000s\000c\000u\000s\000s\000i\000o\000n}{}% 69
\BOOKMARK [1][-]{section.6.1}{\376\377\000A\000n\000s\000w\000e\000r\000i\000n\000g\000\040\000t\000h\000e\000\040\000R\000e\000s\000e\000a\000r\000c\000h\000\040\000Q\000u\000e\000s\000t\000i\000o\000n\000s}{chapter.6}% 70
\BOOKMARK [2][-]{subsection.6.1.1}{\376\377\000R\000Q\0001\000:\000\040\000S\000L\000A\000M\000\040\000A\000c\000c\000u\000r\000a\000c\000y\000\040\000C\000o\000m\000p\000a\000r\000i\000s\000o\000n}{section.6.1}% 71
\BOOKMARK [2][-]{subsection.6.1.2}{\376\377\000R\000Q\0002\000:\000\040\000A\000c\000c\000u\000r\000a\000c\000y\000\040\000a\000n\000d\000\040\000N\000a\000v\000i\000g\000a\000t\000i\000o\000n\000\040\000S\000u\000c\000c\000e\000s\000s}{section.6.1}% 72
\BOOKMARK [2][-]{subsection.6.1.3}{\376\377\000R\000Q\0003\000:\000\040\000S\000c\000a\000l\000i\000n\000g\000\040\000w\000i\000t\000h\000\040\000C\000o\000m\000p\000l\000e\000x\000i\000t\000y}{section.6.1}% 73
\BOOKMARK [1][-]{section.6.2}{\376\377\000T\000h\000e\000\040\000A\000c\000c\000u\000r\000a\000c\000y\040\023\000U\000t\000i\000l\000i\000t\000y\000\040\000G\000a\000p}{chapter.6}% 74
\BOOKMARK [1][-]{section.6.3}{\376\377\000A\000l\000g\000o\000r\000i\000t\000h\000m\000i\000c\000\040\000A\000n\000a\000l\000y\000s\000i\000s}{chapter.6}% 75
\BOOKMARK [1][-]{section.6.4}{\376\377\000P\000r\000a\000c\000t\000i\000c\000a\000l\000\040\000I\000m\000p\000l\000i\000c\000a\000t\000i\000o\000n\000s}{chapter.6}% 76
\BOOKMARK [1][-]{section.6.5}{\376\377\000L\000i\000m\000i\000t\000a\000t\000i\000o\000n\000s}{chapter.6}% 77
\BOOKMARK [1][-]{section.6.6}{\376\377\000T\000h\000r\000e\000a\000t\000s\000\040\000t\000o\000\040\000V\000a\000l\000i\000d\000i\000t\000y}{chapter.6}% 78
\BOOKMARK [0][-]{chapter.7}{\376\377\000C\000o\000n\000c\000l\000u\000s\000i\000o\000n\000\040\000a\000n\000d\000\040\000F\000u\000t\000u\000r\000e\000\040\000W\000o\000r\000k}{}% 79
\BOOKMARK [1][-]{section.7.1}{\376\377\000S\000u\000m\000m\000a\000r\000y\000\040\000o\000f\000\040\000C\000o\000n\000t\000r\000i\000b\000u\000t\000i\000o\000n\000s}{chapter.7}% 80
\BOOKMARK [1][-]{section.7.2}{\376\377\000K\000e\000y\000\040\000F\000i\000n\000d\000i\000n\000g\000s}{chapter.7}% 81
\BOOKMARK [1][-]{section.7.3}{\376\377\000F\000u\000t\000u\000r\000e\000\040\000W\000o\000r\000k}{chapter.7}% 82
