[0.772s] Invoking command in '/home/zaminanwar/thesis/ros2_ws/build/slam_launch': CMAKE_PREFIX_PATH=${CMAKE_PREFIX_PATH}:/opt/ros/jazzy /usr/bin/cmake /home/zaminanwar/thesis/ros2_ws/src/slam_thesis/slam_launch -DCMAKE_INSTALL_PREFIX=/home/zaminanwar/thesis/ros2_ws/install/slam_launch
[7.618s] -- The C compiler identification is GNU 13.3.0
[12.684s] -- The CXX compiler identification is GNU 13.3.0
[13.545s] -- Detecting C compiler ABI info
[14.804s] -- Detecting C compiler ABI info - done
[14.811s] -- Check for working C compiler: /usr/bin/cc - skipped
[14.811s] -- Detecting C compile features
[14.817s] -- Detecting C compile features - done
[14.975s] -- Detecting CXX compiler ABI info
[15.252s] -- Detecting CXX compiler ABI info - done
[15.259s] -- Check for working CXX compiler: /usr/bin/c++ - skipped
[15.260s] -- Detecting CXX compile features
[15.260s] -- Detecting CXX compile features - done
[16.376s] -- Found ament_cmake: 2.5.4 (/opt/ros/jazzy/share/ament_cmake/cmake)
[16.780s] -- Found Python3: /usr/bin/python3 (found version "3.12.3") found components: Interpreter 
[17.364s] -- Configuring done (15.2s)
[17.371s] -- Generating done (0.0s)
[17.390s] -- Build files have been written to: /home/zaminanwar/thesis/ros2_ws/build/slam_launch
[17.396s] Invoked command in '/home/zaminanwar/thesis/ros2_ws/build/slam_launch' returned '0': CMAKE_PREFIX_PATH=${CMAKE_PREFIX_PATH}:/opt/ros/jazzy /usr/bin/cmake /home/zaminanwar/thesis/ros2_ws/src/slam_thesis/slam_launch -DCMAKE_INSTALL_PREFIX=/home/zaminanwar/thesis/ros2_ws/install/slam_launch
[17.397s] Invoking command in '/home/zaminanwar/thesis/ros2_ws/build/slam_launch': CMAKE_PREFIX_PATH=${CMAKE_PREFIX_PATH}:/opt/ros/jazzy /usr/bin/cmake --build /home/zaminanwar/thesis/ros2_ws/build/slam_launch -- -j12 -l12
[17.534s] Invoked command in '/home/zaminanwar/thesis/ros2_ws/build/slam_launch' returned '0': CMAKE_PREFIX_PATH=${CMAKE_PREFIX_PATH}:/opt/ros/jazzy /usr/bin/cmake --build /home/zaminanwar/thesis/ros2_ws/build/slam_launch -- -j12 -l12
[17.549s] Invoking command in '/home/zaminanwar/thesis/ros2_ws/build/slam_launch': CMAKE_PREFIX_PATH=${CMAKE_PREFIX_PATH}:/opt/ros/jazzy /usr/bin/cmake --install /home/zaminanwar/thesis/ros2_ws/build/slam_launch
[17.564s] -- Install configuration: ""
[17.564s] -- Installing: /home/zaminanwar/thesis/ros2_ws/install/slam_launch/share/slam_launch/launch
[17.570s] -- Installing: /home/zaminanwar/thesis/ros2_ws/install/slam_launch/share/slam_launch/launch/.gitkeep
[17.570s] -- Installing: /home/zaminanwar/thesis/ros2_ws/install/slam_launch/share/slam_launch/config
[17.572s] -- Installing: /home/zaminanwar/thesis/ros2_ws/install/slam_launch/share/slam_launch/config/.gitkeep
[17.573s] -- Installing: /home/zaminanwar/thesis/ros2_ws/install/slam_launch/share/ament_index/resource_index/package_run_dependencies/slam_launch
[17.574s] -- Installing: /home/zaminanwar/thesis/ros2_ws/install/slam_launch/share/ament_index/resource_index/parent_prefix_path/slam_launch
[17.574s] -- Installing: /home/zaminanwar/thesis/ros2_ws/install/slam_launch/share/slam_launch/environment/ament_prefix_path.sh
[17.575s] -- Installing: /home/zaminanwar/thesis/ros2_ws/install/slam_launch/share/slam_launch/environment/ament_prefix_path.dsv
[17.575s] -- Installing: /home/zaminanwar/thesis/ros2_ws/install/slam_launch/share/slam_launch/environment/path.sh
[17.575s] -- Installing: /home/zaminanwar/thesis/ros2_ws/install/slam_launch/share/slam_launch/environment/path.dsv
[17.575s] -- Installing: /home/zaminanwar/thesis/ros2_ws/install/slam_launch/share/slam_launch/local_setup.bash
[17.576s] -- Installing: /home/zaminanwar/thesis/ros2_ws/install/slam_launch/share/slam_launch/local_setup.sh
[17.576s] -- Installing: /home/zaminanwar/thesis/ros2_ws/install/slam_launch/share/slam_launch/local_setup.zsh
[17.576s] -- Installing: /home/zaminanwar/thesis/ros2_ws/install/slam_launch/share/slam_launch/local_setup.dsv
[17.576s] -- Installing: /home/zaminanwar/thesis/ros2_ws/install/slam_launch/share/slam_launch/package.dsv
[17.576s] -- Installing: /home/zaminanwar/thesis/ros2_ws/install/slam_launch/share/ament_index/resource_index/packages/slam_launch
[17.577s] -- Installing: /home/zaminanwar/thesis/ros2_ws/install/slam_launch/share/slam_launch/cmake/slam_launchConfig.cmake
[17.577s] -- Installing: /home/zaminanwar/thesis/ros2_ws/install/slam_launch/share/slam_launch/cmake/slam_launchConfig-version.cmake
[17.577s] -- Installing: /home/zaminanwar/thesis/ros2_ws/install/slam_launch/share/slam_launch/package.xml
[17.580s] Invoked command in '/home/zaminanwar/thesis/ros2_ws/build/slam_launch' returned '0': CMAKE_PREFIX_PATH=${CMAKE_PREFIX_PATH}:/opt/ros/jazzy /usr/bin/cmake --install /home/zaminanwar/thesis/ros2_ws/build/slam_launch
