[0.106s] DEBUG:colcon:Command line arguments: ['/usr/bin/colcon', 'build', '--packages-select', 'gt_publisher']
[0.107s] DEBUG:colcon:Parsed command line arguments: Namespace(log_base=None, log_level=None, verb_name='build', build_base='build', install_base='install', merge_install=False, symlink_install=False, test_result_base=None, continue_on_error=False, executor='parallel', parallel_workers=12, event_handlers=None, ignore_user_meta=False, metas=['./colcon.meta'], base_paths=['.'], packages_ignore=None, packages_ignore_regex=None, paths=None, packages_up_to=None, packages_up_to_regex=None, packages_above=None, packages_above_and_dependencies=None, packages_above_depth=None, packages_select_by_dep=None, packages_skip_by_dep=None, packages_skip_up_to=None, packages_select_build_failed=False, packages_skip_build_finished=False, packages_select_test_failures=False, packages_skip_test_passed=False, packages_select=['gt_publisher'], packages_skip=None, packages_select_regex=None, packages_skip_regex=None, packages_start=None, packages_end=None, allow_overriding=[], cmake_args=None, cmake_target=None, cmake_target_skip_unavailable=False, cmake_clean_cache=False, cmake_clean_first=False, cmake_force_configure=False, ament_cmake_args=None, catkin_cmake_args=None, catkin_skip_building_tests=False, verb_parser=<colcon_defaults.argument_parser.defaults.DefaultArgumentsDecorator object at 0x77725da67c80>, verb_extension=<colcon_core.verb.build.BuildVerb object at 0x77725e2824b0>, main=<bound method BuildVerb.main of <colcon_core.verb.build.BuildVerb object at 0x77725e2824b0>>)
[0.142s] Level 1:colcon.colcon_core.package_discovery:discover_packages(colcon_meta) check parameters
[0.142s] Level 1:colcon.colcon_core.package_discovery:discover_packages(recursive) check parameters
[0.142s] Level 1:colcon.colcon_core.package_discovery:discover_packages(ignore) check parameters
[0.142s] Level 1:colcon.colcon_core.package_discovery:discover_packages(path) check parameters
[0.142s] Level 1:colcon.colcon_core.package_discovery:discover_packages(colcon_meta) discover
[0.142s] Level 1:colcon.colcon_core.package_discovery:discover_packages(recursive) discover
[0.142s] INFO:colcon.colcon_core.package_discovery:Crawling recursively for packages in '/home/zaminanwar/thesis/ros2_ws'
[0.142s] Level 1:colcon.colcon_core.package_identification:_identify(.) by extensions ['ignore', 'ignore_ament_install']
[0.142s] Level 1:colcon.colcon_core.package_identification:_identify(.) by extension 'ignore'
[0.142s] Level 1:colcon.colcon_core.package_identification:_identify(.) by extension 'ignore_ament_install'
[0.142s] Level 1:colcon.colcon_core.package_identification:_identify(.) by extensions ['colcon_pkg']
[0.142s] Level 1:colcon.colcon_core.package_identification:_identify(.) by extension 'colcon_pkg'
[0.142s] Level 1:colcon.colcon_core.package_identification:_identify(.) by extensions ['colcon_meta']
[0.142s] Level 1:colcon.colcon_core.package_identification:_identify(.) by extension 'colcon_meta'
[0.142s] Level 1:colcon.colcon_core.package_identification:_identify(.) by extensions ['ros']
[0.142s] Level 1:colcon.colcon_core.package_identification:_identify(.) by extension 'ros'
[0.163s] Level 1:colcon.colcon_core.package_identification:_identify(.) by extensions ['cmake', 'python']
[0.163s] Level 1:colcon.colcon_core.package_identification:_identify(.) by extension 'cmake'
[0.163s] Level 1:colcon.colcon_core.package_identification:_identify(.) by extension 'python'
[0.163s] Level 1:colcon.colcon_core.package_identification:_identify(.) by extensions ['python_setup_py']
[0.163s] Level 1:colcon.colcon_core.package_identification:_identify(.) by extension 'python_setup_py'
[0.163s] Level 1:colcon.colcon_core.package_identification:_identify(bags) by extensions ['ignore', 'ignore_ament_install']
[0.163s] Level 1:colcon.colcon_core.package_identification:_identify(bags) by extension 'ignore'
[0.163s] Level 1:colcon.colcon_core.package_identification:_identify(bags) by extension 'ignore_ament_install'
[0.163s] Level 1:colcon.colcon_core.package_identification:_identify(bags) by extensions ['colcon_pkg']
[0.163s] Level 1:colcon.colcon_core.package_identification:_identify(bags) by extension 'colcon_pkg'
[0.163s] Level 1:colcon.colcon_core.package_identification:_identify(bags) by extensions ['colcon_meta']
[0.163s] Level 1:colcon.colcon_core.package_identification:_identify(bags) by extension 'colcon_meta'
[0.163s] Level 1:colcon.colcon_core.package_identification:_identify(bags) by extensions ['ros']
[0.163s] Level 1:colcon.colcon_core.package_identification:_identify(bags) by extension 'ros'
[0.163s] Level 1:colcon.colcon_core.package_identification:_identify(bags) by extensions ['cmake', 'python']
[0.163s] Level 1:colcon.colcon_core.package_identification:_identify(bags) by extension 'cmake'
[0.163s] Level 1:colcon.colcon_core.package_identification:_identify(bags) by extension 'python'
[0.163s] Level 1:colcon.colcon_core.package_identification:_identify(bags) by extensions ['python_setup_py']
[0.163s] Level 1:colcon.colcon_core.package_identification:_identify(bags) by extension 'python_setup_py'
[0.164s] Level 1:colcon.colcon_core.package_identification:_identify(build) by extensions ['ignore', 'ignore_ament_install']
[0.164s] Level 1:colcon.colcon_core.package_identification:_identify(build) by extension 'ignore'
[0.164s] Level 1:colcon.colcon_core.package_identification:_identify(build) ignored
[0.164s] Level 1:colcon.colcon_core.package_identification:_identify(install) by extensions ['ignore', 'ignore_ament_install']
[0.164s] Level 1:colcon.colcon_core.package_identification:_identify(install) by extension 'ignore'
[0.164s] Level 1:colcon.colcon_core.package_identification:_identify(install) ignored
[0.164s] Level 1:colcon.colcon_core.package_identification:_identify(log) by extensions ['ignore', 'ignore_ament_install']
[0.164s] Level 1:colcon.colcon_core.package_identification:_identify(log) by extension 'ignore'
[0.164s] Level 1:colcon.colcon_core.package_identification:_identify(log) ignored
[0.164s] Level 1:colcon.colcon_core.package_identification:_identify(results) by extensions ['ignore', 'ignore_ament_install']
[0.164s] Level 1:colcon.colcon_core.package_identification:_identify(results) by extension 'ignore'
[0.164s] Level 1:colcon.colcon_core.package_identification:_identify(results) by extension 'ignore_ament_install'
[0.164s] Level 1:colcon.colcon_core.package_identification:_identify(results) by extensions ['colcon_pkg']
[0.164s] Level 1:colcon.colcon_core.package_identification:_identify(results) by extension 'colcon_pkg'
[0.164s] Level 1:colcon.colcon_core.package_identification:_identify(results) by extensions ['colcon_meta']
[0.164s] Level 1:colcon.colcon_core.package_identification:_identify(results) by extension 'colcon_meta'
[0.164s] Level 1:colcon.colcon_core.package_identification:_identify(results) by extensions ['ros']
[0.164s] Level 1:colcon.colcon_core.package_identification:_identify(results) by extension 'ros'
[0.164s] Level 1:colcon.colcon_core.package_identification:_identify(results) by extensions ['cmake', 'python']
[0.164s] Level 1:colcon.colcon_core.package_identification:_identify(results) by extension 'cmake'
[0.164s] Level 1:colcon.colcon_core.package_identification:_identify(results) by extension 'python'
[0.164s] Level 1:colcon.colcon_core.package_identification:_identify(results) by extensions ['python_setup_py']
[0.164s] Level 1:colcon.colcon_core.package_identification:_identify(results) by extension 'python_setup_py'
[0.165s] Level 1:colcon.colcon_core.package_identification:_identify(src) by extensions ['ignore', 'ignore_ament_install']
[0.165s] Level 1:colcon.colcon_core.package_identification:_identify(src) by extension 'ignore'
[0.165s] Level 1:colcon.colcon_core.package_identification:_identify(src) by extension 'ignore_ament_install'
[0.165s] Level 1:colcon.colcon_core.package_identification:_identify(src) by extensions ['colcon_pkg']
[0.165s] Level 1:colcon.colcon_core.package_identification:_identify(src) by extension 'colcon_pkg'
[0.165s] Level 1:colcon.colcon_core.package_identification:_identify(src) by extensions ['colcon_meta']
[0.165s] Level 1:colcon.colcon_core.package_identification:_identify(src) by extension 'colcon_meta'
[0.165s] Level 1:colcon.colcon_core.package_identification:_identify(src) by extensions ['ros']
[0.165s] Level 1:colcon.colcon_core.package_identification:_identify(src) by extension 'ros'
[0.165s] Level 1:colcon.colcon_core.package_identification:_identify(src) by extensions ['cmake', 'python']
[0.165s] Level 1:colcon.colcon_core.package_identification:_identify(src) by extension 'cmake'
[0.165s] Level 1:colcon.colcon_core.package_identification:_identify(src) by extension 'python'
[0.165s] Level 1:colcon.colcon_core.package_identification:_identify(src) by extensions ['python_setup_py']
[0.165s] Level 1:colcon.colcon_core.package_identification:_identify(src) by extension 'python_setup_py'
[0.165s] Level 1:colcon.colcon_core.package_identification:_identify(src/slam_thesis) by extensions ['ignore', 'ignore_ament_install']
[0.165s] Level 1:colcon.colcon_core.package_identification:_identify(src/slam_thesis) by extension 'ignore'
[0.165s] Level 1:colcon.colcon_core.package_identification:_identify(src/slam_thesis) by extension 'ignore_ament_install'
[0.165s] Level 1:colcon.colcon_core.package_identification:_identify(src/slam_thesis) by extensions ['colcon_pkg']
[0.165s] Level 1:colcon.colcon_core.package_identification:_identify(src/slam_thesis) by extension 'colcon_pkg'
[0.165s] Level 1:colcon.colcon_core.package_identification:_identify(src/slam_thesis) by extensions ['colcon_meta']
[0.165s] Level 1:colcon.colcon_core.package_identification:_identify(src/slam_thesis) by extension 'colcon_meta'
[0.165s] Level 1:colcon.colcon_core.package_identification:_identify(src/slam_thesis) by extensions ['ros']
[0.165s] Level 1:colcon.colcon_core.package_identification:_identify(src/slam_thesis) by extension 'ros'
[0.165s] Level 1:colcon.colcon_core.package_identification:_identify(src/slam_thesis) by extensions ['cmake', 'python']
[0.165s] Level 1:colcon.colcon_core.package_identification:_identify(src/slam_thesis) by extension 'cmake'
[0.165s] Level 1:colcon.colcon_core.package_identification:_identify(src/slam_thesis) by extension 'python'
[0.165s] Level 1:colcon.colcon_core.package_identification:_identify(src/slam_thesis) by extensions ['python_setup_py']
[0.165s] Level 1:colcon.colcon_core.package_identification:_identify(src/slam_thesis) by extension 'python_setup_py'
[0.166s] Level 1:colcon.colcon_core.package_identification:_identify(src/slam_thesis/experiment_runner) by extensions ['ignore', 'ignore_ament_install']
[0.166s] Level 1:colcon.colcon_core.package_identification:_identify(src/slam_thesis/experiment_runner) by extension 'ignore'
[0.166s] Level 1:colcon.colcon_core.package_identification:_identify(src/slam_thesis/experiment_runner) by extension 'ignore_ament_install'
[0.166s] Level 1:colcon.colcon_core.package_identification:_identify(src/slam_thesis/experiment_runner) by extensions ['colcon_pkg']
[0.166s] Level 1:colcon.colcon_core.package_identification:_identify(src/slam_thesis/experiment_runner) by extension 'colcon_pkg'
[0.166s] Level 1:colcon.colcon_core.package_identification:_identify(src/slam_thesis/experiment_runner) by extensions ['colcon_meta']
[0.166s] Level 1:colcon.colcon_core.package_identification:_identify(src/slam_thesis/experiment_runner) by extension 'colcon_meta'
[0.166s] Level 1:colcon.colcon_core.package_identification:_identify(src/slam_thesis/experiment_runner) by extensions ['ros']
[0.166s] Level 1:colcon.colcon_core.package_identification:_identify(src/slam_thesis/experiment_runner) by extension 'ros'
[0.168s] DEBUG:colcon.colcon_core.package_identification:Package 'src/slam_thesis/experiment_runner' with type 'ros.ament_python' and name 'experiment_runner'
[0.168s] Level 1:colcon.colcon_core.package_identification:_identify(src/slam_thesis/gt_publisher) by extensions ['ignore', 'ignore_ament_install']
[0.168s] Level 1:colcon.colcon_core.package_identification:_identify(src/slam_thesis/gt_publisher) by extension 'ignore'
[0.168s] Level 1:colcon.colcon_core.package_identification:_identify(src/slam_thesis/gt_publisher) by extension 'ignore_ament_install'
[0.168s] Level 1:colcon.colcon_core.package_identification:_identify(src/slam_thesis/gt_publisher) by extensions ['colcon_pkg']
[0.168s] Level 1:colcon.colcon_core.package_identification:_identify(src/slam_thesis/gt_publisher) by extension 'colcon_pkg'
[0.168s] Level 1:colcon.colcon_core.package_identification:_identify(src/slam_thesis/gt_publisher) by extensions ['colcon_meta']
[0.168s] Level 1:colcon.colcon_core.package_identification:_identify(src/slam_thesis/gt_publisher) by extension 'colcon_meta'
[0.168s] Level 1:colcon.colcon_core.package_identification:_identify(src/slam_thesis/gt_publisher) by extensions ['ros']
[0.168s] Level 1:colcon.colcon_core.package_identification:_identify(src/slam_thesis/gt_publisher) by extension 'ros'
[0.169s] DEBUG:colcon.colcon_core.package_identification:Package 'src/slam_thesis/gt_publisher' with type 'ros.ament_python' and name 'gt_publisher'
[0.169s] Level 1:colcon.colcon_core.package_identification:_identify(src/slam_thesis/rover_control) by extensions ['ignore', 'ignore_ament_install']
[0.169s] Level 1:colcon.colcon_core.package_identification:_identify(src/slam_thesis/rover_control) by extension 'ignore'
[0.169s] Level 1:colcon.colcon_core.package_identification:_identify(src/slam_thesis/rover_control) by extension 'ignore_ament_install'
[0.169s] Level 1:colcon.colcon_core.package_identification:_identify(src/slam_thesis/rover_control) by extensions ['colcon_pkg']
[0.169s] Level 1:colcon.colcon_core.package_identification:_identify(src/slam_thesis/rover_control) by extension 'colcon_pkg'
[0.169s] Level 1:colcon.colcon_core.package_identification:_identify(src/slam_thesis/rover_control) by extensions ['colcon_meta']
[0.169s] Level 1:colcon.colcon_core.package_identification:_identify(src/slam_thesis/rover_control) by extension 'colcon_meta'
[0.169s] Level 1:colcon.colcon_core.package_identification:_identify(src/slam_thesis/rover_control) by extensions ['ros']
[0.169s] Level 1:colcon.colcon_core.package_identification:_identify(src/slam_thesis/rover_control) by extension 'ros'
[0.170s] DEBUG:colcon.colcon_core.package_identification:Package 'src/slam_thesis/rover_control' with type 'ros.ament_python' and name 'rover_control'
[0.170s] Level 1:colcon.colcon_core.package_identification:_identify(src/slam_thesis/rover_description) by extensions ['ignore', 'ignore_ament_install']
[0.170s] Level 1:colcon.colcon_core.package_identification:_identify(src/slam_thesis/rover_description) by extension 'ignore'
[0.170s] Level 1:colcon.colcon_core.package_identification:_identify(src/slam_thesis/rover_description) by extension 'ignore_ament_install'
[0.170s] Level 1:colcon.colcon_core.package_identification:_identify(src/slam_thesis/rover_description) by extensions ['colcon_pkg']
[0.170s] Level 1:colcon.colcon_core.package_identification:_identify(src/slam_thesis/rover_description) by extension 'colcon_pkg'
[0.170s] Level 1:colcon.colcon_core.package_identification:_identify(src/slam_thesis/rover_description) by extensions ['colcon_meta']
[0.170s] Level 1:colcon.colcon_core.package_identification:_identify(src/slam_thesis/rover_description) by extension 'colcon_meta'
[0.170s] Level 1:colcon.colcon_core.package_identification:_identify(src/slam_thesis/rover_description) by extensions ['ros']
[0.170s] Level 1:colcon.colcon_core.package_identification:_identify(src/slam_thesis/rover_description) by extension 'ros'
[0.171s] DEBUG:colcon.colcon_core.package_identification:Package 'src/slam_thesis/rover_description' with type 'ros.ament_cmake' and name 'rover_description'
[0.171s] Level 1:colcon.colcon_core.package_identification:_identify(src/slam_thesis/rover_sim) by extensions ['ignore', 'ignore_ament_install']
[0.171s] Level 1:colcon.colcon_core.package_identification:_identify(src/slam_thesis/rover_sim) by extension 'ignore'
[0.171s] Level 1:colcon.colcon_core.package_identification:_identify(src/slam_thesis/rover_sim) by extension 'ignore_ament_install'
[0.171s] Level 1:colcon.colcon_core.package_identification:_identify(src/slam_thesis/rover_sim) by extensions ['colcon_pkg']
[0.171s] Level 1:colcon.colcon_core.package_identification:_identify(src/slam_thesis/rover_sim) by extension 'colcon_pkg'
[0.171s] Level 1:colcon.colcon_core.package_identification:_identify(src/slam_thesis/rover_sim) by extensions ['colcon_meta']
[0.171s] Level 1:colcon.colcon_core.package_identification:_identify(src/slam_thesis/rover_sim) by extension 'colcon_meta'
[0.171s] Level 1:colcon.colcon_core.package_identification:_identify(src/slam_thesis/rover_sim) by extensions ['ros']
[0.171s] Level 1:colcon.colcon_core.package_identification:_identify(src/slam_thesis/rover_sim) by extension 'ros'
[0.171s] DEBUG:colcon.colcon_core.package_identification:Package 'src/slam_thesis/rover_sim' with type 'ros.ament_cmake' and name 'rover_sim'
[0.171s] Level 1:colcon.colcon_core.package_identification:_identify(src/slam_thesis/slam_launch) by extensions ['ignore', 'ignore_ament_install']
[0.172s] Level 1:colcon.colcon_core.package_identification:_identify(src/slam_thesis/slam_launch) by extension 'ignore'
[0.172s] Level 1:colcon.colcon_core.package_identification:_identify(src/slam_thesis/slam_launch) by extension 'ignore_ament_install'
[0.172s] Level 1:colcon.colcon_core.package_identification:_identify(src/slam_thesis/slam_launch) by extensions ['colcon_pkg']
[0.172s] Level 1:colcon.colcon_core.package_identification:_identify(src/slam_thesis/slam_launch) by extension 'colcon_pkg'
[0.172s] Level 1:colcon.colcon_core.package_identification:_identify(src/slam_thesis/slam_launch) by extensions ['colcon_meta']
[0.172s] Level 1:colcon.colcon_core.package_identification:_identify(src/slam_thesis/slam_launch) by extension 'colcon_meta'
[0.172s] Level 1:colcon.colcon_core.package_identification:_identify(src/slam_thesis/slam_launch) by extensions ['ros']
[0.172s] Level 1:colcon.colcon_core.package_identification:_identify(src/slam_thesis/slam_launch) by extension 'ros'
[0.172s] DEBUG:colcon.colcon_core.package_identification:Package 'src/slam_thesis/slam_launch' with type 'ros.ament_cmake' and name 'slam_launch'
[0.172s] Level 1:colcon.colcon_core.package_identification:_identify(src/slam_thesis/traj_exporter) by extensions ['ignore', 'ignore_ament_install']
[0.172s] Level 1:colcon.colcon_core.package_identification:_identify(src/slam_thesis/traj_exporter) by extension 'ignore'
[0.172s] Level 1:colcon.colcon_core.package_identification:_identify(src/slam_thesis/traj_exporter) by extension 'ignore_ament_install'
[0.172s] Level 1:colcon.colcon_core.package_identification:_identify(src/slam_thesis/traj_exporter) by extensions ['colcon_pkg']
[0.172s] Level 1:colcon.colcon_core.package_identification:_identify(src/slam_thesis/traj_exporter) by extension 'colcon_pkg'
[0.172s] Level 1:colcon.colcon_core.package_identification:_identify(src/slam_thesis/traj_exporter) by extensions ['colcon_meta']
[0.172s] Level 1:colcon.colcon_core.package_identification:_identify(src/slam_thesis/traj_exporter) by extension 'colcon_meta'
[0.172s] Level 1:colcon.colcon_core.package_identification:_identify(src/slam_thesis/traj_exporter) by extensions ['ros']
[0.172s] Level 1:colcon.colcon_core.package_identification:_identify(src/slam_thesis/traj_exporter) by extension 'ros'
[0.173s] DEBUG:colcon.colcon_core.package_identification:Package 'src/slam_thesis/traj_exporter' with type 'ros.ament_python' and name 'traj_exporter'
[0.173s] Level 1:colcon.colcon_core.package_discovery:discover_packages(recursive) using defaults
[0.173s] Level 1:colcon.colcon_core.package_discovery:discover_packages(ignore) discover
[0.173s] Level 1:colcon.colcon_core.package_discovery:discover_packages(ignore) using defaults
[0.173s] Level 1:colcon.colcon_core.package_discovery:discover_packages(path) discover
[0.173s] Level 1:colcon.colcon_core.package_discovery:discover_packages(path) using defaults
[0.188s] INFO:colcon.colcon_core.package_selection:Skipping not selected package 'rover_control' in 'src/slam_thesis/rover_control'
[0.188s] INFO:colcon.colcon_core.package_selection:Skipping not selected package 'rover_description' in 'src/slam_thesis/rover_description'
[0.188s] INFO:colcon.colcon_core.package_selection:Skipping not selected package 'slam_launch' in 'src/slam_thesis/slam_launch'
[0.188s] INFO:colcon.colcon_core.package_selection:Skipping not selected package 'traj_exporter' in 'src/slam_thesis/traj_exporter'
[0.188s] INFO:colcon.colcon_core.package_selection:Skipping not selected package 'rover_sim' in 'src/slam_thesis/rover_sim'
[0.188s] INFO:colcon.colcon_core.package_selection:Skipping not selected package 'experiment_runner' in 'src/slam_thesis/experiment_runner'
[0.189s] Level 1:colcon.colcon_core.package_discovery:discover_packages(prefix_path) check parameters
[0.189s] Level 1:colcon.colcon_core.package_discovery:discover_packages(prefix_path) discover
[0.191s] DEBUG:colcon.colcon_installed_package_information.package_discovery:Found 323 installed packages in /opt/ros/jazzy
[0.192s] Level 1:colcon.colcon_core.package_discovery:discover_packages(prefix_path) using defaults
[0.229s] Level 5:colcon.colcon_core.verb:set package 'gt_publisher' build argument 'cmake_args' from command line to 'None'
[0.229s] Level 5:colcon.colcon_core.verb:set package 'gt_publisher' build argument 'cmake_target' from command line to 'None'
[0.229s] Level 5:colcon.colcon_core.verb:set package 'gt_publisher' build argument 'cmake_target_skip_unavailable' from command line to 'False'
[0.229s] Level 5:colcon.colcon_core.verb:set package 'gt_publisher' build argument 'cmake_clean_cache' from command line to 'False'
[0.229s] Level 5:colcon.colcon_core.verb:set package 'gt_publisher' build argument 'cmake_clean_first' from command line to 'False'
[0.229s] Level 5:colcon.colcon_core.verb:set package 'gt_publisher' build argument 'cmake_force_configure' from command line to 'False'
[0.229s] Level 5:colcon.colcon_core.verb:set package 'gt_publisher' build argument 'ament_cmake_args' from command line to 'None'
[0.229s] Level 5:colcon.colcon_core.verb:set package 'gt_publisher' build argument 'catkin_cmake_args' from command line to 'None'
[0.229s] Level 5:colcon.colcon_core.verb:set package 'gt_publisher' build argument 'catkin_skip_building_tests' from command line to 'False'
[0.229s] DEBUG:colcon.colcon_core.verb:Building package 'gt_publisher' with the following arguments: {'ament_cmake_args': None, 'build_base': '/home/zaminanwar/thesis/ros2_ws/build/gt_publisher', 'catkin_cmake_args': None, 'catkin_skip_building_tests': False, 'cmake_args': None, 'cmake_clean_cache': False, 'cmake_clean_first': False, 'cmake_force_configure': False, 'cmake_target': None, 'cmake_target_skip_unavailable': False, 'install_base': '/home/zaminanwar/thesis/ros2_ws/install/gt_publisher', 'merge_install': False, 'path': '/home/zaminanwar/thesis/ros2_ws/src/slam_thesis/gt_publisher', 'symlink_install': False, 'test_result_base': None}
[0.229s] INFO:colcon.colcon_core.executor:Executing jobs using 'parallel' executor
[0.230s] DEBUG:colcon.colcon_parallel_executor.executor.parallel:run_until_complete
[0.230s] INFO:colcon.colcon_ros.task.ament_python.build:Building ROS package in '/home/zaminanwar/thesis/ros2_ws/src/slam_thesis/gt_publisher' with build type 'ament_python'
[0.231s] Level 1:colcon.colcon_core.shell:create_environment_hook('gt_publisher', 'ament_prefix_path')
[0.232s] INFO:colcon.colcon_core.plugin_system:Skipping extension 'colcon_core.shell.bat': Not used on non-Windows systems
[0.233s] INFO:colcon.colcon_core.shell:Creating environment hook '/home/zaminanwar/thesis/ros2_ws/install/gt_publisher/share/gt_publisher/hook/ament_prefix_path.ps1'
[0.233s] INFO:colcon.colcon_core.shell:Creating environment descriptor '/home/zaminanwar/thesis/ros2_ws/install/gt_publisher/share/gt_publisher/hook/ament_prefix_path.dsv'
[0.234s] INFO:colcon.colcon_core.shell:Creating environment hook '/home/zaminanwar/thesis/ros2_ws/install/gt_publisher/share/gt_publisher/hook/ament_prefix_path.sh'
[0.234s] INFO:colcon.colcon_core.shell:Skip shell extension 'powershell' for command environment: Not usable outside of PowerShell
[0.234s] DEBUG:colcon.colcon_core.shell:Skip shell extension 'dsv' for command environment
[0.430s] INFO:colcon.colcon_core.task.python.build:Building Python package in '/home/zaminanwar/thesis/ros2_ws/src/slam_thesis/gt_publisher'
[0.430s] INFO:colcon.colcon_core.shell:Skip shell extension 'powershell' for command environment: Not usable outside of PowerShell
[0.430s] DEBUG:colcon.colcon_core.shell:Skip shell extension 'dsv' for command environment
[1.001s] DEBUG:colcon.colcon_core.event_handler.log_command:Invoking command in '/home/zaminanwar/thesis/ros2_ws/src/slam_thesis/gt_publisher': PYTHONPATH=/home/zaminanwar/thesis/ros2_ws/build/gt_publisher/prefix_override:/usr/lib/python3/dist-packages/colcon_core/task/python/colcon_distutils_commands:/home/zaminanwar/thesis/ros2_ws/install/gt_publisher/lib/python3.12/site-packages:${PYTHONPATH} /usr/bin/python3 -W ignore:setup.py install is deprecated -W ignore:easy_install command is deprecated setup.py egg_info --egg-base ../../../build/gt_publisher build --build-base /home/zaminanwar/thesis/ros2_ws/build/gt_publisher/build install --record /home/zaminanwar/thesis/ros2_ws/build/gt_publisher/install.log --single-version-externally-managed install_data
[1.515s] DEBUG:colcon.colcon_core.event_handler.log_command:Invoked command in '/home/zaminanwar/thesis/ros2_ws/src/slam_thesis/gt_publisher' returned '0': PYTHONPATH=/home/zaminanwar/thesis/ros2_ws/build/gt_publisher/prefix_override:/usr/lib/python3/dist-packages/colcon_core/task/python/colcon_distutils_commands:/home/zaminanwar/thesis/ros2_ws/install/gt_publisher/lib/python3.12/site-packages:${PYTHONPATH} /usr/bin/python3 -W ignore:setup.py install is deprecated -W ignore:easy_install command is deprecated setup.py egg_info --egg-base ../../../build/gt_publisher build --build-base /home/zaminanwar/thesis/ros2_ws/build/gt_publisher/build install --record /home/zaminanwar/thesis/ros2_ws/build/gt_publisher/install.log --single-version-externally-managed install_data
[1.517s] Level 1:colcon.colcon_core.environment:checking '/home/zaminanwar/thesis/ros2_ws/install/gt_publisher' for CMake module files
[1.518s] Level 1:colcon.colcon_core.environment:checking '/home/zaminanwar/thesis/ros2_ws/install/gt_publisher' for CMake config files
[1.518s] Level 1:colcon.colcon_core.environment:checking '/home/zaminanwar/thesis/ros2_ws/install/gt_publisher/lib'
[1.519s] Level 1:colcon.colcon_core.environment:checking '/home/zaminanwar/thesis/ros2_ws/install/gt_publisher/bin'
[1.519s] Level 1:colcon.colcon_core.environment:checking '/home/zaminanwar/thesis/ros2_ws/install/gt_publisher/lib/pkgconfig/gt_publisher.pc'
[1.519s] Level 1:colcon.colcon_core.environment:checking '/home/zaminanwar/thesis/ros2_ws/install/gt_publisher/lib/python3.12/site-packages'
[1.519s] Level 1:colcon.colcon_core.shell:create_environment_hook('gt_publisher', 'pythonpath')
[1.519s] INFO:colcon.colcon_core.shell:Creating environment hook '/home/zaminanwar/thesis/ros2_ws/install/gt_publisher/share/gt_publisher/hook/pythonpath.ps1'
[1.519s] INFO:colcon.colcon_core.shell:Creating environment descriptor '/home/zaminanwar/thesis/ros2_ws/install/gt_publisher/share/gt_publisher/hook/pythonpath.dsv'
[1.520s] INFO:colcon.colcon_core.shell:Creating environment hook '/home/zaminanwar/thesis/ros2_ws/install/gt_publisher/share/gt_publisher/hook/pythonpath.sh'
[1.520s] Level 1:colcon.colcon_core.environment:checking '/home/zaminanwar/thesis/ros2_ws/install/gt_publisher/bin'
[1.520s] Level 1:colcon.colcon_core.environment:create_environment_scripts_only(gt_publisher)
[1.521s] INFO:colcon.colcon_core.shell:Creating package script '/home/zaminanwar/thesis/ros2_ws/install/gt_publisher/share/gt_publisher/package.ps1'
[1.521s] INFO:colcon.colcon_core.shell:Creating package descriptor '/home/zaminanwar/thesis/ros2_ws/install/gt_publisher/share/gt_publisher/package.dsv'
[1.522s] INFO:colcon.colcon_core.shell:Creating package script '/home/zaminanwar/thesis/ros2_ws/install/gt_publisher/share/gt_publisher/package.sh'
[1.522s] INFO:colcon.colcon_core.shell:Creating package script '/home/zaminanwar/thesis/ros2_ws/install/gt_publisher/share/gt_publisher/package.bash'
[1.522s] INFO:colcon.colcon_core.shell:Creating package script '/home/zaminanwar/thesis/ros2_ws/install/gt_publisher/share/gt_publisher/package.zsh'
[1.523s] Level 1:colcon.colcon_core.environment:create_file_with_runtime_dependencies(/home/zaminanwar/thesis/ros2_ws/install/gt_publisher/share/colcon-core/packages/gt_publisher)
[1.524s] DEBUG:colcon.colcon_parallel_executor.executor.parallel:closing loop
[1.524s] DEBUG:colcon.colcon_parallel_executor.executor.parallel:loop closed
[1.524s] DEBUG:colcon.colcon_parallel_executor.executor.parallel:run_until_complete finished with '0'
[1.524s] DEBUG:colcon.colcon_core.event_reactor:joining thread
[1.540s] INFO:colcon.colcon_core.plugin_system:Skipping extension 'colcon_notification.desktop_notification.notify_send': Could not find 'notify-send'
[1.540s] INFO:colcon.colcon_core.plugin_system:Skipping extension 'colcon_notification.desktop_notification.terminal_notifier': Not used on non-Darwin systems
[1.540s] INFO:colcon.colcon_core.plugin_system:Skipping extension 'colcon_notification.desktop_notification.win32': Not used on non-Windows systems
[1.540s] INFO:colcon.colcon_notification.desktop_notification:Sending desktop notification using 'notify2'
[1.541s] DEBUG:colcon.colcon_notification.desktop_notification.notify2:Failed to initialize notify2: org.freedesktop.DBus.Error.ServiceUnknown: The name org.freedesktop.Notifications was not provided by any .service files
[1.541s] DEBUG:colcon.colcon_core.event_reactor:joined thread
[1.541s] INFO:colcon.colcon_core.shell:Creating prefix script '/home/zaminanwar/thesis/ros2_ws/install/local_setup.ps1'
[1.542s] INFO:colcon.colcon_core.shell:Creating prefix util module '/home/zaminanwar/thesis/ros2_ws/install/_local_setup_util_ps1.py'
[1.542s] INFO:colcon.colcon_core.shell:Creating prefix chain script '/home/zaminanwar/thesis/ros2_ws/install/setup.ps1'
[1.543s] INFO:colcon.colcon_core.shell:Creating prefix script '/home/zaminanwar/thesis/ros2_ws/install/local_setup.sh'
[1.543s] INFO:colcon.colcon_core.shell:Creating prefix util module '/home/zaminanwar/thesis/ros2_ws/install/_local_setup_util_sh.py'
[1.544s] INFO:colcon.colcon_core.shell:Creating prefix chain script '/home/zaminanwar/thesis/ros2_ws/install/setup.sh'
[1.545s] INFO:colcon.colcon_core.shell:Creating prefix script '/home/zaminanwar/thesis/ros2_ws/install/local_setup.bash'
[1.545s] INFO:colcon.colcon_core.shell:Creating prefix chain script '/home/zaminanwar/thesis/ros2_ws/install/setup.bash'
[1.546s] INFO:colcon.colcon_core.shell:Creating prefix script '/home/zaminanwar/thesis/ros2_ws/install/local_setup.zsh'
[1.546s] INFO:colcon.colcon_core.shell:Creating prefix chain script '/home/zaminanwar/thesis/ros2_ws/install/setup.zsh'
