-- Install configuration: ""
-- Up-to-date: /home/zaminanwar/thesis/ros2_ws/install/rover_description/share/rover_description/urdf
-- Up-to-date: /home/zaminanwar/thesis/ros2_ws/install/rover_description/share/rover_description/urdf/.gitkeep
-- Up-to-date: /home/zaminanwar/thesis/ros2_ws/install/rover_description/share/rover_description/rviz
-- Up-to-date: /home/zaminanwar/thesis/ros2_ws/install/rover_description/share/rover_description/rviz/.gitkeep
-- Up-to-date: /home/zaminanwar/thesis/ros2_ws/install/rover_description/share/rover_description/launch
-- Up-to-date: /home/zaminanwar/thesis/ros2_ws/install/rover_description/share/rover_description/launch/.gitkeep
-- Up-to-date: /home/zaminanwar/thesis/ros2_ws/install/rover_description/share/rover_description/meshes
-- Up-to-date: /home/zaminanwar/thesis/ros2_ws/install/rover_description/share/rover_description/meshes/.gitkeep
-- Up-to-date: /home/zaminanwar/thesis/ros2_ws/install/rover_description/share/ament_index/resource_index/package_run_dependencies/rover_description
-- Up-to-date: /home/zaminanwar/thesis/ros2_ws/install/rover_description/share/ament_index/resource_index/parent_prefix_path/rover_description
-- Up-to-date: /home/zaminanwar/thesis/ros2_ws/install/rover_description/share/rover_description/environment/ament_prefix_path.sh
-- Up-to-date: /home/zaminanwar/thesis/ros2_ws/install/rover_description/share/rover_description/environment/ament_prefix_path.dsv
-- Up-to-date: /home/zaminanwar/thesis/ros2_ws/install/rover_description/share/rover_description/environment/path.sh
-- Up-to-date: /home/zaminanwar/thesis/ros2_ws/install/rover_description/share/rover_description/environment/path.dsv
-- Up-to-date: /home/zaminanwar/thesis/ros2_ws/install/rover_description/share/rover_description/local_setup.bash
-- Up-to-date: /home/zaminanwar/thesis/ros2_ws/install/rover_description/share/rover_description/local_setup.sh
-- Up-to-date: /home/zaminanwar/thesis/ros2_ws/install/rover_description/share/rover_description/local_setup.zsh
-- Up-to-date: /home/zaminanwar/thesis/ros2_ws/install/rover_description/share/rover_description/local_setup.dsv
-- Up-to-date: /home/zaminanwar/thesis/ros2_ws/install/rover_description/share/rover_description/package.dsv
-- Up-to-date: /home/zaminanwar/thesis/ros2_ws/install/rover_description/share/ament_index/resource_index/packages/rover_description
-- Up-to-date: /home/zaminanwar/thesis/ros2_ws/install/rover_description/share/rover_description/cmake/rover_descriptionConfig.cmake
-- Up-to-date: /home/zaminanwar/thesis/ros2_ws/install/rover_description/share/rover_description/cmake/rover_descriptionConfig-version.cmake
-- Up-to-date: /home/zaminanwar/thesis/ros2_ws/install/rover_description/share/rover_description/package.xml
