[0.023s] Invoking command in '/home/zaminanwar/thesis/ros2_ws/build/rover_sim': AMENT_PREFIX_PATH=/home/zaminanwar/thesis/ros2_ws/install/rover_description:${AMENT_PREFIX_PATH} CMAKE_PREFIX_PATH=/home/zaminanwar/thesis/ros2_ws/install/rover_description:/opt/ros/jazzy/opt/gz_sim_vendor:/opt/ros/jazzy/opt/gz_sensors_vendor:/opt/ros/jazzy/opt/gz_physics_vendor:/opt/ros/jazzy/opt/sdformat_vendor:/opt/ros/jazzy/opt/gz_gui_vendor:/opt/ros/jazzy/opt/gz_transport_vendor:/opt/ros/jazzy/opt/gz_rendering_vendor:/opt/ros/jazzy/opt/gz_plugin_vendor:/opt/ros/jazzy/opt/gz_fuel_tools_vendor:/opt/ros/jazzy/opt/gz_msgs_vendor:/opt/ros/jazzy/opt/gz_common_vendor:/opt/ros/jazzy/opt/gz_math_vendor:/opt/ros/jazzy/opt/gz_utils_vendor:/opt/ros/jazzy/opt/gz_tools_vendor:/opt/ros/jazzy/opt/gz_ogre_next_vendor:/opt/ros/jazzy/opt/gz_dartsim_vendor:/opt/ros/jazzy/opt/gz_cmake_vendor:/opt/ros/jazzy /usr/bin/cmake /home/zaminanwar/thesis/ros2_ws/src/slam_thesis/rover_sim -DCMAKE_INSTALL_PREFIX=/home/zaminanwar/thesis/ros2_ws/install/rover_sim
[0.125s] -- The C compiler identification is GNU 13.3.0
[0.334s] -- The CXX compiler identification is GNU 13.3.0
[0.497s] -- Detecting C compiler ABI info
[0.650s] -- Detecting C compiler ABI info - done
[0.658s] -- Check for working C compiler: /usr/bin/cc - skipped
[0.658s] -- Detecting C compile features
[0.658s] -- Detecting C compile features - done
[0.689s] -- Detecting CXX compiler ABI info
[0.856s] -- Detecting CXX compiler ABI info - done
[0.863s] -- Check for working CXX compiler: /usr/bin/c++ - skipped
[0.863s] -- Detecting CXX compile features
[0.864s] -- Detecting CXX compile features - done
[0.869s] -- Found ament_cmake: 2.5.4 (/opt/ros/jazzy/share/ament_cmake/cmake)
[1.025s] -- Found Python3: /usr/bin/python3 (found version "3.12.3") found components: Interpreter 
[1.226s] -- Configuring done (1.2s)
[1.232s] -- Generating done (0.0s)
[1.235s] -- Build files have been written to: /home/zaminanwar/thesis/ros2_ws/build/rover_sim
[1.241s] Invoked command in '/home/zaminanwar/thesis/ros2_ws/build/rover_sim' returned '0': AMENT_PREFIX_PATH=/home/zaminanwar/thesis/ros2_ws/install/rover_description:${AMENT_PREFIX_PATH} CMAKE_PREFIX_PATH=/home/zaminanwar/thesis/ros2_ws/install/rover_description:/opt/ros/jazzy/opt/gz_sim_vendor:/opt/ros/jazzy/opt/gz_sensors_vendor:/opt/ros/jazzy/opt/gz_physics_vendor:/opt/ros/jazzy/opt/sdformat_vendor:/opt/ros/jazzy/opt/gz_gui_vendor:/opt/ros/jazzy/opt/gz_transport_vendor:/opt/ros/jazzy/opt/gz_rendering_vendor:/opt/ros/jazzy/opt/gz_plugin_vendor:/opt/ros/jazzy/opt/gz_fuel_tools_vendor:/opt/ros/jazzy/opt/gz_msgs_vendor:/opt/ros/jazzy/opt/gz_common_vendor:/opt/ros/jazzy/opt/gz_math_vendor:/opt/ros/jazzy/opt/gz_utils_vendor:/opt/ros/jazzy/opt/gz_tools_vendor:/opt/ros/jazzy/opt/gz_ogre_next_vendor:/opt/ros/jazzy/opt/gz_dartsim_vendor:/opt/ros/jazzy/opt/gz_cmake_vendor:/opt/ros/jazzy /usr/bin/cmake /home/zaminanwar/thesis/ros2_ws/src/slam_thesis/rover_sim -DCMAKE_INSTALL_PREFIX=/home/zaminanwar/thesis/ros2_ws/install/rover_sim
[1.242s] Invoking command in '/home/zaminanwar/thesis/ros2_ws/build/rover_sim': AMENT_PREFIX_PATH=/home/zaminanwar/thesis/ros2_ws/install/rover_description:${AMENT_PREFIX_PATH} CMAKE_PREFIX_PATH=/home/zaminanwar/thesis/ros2_ws/install/rover_description:/opt/ros/jazzy/opt/gz_sim_vendor:/opt/ros/jazzy/opt/gz_sensors_vendor:/opt/ros/jazzy/opt/gz_physics_vendor:/opt/ros/jazzy/opt/sdformat_vendor:/opt/ros/jazzy/opt/gz_gui_vendor:/opt/ros/jazzy/opt/gz_transport_vendor:/opt/ros/jazzy/opt/gz_rendering_vendor:/opt/ros/jazzy/opt/gz_plugin_vendor:/opt/ros/jazzy/opt/gz_fuel_tools_vendor:/opt/ros/jazzy/opt/gz_msgs_vendor:/opt/ros/jazzy/opt/gz_common_vendor:/opt/ros/jazzy/opt/gz_math_vendor:/opt/ros/jazzy/opt/gz_utils_vendor:/opt/ros/jazzy/opt/gz_tools_vendor:/opt/ros/jazzy/opt/gz_ogre_next_vendor:/opt/ros/jazzy/opt/gz_dartsim_vendor:/opt/ros/jazzy/opt/gz_cmake_vendor:/opt/ros/jazzy /usr/bin/cmake --build /home/zaminanwar/thesis/ros2_ws/build/rover_sim -- -j12 -l12
[1.295s] Invoked command in '/home/zaminanwar/thesis/ros2_ws/build/rover_sim' returned '0': AMENT_PREFIX_PATH=/home/zaminanwar/thesis/ros2_ws/install/rover_description:${AMENT_PREFIX_PATH} CMAKE_PREFIX_PATH=/home/zaminanwar/thesis/ros2_ws/install/rover_description:/opt/ros/jazzy/opt/gz_sim_vendor:/opt/ros/jazzy/opt/gz_sensors_vendor:/opt/ros/jazzy/opt/gz_physics_vendor:/opt/ros/jazzy/opt/sdformat_vendor:/opt/ros/jazzy/opt/gz_gui_vendor:/opt/ros/jazzy/opt/gz_transport_vendor:/opt/ros/jazzy/opt/gz_rendering_vendor:/opt/ros/jazzy/opt/gz_plugin_vendor:/opt/ros/jazzy/opt/gz_fuel_tools_vendor:/opt/ros/jazzy/opt/gz_msgs_vendor:/opt/ros/jazzy/opt/gz_common_vendor:/opt/ros/jazzy/opt/gz_math_vendor:/opt/ros/jazzy/opt/gz_utils_vendor:/opt/ros/jazzy/opt/gz_tools_vendor:/opt/ros/jazzy/opt/gz_ogre_next_vendor:/opt/ros/jazzy/opt/gz_dartsim_vendor:/opt/ros/jazzy/opt/gz_cmake_vendor:/opt/ros/jazzy /usr/bin/cmake --build /home/zaminanwar/thesis/ros2_ws/build/rover_sim -- -j12 -l12
[1.296s] Invoking command in '/home/zaminanwar/thesis/ros2_ws/build/rover_sim': AMENT_PREFIX_PATH=/home/zaminanwar/thesis/ros2_ws/install/rover_description:${AMENT_PREFIX_PATH} CMAKE_PREFIX_PATH=/home/zaminanwar/thesis/ros2_ws/install/rover_description:/opt/ros/jazzy/opt/gz_sim_vendor:/opt/ros/jazzy/opt/gz_sensors_vendor:/opt/ros/jazzy/opt/gz_physics_vendor:/opt/ros/jazzy/opt/sdformat_vendor:/opt/ros/jazzy/opt/gz_gui_vendor:/opt/ros/jazzy/opt/gz_transport_vendor:/opt/ros/jazzy/opt/gz_rendering_vendor:/opt/ros/jazzy/opt/gz_plugin_vendor:/opt/ros/jazzy/opt/gz_fuel_tools_vendor:/opt/ros/jazzy/opt/gz_msgs_vendor:/opt/ros/jazzy/opt/gz_common_vendor:/opt/ros/jazzy/opt/gz_math_vendor:/opt/ros/jazzy/opt/gz_utils_vendor:/opt/ros/jazzy/opt/gz_tools_vendor:/opt/ros/jazzy/opt/gz_ogre_next_vendor:/opt/ros/jazzy/opt/gz_dartsim_vendor:/opt/ros/jazzy/opt/gz_cmake_vendor:/opt/ros/jazzy /usr/bin/cmake --install /home/zaminanwar/thesis/ros2_ws/build/rover_sim
[1.306s] -- Install configuration: ""
[1.306s] -- Installing: /home/zaminanwar/thesis/ros2_ws/install/rover_sim/share/rover_sim/launch
[1.309s] -- Installing: /home/zaminanwar/thesis/ros2_ws/install/rover_sim/share/rover_sim/launch/.gitkeep
[1.310s] -- Installing: /home/zaminanwar/thesis/ros2_ws/install/rover_sim/share/rover_sim/worlds
[1.311s] -- Installing: /home/zaminanwar/thesis/ros2_ws/install/rover_sim/share/rover_sim/worlds/.gitkeep
[1.311s] -- Installing: /home/zaminanwar/thesis/ros2_ws/install/rover_sim/share/rover_sim/config
[1.312s] -- Installing: /home/zaminanwar/thesis/ros2_ws/install/rover_sim/share/rover_sim/config/.gitkeep
[1.313s] -- Installing: /home/zaminanwar/thesis/ros2_ws/install/rover_sim/share/ament_index/resource_index/package_run_dependencies/rover_sim
[1.314s] -- Installing: /home/zaminanwar/thesis/ros2_ws/install/rover_sim/share/ament_index/resource_index/parent_prefix_path/rover_sim
[1.314s] -- Installing: /home/zaminanwar/thesis/ros2_ws/install/rover_sim/share/rover_sim/environment/ament_prefix_path.sh
[1.314s] -- Installing: /home/zaminanwar/thesis/ros2_ws/install/rover_sim/share/rover_sim/environment/ament_prefix_path.dsv
[1.315s] -- Installing: /home/zaminanwar/thesis/ros2_ws/install/rover_sim/share/rover_sim/environment/path.sh
[1.315s] -- Installing: /home/zaminanwar/thesis/ros2_ws/install/rover_sim/share/rover_sim/environment/path.dsv
[1.315s] -- Installing: /home/zaminanwar/thesis/ros2_ws/install/rover_sim/share/rover_sim/local_setup.bash
[1.315s] -- Installing: /home/zaminanwar/thesis/ros2_ws/install/rover_sim/share/rover_sim/local_setup.sh
[1.315s] -- Installing: /home/zaminanwar/thesis/ros2_ws/install/rover_sim/share/rover_sim/local_setup.zsh
[1.316s] -- Installing: /home/zaminanwar/thesis/ros2_ws/install/rover_sim/share/rover_sim/local_setup.dsv
[1.316s] -- Installing: /home/zaminanwar/thesis/ros2_ws/install/rover_sim/share/rover_sim/package.dsv
[1.316s] -- Installing: /home/zaminanwar/thesis/ros2_ws/install/rover_sim/share/ament_index/resource_index/packages/rover_sim
[1.317s] -- Installing: /home/zaminanwar/thesis/ros2_ws/install/rover_sim/share/rover_sim/cmake/rover_simConfig.cmake
[1.317s] -- Installing: /home/zaminanwar/thesis/ros2_ws/install/rover_sim/share/rover_sim/cmake/rover_simConfig-version.cmake
[1.317s] -- Installing: /home/zaminanwar/thesis/ros2_ws/install/rover_sim/share/rover_sim/package.xml
[1.320s] Invoked command in '/home/zaminanwar/thesis/ros2_ws/build/rover_sim' returned '0': AMENT_PREFIX_PATH=/home/zaminanwar/thesis/ros2_ws/install/rover_description:${AMENT_PREFIX_PATH} CMAKE_PREFIX_PATH=/home/zaminanwar/thesis/ros2_ws/install/rover_description:/opt/ros/jazzy/opt/gz_sim_vendor:/opt/ros/jazzy/opt/gz_sensors_vendor:/opt/ros/jazzy/opt/gz_physics_vendor:/opt/ros/jazzy/opt/sdformat_vendor:/opt/ros/jazzy/opt/gz_gui_vendor:/opt/ros/jazzy/opt/gz_transport_vendor:/opt/ros/jazzy/opt/gz_rendering_vendor:/opt/ros/jazzy/opt/gz_plugin_vendor:/opt/ros/jazzy/opt/gz_fuel_tools_vendor:/opt/ros/jazzy/opt/gz_msgs_vendor:/opt/ros/jazzy/opt/gz_common_vendor:/opt/ros/jazzy/opt/gz_math_vendor:/opt/ros/jazzy/opt/gz_utils_vendor:/opt/ros/jazzy/opt/gz_tools_vendor:/opt/ros/jazzy/opt/gz_ogre_next_vendor:/opt/ros/jazzy/opt/gz_dartsim_vendor:/opt/ros/jazzy/opt/gz_cmake_vendor:/opt/ros/jazzy /usr/bin/cmake --install /home/zaminanwar/thesis/ros2_ws/build/rover_sim
