[0.199s] Invoking command in '/home/zaminanwar/thesis/ros2_ws/build/rover_description': CMAKE_PREFIX_PATH=${CMAKE_PREFIX_PATH}:/home/zaminanwar/thesis/ros2_ws/install/experiment_runner:/home/zaminanwar/thesis/ros2_ws/install/traj_exporter:/home/zaminanwar/thesis/ros2_ws/install/rover_control:/home/zaminanwar/thesis/ros2_ws/install/gt_publisher:/opt/ros/jazzy /usr/bin/cmake --build /home/zaminanwar/thesis/ros2_ws/build/rover_description -- -j12 -l12
[1.897s] Invoked command in '/home/zaminanwar/thesis/ros2_ws/build/rover_description' returned '0': CMAKE_PREFIX_PATH=${CMAKE_PREFIX_PATH}:/home/zaminanwar/thesis/ros2_ws/install/experiment_runner:/home/zaminanwar/thesis/ros2_ws/install/traj_exporter:/home/zaminanwar/thesis/ros2_ws/install/rover_control:/home/zaminanwar/thesis/ros2_ws/install/gt_publisher:/opt/ros/jazzy /usr/bin/cmake --build /home/zaminanwar/thesis/ros2_ws/build/rover_description -- -j12 -l12
[1.969s] Invoking command in '/home/zaminanwar/thesis/ros2_ws/build/rover_description': CMAKE_PREFIX_PATH=${CMAKE_PREFIX_PATH}:/home/zaminanwar/thesis/ros2_ws/install/experiment_runner:/home/zaminanwar/thesis/ros2_ws/install/traj_exporter:/home/zaminanwar/thesis/ros2_ws/install/rover_control:/home/zaminanwar/thesis/ros2_ws/install/gt_publisher:/opt/ros/jazzy /usr/bin/cmake --install /home/zaminanwar/thesis/ros2_ws/build/rover_description
[1.997s] -- Install configuration: ""
[2.007s] -- Up-to-date: /home/zaminanwar/thesis/ros2_ws/install/rover_description/share/rover_description/urdf
[2.015s] -- Up-to-date: /home/zaminanwar/thesis/ros2_ws/install/rover_description/share/rover_description/urdf/rover.urdf.xacro
[2.015s] -- Up-to-date: /home/zaminanwar/thesis/ros2_ws/install/rover_description/share/rover_description/urdf/.gitkeep
[2.015s] -- Up-to-date: /home/zaminanwar/thesis/ros2_ws/install/rover_description/share/rover_description/rviz
[2.062s] -- Up-to-date: /home/zaminanwar/thesis/ros2_ws/install/rover_description/share/rover_description/rviz/.gitkeep
[2.063s] -- Up-to-date: /home/zaminanwar/thesis/ros2_ws/install/rover_description/share/rover_description/rviz/rover.rviz
[2.063s] -- Up-to-date: /home/zaminanwar/thesis/ros2_ws/install/rover_description/share/rover_description/launch
[2.063s] -- Up-to-date: /home/zaminanwar/thesis/ros2_ws/install/rover_description/share/rover_description/launch/.gitkeep
[2.063s] -- Installing: /home/zaminanwar/thesis/ros2_ws/install/rover_description/share/rover_description/launch/display.launch.py
[2.063s] -- Up-to-date: /home/zaminanwar/thesis/ros2_ws/install/rover_description/share/rover_description/meshes
[2.064s] -- Up-to-date: /home/zaminanwar/thesis/ros2_ws/install/rover_description/share/rover_description/meshes/.gitkeep
[2.064s] -- Up-to-date: /home/zaminanwar/thesis/ros2_ws/install/rover_description/share/ament_index/resource_index/package_run_dependencies/rover_description
[2.064s] -- Up-to-date: /home/zaminanwar/thesis/ros2_ws/install/rover_description/share/ament_index/resource_index/parent_prefix_path/rover_description
[2.064s] -- Up-to-date: /home/zaminanwar/thesis/ros2_ws/install/rover_description/share/rover_description/environment/ament_prefix_path.sh
[2.064s] -- Up-to-date: /home/zaminanwar/thesis/ros2_ws/install/rover_description/share/rover_description/environment/ament_prefix_path.dsv
[2.064s] -- Up-to-date: /home/zaminanwar/thesis/ros2_ws/install/rover_description/share/rover_description/environment/path.sh
[2.065s] -- Up-to-date: /home/zaminanwar/thesis/ros2_ws/install/rover_description/share/rover_description/environment/path.dsv
[2.065s] -- Up-to-date: /home/zaminanwar/thesis/ros2_ws/install/rover_description/share/rover_description/local_setup.bash
[2.065s] -- Up-to-date: /home/zaminanwar/thesis/ros2_ws/install/rover_description/share/rover_description/local_setup.sh
[2.065s] -- Up-to-date: /home/zaminanwar/thesis/ros2_ws/install/rover_description/share/rover_description/local_setup.zsh
[2.065s] -- Up-to-date: /home/zaminanwar/thesis/ros2_ws/install/rover_description/share/rover_description/local_setup.dsv
[2.065s] -- Installing: /home/zaminanwar/thesis/ros2_ws/install/rover_description/share/rover_description/package.dsv
[2.089s] -- Up-to-date: /home/zaminanwar/thesis/ros2_ws/install/rover_description/share/ament_index/resource_index/packages/rover_description
[2.090s] -- Up-to-date: /home/zaminanwar/thesis/ros2_ws/install/rover_description/share/rover_description/cmake/rover_descriptionConfig.cmake
[2.090s] -- Up-to-date: /home/zaminanwar/thesis/ros2_ws/install/rover_description/share/rover_description/cmake/rover_descriptionConfig-version.cmake
[2.090s] -- Up-to-date: /home/zaminanwar/thesis/ros2_ws/install/rover_description/share/rover_description/package.xml
[2.096s] Invoked command in '/home/zaminanwar/thesis/ros2_ws/build/rover_description' returned '0': CMAKE_PREFIX_PATH=${CMAKE_PREFIX_PATH}:/home/zaminanwar/thesis/ros2_ws/install/experiment_runner:/home/zaminanwar/thesis/ros2_ws/install/traj_exporter:/home/zaminanwar/thesis/ros2_ws/install/rover_control:/home/zaminanwar/thesis/ros2_ws/install/gt_publisher:/opt/ros/jazzy /usr/bin/cmake --install /home/zaminanwar/thesis/ros2_ws/build/rover_description
