[0.094s] Invoking command in '/home/zaminanwar/thesis/ros2_ws/build/rover_sim': CMAKE_PREFIX_PATH=/home/zaminanwar/thesis/ros2_ws/install/rover_description:/home/zaminanwar/thesis/ros2_ws/install/slam_launch:/home/zaminanwar/thesis/ros2_ws/install/rover_sim:/opt/ros/jazzy/opt/gz_sim_vendor:/opt/ros/jazzy/opt/gz_sensors_vendor:/opt/ros/jazzy/opt/gz_physics_vendor:/opt/ros/jazzy/opt/sdformat_vendor:/opt/ros/jazzy/opt/gz_gui_vendor:/opt/ros/jazzy/opt/gz_transport_vendor:/opt/ros/jazzy/opt/gz_rendering_vendor:/opt/ros/jazzy/opt/gz_plugin_vendor:/opt/ros/jazzy/opt/gz_fuel_tools_vendor:/opt/ros/jazzy/opt/gz_msgs_vendor:/opt/ros/jazzy/opt/gz_common_vendor:/opt/ros/jazzy/opt/gz_math_vendor:/opt/ros/jazzy/opt/gz_utils_vendor:/opt/ros/jazzy/opt/gz_tools_vendor:/opt/ros/jazzy/opt/gz_ogre_next_vendor:/opt/ros/jazzy/opt/gz_dartsim_vendor:/opt/ros/jazzy/opt/gz_cmake_vendor:/home/zaminanwar/thesis/ros2_ws/install/experiment_runner:/home/zaminanwar/thesis/ros2_ws/install/traj_exporter:/home/zaminanwar/thesis/ros2_ws/install/rover_control:/home/zaminanwar/thesis/ros2_ws/install/gt_publisher:/opt/ros/jazzy /usr/bin/cmake --build /home/zaminanwar/thesis/ros2_ws/build/rover_sim -- -j12 -l12
[0.227s] Invoked command in '/home/zaminanwar/thesis/ros2_ws/build/rover_sim' returned '0': CMAKE_PREFIX_PATH=/home/zaminanwar/thesis/ros2_ws/install/rover_description:/home/zaminanwar/thesis/ros2_ws/install/slam_launch:/home/zaminanwar/thesis/ros2_ws/install/rover_sim:/opt/ros/jazzy/opt/gz_sim_vendor:/opt/ros/jazzy/opt/gz_sensors_vendor:/opt/ros/jazzy/opt/gz_physics_vendor:/opt/ros/jazzy/opt/sdformat_vendor:/opt/ros/jazzy/opt/gz_gui_vendor:/opt/ros/jazzy/opt/gz_transport_vendor:/opt/ros/jazzy/opt/gz_rendering_vendor:/opt/ros/jazzy/opt/gz_plugin_vendor:/opt/ros/jazzy/opt/gz_fuel_tools_vendor:/opt/ros/jazzy/opt/gz_msgs_vendor:/opt/ros/jazzy/opt/gz_common_vendor:/opt/ros/jazzy/opt/gz_math_vendor:/opt/ros/jazzy/opt/gz_utils_vendor:/opt/ros/jazzy/opt/gz_tools_vendor:/opt/ros/jazzy/opt/gz_ogre_next_vendor:/opt/ros/jazzy/opt/gz_dartsim_vendor:/opt/ros/jazzy/opt/gz_cmake_vendor:/home/zaminanwar/thesis/ros2_ws/install/experiment_runner:/home/zaminanwar/thesis/ros2_ws/install/traj_exporter:/home/zaminanwar/thesis/ros2_ws/install/rover_control:/home/zaminanwar/thesis/ros2_ws/install/gt_publisher:/opt/ros/jazzy /usr/bin/cmake --build /home/zaminanwar/thesis/ros2_ws/build/rover_sim -- -j12 -l12
[0.253s] Invoking command in '/home/zaminanwar/thesis/ros2_ws/build/rover_sim': CMAKE_PREFIX_PATH=/home/zaminanwar/thesis/ros2_ws/install/rover_description:/home/zaminanwar/thesis/ros2_ws/install/slam_launch:/home/zaminanwar/thesis/ros2_ws/install/rover_sim:/opt/ros/jazzy/opt/gz_sim_vendor:/opt/ros/jazzy/opt/gz_sensors_vendor:/opt/ros/jazzy/opt/gz_physics_vendor:/opt/ros/jazzy/opt/sdformat_vendor:/opt/ros/jazzy/opt/gz_gui_vendor:/opt/ros/jazzy/opt/gz_transport_vendor:/opt/ros/jazzy/opt/gz_rendering_vendor:/opt/ros/jazzy/opt/gz_plugin_vendor:/opt/ros/jazzy/opt/gz_fuel_tools_vendor:/opt/ros/jazzy/opt/gz_msgs_vendor:/opt/ros/jazzy/opt/gz_common_vendor:/opt/ros/jazzy/opt/gz_math_vendor:/opt/ros/jazzy/opt/gz_utils_vendor:/opt/ros/jazzy/opt/gz_tools_vendor:/opt/ros/jazzy/opt/gz_ogre_next_vendor:/opt/ros/jazzy/opt/gz_dartsim_vendor:/opt/ros/jazzy/opt/gz_cmake_vendor:/home/zaminanwar/thesis/ros2_ws/install/experiment_runner:/home/zaminanwar/thesis/ros2_ws/install/traj_exporter:/home/zaminanwar/thesis/ros2_ws/install/rover_control:/home/zaminanwar/thesis/ros2_ws/install/gt_publisher:/opt/ros/jazzy /usr/bin/cmake --install /home/zaminanwar/thesis/ros2_ws/build/rover_sim
[0.269s] -- Install configuration: ""
[0.269s] -- Up-to-date: /home/zaminanwar/thesis/ros2_ws/install/rover_sim/share/rover_sim/launch
[0.269s] -- Installing: /home/zaminanwar/thesis/ros2_ws/install/rover_sim/share/rover_sim/launch/sim.launch.py
[0.270s] -- Up-to-date: /home/zaminanwar/thesis/ros2_ws/install/rover_sim/share/rover_sim/launch/.gitkeep
[0.270s] -- Up-to-date: /home/zaminanwar/thesis/ros2_ws/install/rover_sim/share/rover_sim/worlds
[0.276s] -- Up-to-date: /home/zaminanwar/thesis/ros2_ws/install/rover_sim/share/rover_sim/worlds/.gitkeep
[0.276s] -- Up-to-date: /home/zaminanwar/thesis/ros2_ws/install/rover_sim/share/rover_sim/worlds/simple.sdf
[0.276s] -- Up-to-date: /home/zaminanwar/thesis/ros2_ws/install/rover_sim/share/rover_sim/config
[0.277s] -- Up-to-date: /home/zaminanwar/thesis/ros2_ws/install/rover_sim/share/rover_sim/config/.gitkeep
[0.277s] -- Up-to-date: /home/zaminanwar/thesis/ros2_ws/install/rover_sim/share/ament_index/resource_index/package_run_dependencies/rover_sim
[0.277s] -- Up-to-date: /home/zaminanwar/thesis/ros2_ws/install/rover_sim/share/ament_index/resource_index/parent_prefix_path/rover_sim
[0.277s] -- Up-to-date: /home/zaminanwar/thesis/ros2_ws/install/rover_sim/share/rover_sim/environment/ament_prefix_path.sh
[0.278s] -- Up-to-date: /home/zaminanwar/thesis/ros2_ws/install/rover_sim/share/rover_sim/environment/ament_prefix_path.dsv
[0.278s] -- Up-to-date: /home/zaminanwar/thesis/ros2_ws/install/rover_sim/share/rover_sim/environment/path.sh
[0.278s] -- Up-to-date: /home/zaminanwar/thesis/ros2_ws/install/rover_sim/share/rover_sim/environment/path.dsv
[0.278s] -- Up-to-date: /home/zaminanwar/thesis/ros2_ws/install/rover_sim/share/rover_sim/local_setup.bash
[0.278s] -- Up-to-date: /home/zaminanwar/thesis/ros2_ws/install/rover_sim/share/rover_sim/local_setup.sh
[0.278s] -- Up-to-date: /home/zaminanwar/thesis/ros2_ws/install/rover_sim/share/rover_sim/local_setup.zsh
[0.278s] -- Up-to-date: /home/zaminanwar/thesis/ros2_ws/install/rover_sim/share/rover_sim/local_setup.dsv
[0.278s] -- Installing: /home/zaminanwar/thesis/ros2_ws/install/rover_sim/share/rover_sim/package.dsv
[0.279s] -- Up-to-date: /home/zaminanwar/thesis/ros2_ws/install/rover_sim/share/ament_index/resource_index/packages/rover_sim
[0.279s] -- Up-to-date: /home/zaminanwar/thesis/ros2_ws/install/rover_sim/share/rover_sim/cmake/rover_simConfig.cmake
[0.279s] -- Up-to-date: /home/zaminanwar/thesis/ros2_ws/install/rover_sim/share/rover_sim/cmake/rover_simConfig-version.cmake
[0.279s] -- Up-to-date: /home/zaminanwar/thesis/ros2_ws/install/rover_sim/share/rover_sim/package.xml
[0.283s] Invoked command in '/home/zaminanwar/thesis/ros2_ws/build/rover_sim' returned '0': CMAKE_PREFIX_PATH=/home/zaminanwar/thesis/ros2_ws/install/rover_description:/home/zaminanwar/thesis/ros2_ws/install/slam_launch:/home/zaminanwar/thesis/ros2_ws/install/rover_sim:/opt/ros/jazzy/opt/gz_sim_vendor:/opt/ros/jazzy/opt/gz_sensors_vendor:/opt/ros/jazzy/opt/gz_physics_vendor:/opt/ros/jazzy/opt/sdformat_vendor:/opt/ros/jazzy/opt/gz_gui_vendor:/opt/ros/jazzy/opt/gz_transport_vendor:/opt/ros/jazzy/opt/gz_rendering_vendor:/opt/ros/jazzy/opt/gz_plugin_vendor:/opt/ros/jazzy/opt/gz_fuel_tools_vendor:/opt/ros/jazzy/opt/gz_msgs_vendor:/opt/ros/jazzy/opt/gz_common_vendor:/opt/ros/jazzy/opt/gz_math_vendor:/opt/ros/jazzy/opt/gz_utils_vendor:/opt/ros/jazzy/opt/gz_tools_vendor:/opt/ros/jazzy/opt/gz_ogre_next_vendor:/opt/ros/jazzy/opt/gz_dartsim_vendor:/opt/ros/jazzy/opt/gz_cmake_vendor:/home/zaminanwar/thesis/ros2_ws/install/experiment_runner:/home/zaminanwar/thesis/ros2_ws/install/traj_exporter:/home/zaminanwar/thesis/ros2_ws/install/rover_control:/home/zaminanwar/thesis/ros2_ws/install/gt_publisher:/opt/ros/jazzy /usr/bin/cmake --install /home/zaminanwar/thesis/ros2_ws/build/rover_sim
