[5.531s] DEBUG:colcon:Command line arguments: ['/usr/bin/colcon', 'build']
[5.531s] DEBUG:colcon:Parsed command line arguments: Namespace(log_base=None, log_level=None, verb_name='build', build_base='build', install_base='install', merge_install=False, symlink_install=False, test_result_base=None, continue_on_error=False, executor='parallel', parallel_workers=12, event_handlers=None, ignore_user_meta=False, metas=['./colcon.meta'], base_paths=['.'], packages_ignore=None, packages_ignore_regex=None, paths=None, packages_up_to=None, packages_up_to_regex=None, packages_above=None, packages_above_and_dependencies=None, packages_above_depth=None, packages_select_by_dep=None, packages_skip_by_dep=None, packages_skip_up_to=None, packages_select_build_failed=False, packages_skip_build_finished=False, packages_select_test_failures=False, packages_skip_test_passed=False, packages_select=None, packages_skip=None, packages_select_regex=None, packages_skip_regex=None, packages_start=None, packages_end=None, allow_overriding=[], cmake_args=None, cmake_target=None, cmake_target_skip_unavailable=False, cmake_clean_cache=False, cmake_clean_first=False, cmake_force_configure=False, ament_cmake_args=None, catkin_cmake_args=None, catkin_skip_building_tests=False, verb_parser=<colcon_defaults.argument_parser.defaults.DefaultArgumentsDecorator object at 0x7d93c335ffe0>, verb_extension=<colcon_core.verb.build.BuildVerb object at 0x7d93c40fc530>, main=<bound method BuildVerb.main of <colcon_core.verb.build.BuildVerb object at 0x7d93c40fc530>>)
[5.998s] Level 1:colcon.colcon_core.package_discovery:discover_packages(colcon_meta) check parameters
[5.998s] Level 1:colcon.colcon_core.package_discovery:discover_packages(recursive) check parameters
[5.998s] Level 1:colcon.colcon_core.package_discovery:discover_packages(ignore) check parameters
[5.998s] Level 1:colcon.colcon_core.package_discovery:discover_packages(path) check parameters
[5.998s] Level 1:colcon.colcon_core.package_discovery:discover_packages(colcon_meta) discover
[5.998s] Level 1:colcon.colcon_core.package_discovery:discover_packages(recursive) discover
[5.998s] INFO:colcon.colcon_core.package_discovery:Crawling recursively for packages in '/home/zaminanwar/thesis/ros2_ws'
[5.998s] Level 1:colcon.colcon_core.package_identification:_identify(.) by extensions ['ignore', 'ignore_ament_install']
[5.999s] Level 1:colcon.colcon_core.package_identification:_identify(.) by extension 'ignore'
[5.999s] Level 1:colcon.colcon_core.package_identification:_identify(.) by extension 'ignore_ament_install'
[5.999s] Level 1:colcon.colcon_core.package_identification:_identify(.) by extensions ['colcon_pkg']
[5.999s] Level 1:colcon.colcon_core.package_identification:_identify(.) by extension 'colcon_pkg'
[5.999s] Level 1:colcon.colcon_core.package_identification:_identify(.) by extensions ['colcon_meta']
[5.999s] Level 1:colcon.colcon_core.package_identification:_identify(.) by extension 'colcon_meta'
[5.999s] Level 1:colcon.colcon_core.package_identification:_identify(.) by extensions ['ros']
[5.999s] Level 1:colcon.colcon_core.package_identification:_identify(.) by extension 'ros'
[6.247s] Level 1:colcon.colcon_core.package_identification:_identify(.) by extensions ['cmake', 'python']
[6.247s] Level 1:colcon.colcon_core.package_identification:_identify(.) by extension 'cmake'
[6.247s] Level 1:colcon.colcon_core.package_identification:_identify(.) by extension 'python'
[6.247s] Level 1:colcon.colcon_core.package_identification:_identify(.) by extensions ['python_setup_py']
[6.247s] Level 1:colcon.colcon_core.package_identification:_identify(.) by extension 'python_setup_py'
[6.261s] Level 1:colcon.colcon_core.package_identification:_identify(bags) by extensions ['ignore', 'ignore_ament_install']
[6.261s] Level 1:colcon.colcon_core.package_identification:_identify(bags) by extension 'ignore'
[6.261s] Level 1:colcon.colcon_core.package_identification:_identify(bags) by extension 'ignore_ament_install'
[6.261s] Level 1:colcon.colcon_core.package_identification:_identify(bags) by extensions ['colcon_pkg']
[6.261s] Level 1:colcon.colcon_core.package_identification:_identify(bags) by extension 'colcon_pkg'
[6.261s] Level 1:colcon.colcon_core.package_identification:_identify(bags) by extensions ['colcon_meta']
[6.261s] Level 1:colcon.colcon_core.package_identification:_identify(bags) by extension 'colcon_meta'
[6.261s] Level 1:colcon.colcon_core.package_identification:_identify(bags) by extensions ['ros']
[6.261s] Level 1:colcon.colcon_core.package_identification:_identify(bags) by extension 'ros'
[6.262s] Level 1:colcon.colcon_core.package_identification:_identify(bags) by extensions ['cmake', 'python']
[6.262s] Level 1:colcon.colcon_core.package_identification:_identify(bags) by extension 'cmake'
[6.262s] Level 1:colcon.colcon_core.package_identification:_identify(bags) by extension 'python'
[6.262s] Level 1:colcon.colcon_core.package_identification:_identify(bags) by extensions ['python_setup_py']
[6.262s] Level 1:colcon.colcon_core.package_identification:_identify(bags) by extension 'python_setup_py'
[6.262s] Level 1:colcon.colcon_core.package_identification:_identify(build) by extensions ['ignore', 'ignore_ament_install']
[6.262s] Level 1:colcon.colcon_core.package_identification:_identify(build) by extension 'ignore'
[6.262s] Level 1:colcon.colcon_core.package_identification:_identify(build) ignored
[6.262s] Level 1:colcon.colcon_core.package_identification:_identify(install) by extensions ['ignore', 'ignore_ament_install']
[6.262s] Level 1:colcon.colcon_core.package_identification:_identify(install) by extension 'ignore'
[6.262s] Level 1:colcon.colcon_core.package_identification:_identify(install) ignored
[6.262s] Level 1:colcon.colcon_core.package_identification:_identify(log) by extensions ['ignore', 'ignore_ament_install']
[6.262s] Level 1:colcon.colcon_core.package_identification:_identify(log) by extension 'ignore'
[6.262s] Level 1:colcon.colcon_core.package_identification:_identify(log) ignored
[6.327s] Level 1:colcon.colcon_core.package_identification:_identify(results) by extensions ['ignore', 'ignore_ament_install']
[6.327s] Level 1:colcon.colcon_core.package_identification:_identify(results) by extension 'ignore'
[6.328s] Level 1:colcon.colcon_core.package_identification:_identify(results) by extension 'ignore_ament_install'
[6.328s] Level 1:colcon.colcon_core.package_identification:_identify(results) by extensions ['colcon_pkg']
[6.328s] Level 1:colcon.colcon_core.package_identification:_identify(results) by extension 'colcon_pkg'
[6.328s] Level 1:colcon.colcon_core.package_identification:_identify(results) by extensions ['colcon_meta']
[6.328s] Level 1:colcon.colcon_core.package_identification:_identify(results) by extension 'colcon_meta'
[6.328s] Level 1:colcon.colcon_core.package_identification:_identify(results) by extensions ['ros']
[6.328s] Level 1:colcon.colcon_core.package_identification:_identify(results) by extension 'ros'
[6.328s] Level 1:colcon.colcon_core.package_identification:_identify(results) by extensions ['cmake', 'python']
[6.328s] Level 1:colcon.colcon_core.package_identification:_identify(results) by extension 'cmake'
[6.328s] Level 1:colcon.colcon_core.package_identification:_identify(results) by extension 'python'
[6.328s] Level 1:colcon.colcon_core.package_identification:_identify(results) by extensions ['python_setup_py']
[6.328s] Level 1:colcon.colcon_core.package_identification:_identify(results) by extension 'python_setup_py'
[6.329s] Level 1:colcon.colcon_core.package_identification:_identify(src) by extensions ['ignore', 'ignore_ament_install']
[6.329s] Level 1:colcon.colcon_core.package_identification:_identify(src) by extension 'ignore'
[6.329s] Level 1:colcon.colcon_core.package_identification:_identify(src) by extension 'ignore_ament_install'
[6.329s] Level 1:colcon.colcon_core.package_identification:_identify(src) by extensions ['colcon_pkg']
[6.329s] Level 1:colcon.colcon_core.package_identification:_identify(src) by extension 'colcon_pkg'
[6.329s] Level 1:colcon.colcon_core.package_identification:_identify(src) by extensions ['colcon_meta']
[6.329s] Level 1:colcon.colcon_core.package_identification:_identify(src) by extension 'colcon_meta'
[6.329s] Level 1:colcon.colcon_core.package_identification:_identify(src) by extensions ['ros']
[6.329s] Level 1:colcon.colcon_core.package_identification:_identify(src) by extension 'ros'
[6.329s] Level 1:colcon.colcon_core.package_identification:_identify(src) by extensions ['cmake', 'python']
[6.329s] Level 1:colcon.colcon_core.package_identification:_identify(src) by extension 'cmake'
[6.329s] Level 1:colcon.colcon_core.package_identification:_identify(src) by extension 'python'
[6.329s] Level 1:colcon.colcon_core.package_identification:_identify(src) by extensions ['python_setup_py']
[6.329s] Level 1:colcon.colcon_core.package_identification:_identify(src) by extension 'python_setup_py'
[6.361s] Level 1:colcon.colcon_core.package_identification:_identify(src/slam_thesis) by extensions ['ignore', 'ignore_ament_install']
[6.361s] Level 1:colcon.colcon_core.package_identification:_identify(src/slam_thesis) by extension 'ignore'
[6.361s] Level 1:colcon.colcon_core.package_identification:_identify(src/slam_thesis) by extension 'ignore_ament_install'
[6.361s] Level 1:colcon.colcon_core.package_identification:_identify(src/slam_thesis) by extensions ['colcon_pkg']
[6.361s] Level 1:colcon.colcon_core.package_identification:_identify(src/slam_thesis) by extension 'colcon_pkg'
[6.361s] Level 1:colcon.colcon_core.package_identification:_identify(src/slam_thesis) by extensions ['colcon_meta']
[6.361s] Level 1:colcon.colcon_core.package_identification:_identify(src/slam_thesis) by extension 'colcon_meta'
[6.361s] Level 1:colcon.colcon_core.package_identification:_identify(src/slam_thesis) by extensions ['ros']
[6.361s] Level 1:colcon.colcon_core.package_identification:_identify(src/slam_thesis) by extension 'ros'
[6.361s] Level 1:colcon.colcon_core.package_identification:_identify(src/slam_thesis) by extensions ['cmake', 'python']
[6.361s] Level 1:colcon.colcon_core.package_identification:_identify(src/slam_thesis) by extension 'cmake'
[6.361s] Level 1:colcon.colcon_core.package_identification:_identify(src/slam_thesis) by extension 'python'
[6.361s] Level 1:colcon.colcon_core.package_identification:_identify(src/slam_thesis) by extensions ['python_setup_py']
[6.361s] Level 1:colcon.colcon_core.package_identification:_identify(src/slam_thesis) by extension 'python_setup_py'
[6.370s] Level 1:colcon.colcon_core.package_identification:_identify(src/slam_thesis/experiment_runner) by extensions ['ignore', 'ignore_ament_install']
[6.370s] Level 1:colcon.colcon_core.package_identification:_identify(src/slam_thesis/experiment_runner) by extension 'ignore'
[6.371s] Level 1:colcon.colcon_core.package_identification:_identify(src/slam_thesis/experiment_runner) by extension 'ignore_ament_install'
[6.371s] Level 1:colcon.colcon_core.package_identification:_identify(src/slam_thesis/experiment_runner) by extensions ['colcon_pkg']
[6.371s] Level 1:colcon.colcon_core.package_identification:_identify(src/slam_thesis/experiment_runner) by extension 'colcon_pkg'
[6.371s] Level 1:colcon.colcon_core.package_identification:_identify(src/slam_thesis/experiment_runner) by extensions ['colcon_meta']
[6.371s] Level 1:colcon.colcon_core.package_identification:_identify(src/slam_thesis/experiment_runner) by extension 'colcon_meta'
[6.371s] Level 1:colcon.colcon_core.package_identification:_identify(src/slam_thesis/experiment_runner) by extensions ['ros']
[6.371s] Level 1:colcon.colcon_core.package_identification:_identify(src/slam_thesis/experiment_runner) by extension 'ros'
[6.444s] DEBUG:colcon.colcon_core.package_identification:Package 'src/slam_thesis/experiment_runner' with type 'ros.ament_python' and name 'experiment_runner'
[6.531s] Level 1:colcon.colcon_core.package_identification:_identify(src/slam_thesis/gt_publisher) by extensions ['ignore', 'ignore_ament_install']
[6.532s] Level 1:colcon.colcon_core.package_identification:_identify(src/slam_thesis/gt_publisher) by extension 'ignore'
[6.532s] Level 1:colcon.colcon_core.package_identification:_identify(src/slam_thesis/gt_publisher) by extension 'ignore_ament_install'
[6.532s] Level 1:colcon.colcon_core.package_identification:_identify(src/slam_thesis/gt_publisher) by extensions ['colcon_pkg']
[6.532s] Level 1:colcon.colcon_core.package_identification:_identify(src/slam_thesis/gt_publisher) by extension 'colcon_pkg'
[6.532s] Level 1:colcon.colcon_core.package_identification:_identify(src/slam_thesis/gt_publisher) by extensions ['colcon_meta']
[6.532s] Level 1:colcon.colcon_core.package_identification:_identify(src/slam_thesis/gt_publisher) by extension 'colcon_meta'
[6.532s] Level 1:colcon.colcon_core.package_identification:_identify(src/slam_thesis/gt_publisher) by extensions ['ros']
[6.532s] Level 1:colcon.colcon_core.package_identification:_identify(src/slam_thesis/gt_publisher) by extension 'ros'
[6.546s] DEBUG:colcon.colcon_core.package_identification:Package 'src/slam_thesis/gt_publisher' with type 'ros.ament_python' and name 'gt_publisher'
[6.561s] Level 1:colcon.colcon_core.package_identification:_identify(src/slam_thesis/rover_control) by extensions ['ignore', 'ignore_ament_install']
[6.561s] Level 1:colcon.colcon_core.package_identification:_identify(src/slam_thesis/rover_control) by extension 'ignore'
[6.561s] Level 1:colcon.colcon_core.package_identification:_identify(src/slam_thesis/rover_control) by extension 'ignore_ament_install'
[6.561s] Level 1:colcon.colcon_core.package_identification:_identify(src/slam_thesis/rover_control) by extensions ['colcon_pkg']
[6.561s] Level 1:colcon.colcon_core.package_identification:_identify(src/slam_thesis/rover_control) by extension 'colcon_pkg'
[6.561s] Level 1:colcon.colcon_core.package_identification:_identify(src/slam_thesis/rover_control) by extensions ['colcon_meta']
[6.561s] Level 1:colcon.colcon_core.package_identification:_identify(src/slam_thesis/rover_control) by extension 'colcon_meta'
[6.561s] Level 1:colcon.colcon_core.package_identification:_identify(src/slam_thesis/rover_control) by extensions ['ros']
[6.561s] Level 1:colcon.colcon_core.package_identification:_identify(src/slam_thesis/rover_control) by extension 'ros'
[6.578s] DEBUG:colcon.colcon_core.package_identification:Package 'src/slam_thesis/rover_control' with type 'ros.ament_python' and name 'rover_control'
[6.590s] Level 1:colcon.colcon_core.package_identification:_identify(src/slam_thesis/rover_description) by extensions ['ignore', 'ignore_ament_install']
[6.590s] Level 1:colcon.colcon_core.package_identification:_identify(src/slam_thesis/rover_description) by extension 'ignore'
[6.590s] Level 1:colcon.colcon_core.package_identification:_identify(src/slam_thesis/rover_description) by extension 'ignore_ament_install'
[6.590s] Level 1:colcon.colcon_core.package_identification:_identify(src/slam_thesis/rover_description) by extensions ['colcon_pkg']
[6.590s] Level 1:colcon.colcon_core.package_identification:_identify(src/slam_thesis/rover_description) by extension 'colcon_pkg'
[6.590s] Level 1:colcon.colcon_core.package_identification:_identify(src/slam_thesis/rover_description) by extensions ['colcon_meta']
[6.590s] Level 1:colcon.colcon_core.package_identification:_identify(src/slam_thesis/rover_description) by extension 'colcon_meta'
[6.590s] Level 1:colcon.colcon_core.package_identification:_identify(src/slam_thesis/rover_description) by extensions ['ros']
[6.590s] Level 1:colcon.colcon_core.package_identification:_identify(src/slam_thesis/rover_description) by extension 'ros'
[6.638s] DEBUG:colcon.colcon_core.package_identification:Package 'src/slam_thesis/rover_description' with type 'ros.ament_cmake' and name 'rover_description'
[6.661s] Level 1:colcon.colcon_core.package_identification:_identify(src/slam_thesis/rover_sim) by extensions ['ignore', 'ignore_ament_install']
[6.661s] Level 1:colcon.colcon_core.package_identification:_identify(src/slam_thesis/rover_sim) by extension 'ignore'
[6.661s] Level 1:colcon.colcon_core.package_identification:_identify(src/slam_thesis/rover_sim) by extension 'ignore_ament_install'
[6.661s] Level 1:colcon.colcon_core.package_identification:_identify(src/slam_thesis/rover_sim) by extensions ['colcon_pkg']
[6.661s] Level 1:colcon.colcon_core.package_identification:_identify(src/slam_thesis/rover_sim) by extension 'colcon_pkg'
[6.661s] Level 1:colcon.colcon_core.package_identification:_identify(src/slam_thesis/rover_sim) by extensions ['colcon_meta']
[6.661s] Level 1:colcon.colcon_core.package_identification:_identify(src/slam_thesis/rover_sim) by extension 'colcon_meta'
[6.662s] Level 1:colcon.colcon_core.package_identification:_identify(src/slam_thesis/rover_sim) by extensions ['ros']
[6.662s] Level 1:colcon.colcon_core.package_identification:_identify(src/slam_thesis/rover_sim) by extension 'ros'
[6.662s] DEBUG:colcon.colcon_core.package_identification:Package 'src/slam_thesis/rover_sim' with type 'ros.ament_cmake' and name 'rover_sim'
[6.663s] Level 1:colcon.colcon_core.package_identification:_identify(src/slam_thesis/slam_launch) by extensions ['ignore', 'ignore_ament_install']
[6.663s] Level 1:colcon.colcon_core.package_identification:_identify(src/slam_thesis/slam_launch) by extension 'ignore'
[6.663s] Level 1:colcon.colcon_core.package_identification:_identify(src/slam_thesis/slam_launch) by extension 'ignore_ament_install'
[6.664s] Level 1:colcon.colcon_core.package_identification:_identify(src/slam_thesis/slam_launch) by extensions ['colcon_pkg']
[6.664s] Level 1:colcon.colcon_core.package_identification:_identify(src/slam_thesis/slam_launch) by extension 'colcon_pkg'
[6.664s] Level 1:colcon.colcon_core.package_identification:_identify(src/slam_thesis/slam_launch) by extensions ['colcon_meta']
[6.664s] Level 1:colcon.colcon_core.package_identification:_identify(src/slam_thesis/slam_launch) by extension 'colcon_meta'
[6.664s] Level 1:colcon.colcon_core.package_identification:_identify(src/slam_thesis/slam_launch) by extensions ['ros']
[6.664s] Level 1:colcon.colcon_core.package_identification:_identify(src/slam_thesis/slam_launch) by extension 'ros'
[6.695s] DEBUG:colcon.colcon_core.package_identification:Package 'src/slam_thesis/slam_launch' with type 'ros.ament_cmake' and name 'slam_launch'
[6.735s] Level 1:colcon.colcon_core.package_identification:_identify(src/slam_thesis/traj_exporter) by extensions ['ignore', 'ignore_ament_install']
[6.735s] Level 1:colcon.colcon_core.package_identification:_identify(src/slam_thesis/traj_exporter) by extension 'ignore'
[6.735s] Level 1:colcon.colcon_core.package_identification:_identify(src/slam_thesis/traj_exporter) by extension 'ignore_ament_install'
[6.735s] Level 1:colcon.colcon_core.package_identification:_identify(src/slam_thesis/traj_exporter) by extensions ['colcon_pkg']
[6.735s] Level 1:colcon.colcon_core.package_identification:_identify(src/slam_thesis/traj_exporter) by extension 'colcon_pkg'
[6.735s] Level 1:colcon.colcon_core.package_identification:_identify(src/slam_thesis/traj_exporter) by extensions ['colcon_meta']
[6.735s] Level 1:colcon.colcon_core.package_identification:_identify(src/slam_thesis/traj_exporter) by extension 'colcon_meta'
[6.735s] Level 1:colcon.colcon_core.package_identification:_identify(src/slam_thesis/traj_exporter) by extensions ['ros']
[6.735s] Level 1:colcon.colcon_core.package_identification:_identify(src/slam_thesis/traj_exporter) by extension 'ros'
[6.736s] DEBUG:colcon.colcon_core.package_identification:Package 'src/slam_thesis/traj_exporter' with type 'ros.ament_python' and name 'traj_exporter'
[6.736s] Level 1:colcon.colcon_core.package_discovery:discover_packages(recursive) using defaults
[6.736s] Level 1:colcon.colcon_core.package_discovery:discover_packages(ignore) discover
[6.736s] Level 1:colcon.colcon_core.package_discovery:discover_packages(ignore) using defaults
[6.736s] Level 1:colcon.colcon_core.package_discovery:discover_packages(path) discover
[6.736s] Level 1:colcon.colcon_core.package_discovery:discover_packages(path) using defaults
[7.116s] Level 1:colcon.colcon_core.package_discovery:discover_packages(prefix_path) check parameters
[7.116s] Level 1:colcon.colcon_core.package_discovery:discover_packages(prefix_path) discover
[7.131s] DEBUG:colcon.colcon_installed_package_information.package_discovery:Found 323 installed packages in /opt/ros/jazzy
[7.132s] Level 1:colcon.colcon_core.package_discovery:discover_packages(prefix_path) using defaults
[7.199s] Level 5:colcon.colcon_core.verb:set package 'gt_publisher' build argument 'cmake_args' from command line to 'None'
[7.199s] Level 5:colcon.colcon_core.verb:set package 'gt_publisher' build argument 'cmake_target' from command line to 'None'
[7.199s] Level 5:colcon.colcon_core.verb:set package 'gt_publisher' build argument 'cmake_target_skip_unavailable' from command line to 'False'
[7.199s] Level 5:colcon.colcon_core.verb:set package 'gt_publisher' build argument 'cmake_clean_cache' from command line to 'False'
[7.199s] Level 5:colcon.colcon_core.verb:set package 'gt_publisher' build argument 'cmake_clean_first' from command line to 'False'
[7.199s] Level 5:colcon.colcon_core.verb:set package 'gt_publisher' build argument 'cmake_force_configure' from command line to 'False'
[7.199s] Level 5:colcon.colcon_core.verb:set package 'gt_publisher' build argument 'ament_cmake_args' from command line to 'None'
[7.199s] Level 5:colcon.colcon_core.verb:set package 'gt_publisher' build argument 'catkin_cmake_args' from command line to 'None'
[7.199s] Level 5:colcon.colcon_core.verb:set package 'gt_publisher' build argument 'catkin_skip_building_tests' from command line to 'False'
[7.199s] DEBUG:colcon.colcon_core.verb:Building package 'gt_publisher' with the following arguments: {'ament_cmake_args': None, 'build_base': '/home/zaminanwar/thesis/ros2_ws/build/gt_publisher', 'catkin_cmake_args': None, 'catkin_skip_building_tests': False, 'cmake_args': None, 'cmake_clean_cache': False, 'cmake_clean_first': False, 'cmake_force_configure': False, 'cmake_target': None, 'cmake_target_skip_unavailable': False, 'install_base': '/home/zaminanwar/thesis/ros2_ws/install/gt_publisher', 'merge_install': False, 'path': '/home/zaminanwar/thesis/ros2_ws/src/slam_thesis/gt_publisher', 'symlink_install': False, 'test_result_base': None}
[7.200s] Level 5:colcon.colcon_core.verb:set package 'rover_control' build argument 'cmake_args' from command line to 'None'
[7.200s] Level 5:colcon.colcon_core.verb:set package 'rover_control' build argument 'cmake_target' from command line to 'None'
[7.200s] Level 5:colcon.colcon_core.verb:set package 'rover_control' build argument 'cmake_target_skip_unavailable' from command line to 'False'
[7.200s] Level 5:colcon.colcon_core.verb:set package 'rover_control' build argument 'cmake_clean_cache' from command line to 'False'
[7.200s] Level 5:colcon.colcon_core.verb:set package 'rover_control' build argument 'cmake_clean_first' from command line to 'False'
[7.200s] Level 5:colcon.colcon_core.verb:set package 'rover_control' build argument 'cmake_force_configure' from command line to 'False'
[7.200s] Level 5:colcon.colcon_core.verb:set package 'rover_control' build argument 'ament_cmake_args' from command line to 'None'
[7.200s] Level 5:colcon.colcon_core.verb:set package 'rover_control' build argument 'catkin_cmake_args' from command line to 'None'
[7.200s] Level 5:colcon.colcon_core.verb:set package 'rover_control' build argument 'catkin_skip_building_tests' from command line to 'False'
[7.200s] DEBUG:colcon.colcon_core.verb:Building package 'rover_control' with the following arguments: {'ament_cmake_args': None, 'build_base': '/home/zaminanwar/thesis/ros2_ws/build/rover_control', 'catkin_cmake_args': None, 'catkin_skip_building_tests': False, 'cmake_args': None, 'cmake_clean_cache': False, 'cmake_clean_first': False, 'cmake_force_configure': False, 'cmake_target': None, 'cmake_target_skip_unavailable': False, 'install_base': '/home/zaminanwar/thesis/ros2_ws/install/rover_control', 'merge_install': False, 'path': '/home/zaminanwar/thesis/ros2_ws/src/slam_thesis/rover_control', 'symlink_install': False, 'test_result_base': None}
[7.200s] Level 5:colcon.colcon_core.verb:set package 'rover_description' build argument 'cmake_args' from command line to 'None'
[7.200s] Level 5:colcon.colcon_core.verb:set package 'rover_description' build argument 'cmake_target' from command line to 'None'
[7.200s] Level 5:colcon.colcon_core.verb:set package 'rover_description' build argument 'cmake_target_skip_unavailable' from command line to 'False'
[7.200s] Level 5:colcon.colcon_core.verb:set package 'rover_description' build argument 'cmake_clean_cache' from command line to 'False'
[7.200s] Level 5:colcon.colcon_core.verb:set package 'rover_description' build argument 'cmake_clean_first' from command line to 'False'
[7.200s] Level 5:colcon.colcon_core.verb:set package 'rover_description' build argument 'cmake_force_configure' from command line to 'False'
[7.200s] Level 5:colcon.colcon_core.verb:set package 'rover_description' build argument 'ament_cmake_args' from command line to 'None'
[7.200s] Level 5:colcon.colcon_core.verb:set package 'rover_description' build argument 'catkin_cmake_args' from command line to 'None'
[7.200s] Level 5:colcon.colcon_core.verb:set package 'rover_description' build argument 'catkin_skip_building_tests' from command line to 'False'
[7.200s] DEBUG:colcon.colcon_core.verb:Building package 'rover_description' with the following arguments: {'ament_cmake_args': None, 'build_base': '/home/zaminanwar/thesis/ros2_ws/build/rover_description', 'catkin_cmake_args': None, 'catkin_skip_building_tests': False, 'cmake_args': None, 'cmake_clean_cache': False, 'cmake_clean_first': False, 'cmake_force_configure': False, 'cmake_target': None, 'cmake_target_skip_unavailable': False, 'install_base': '/home/zaminanwar/thesis/ros2_ws/install/rover_description', 'merge_install': False, 'path': '/home/zaminanwar/thesis/ros2_ws/src/slam_thesis/rover_description', 'symlink_install': False, 'test_result_base': None}
[7.200s] Level 5:colcon.colcon_core.verb:set package 'slam_launch' build argument 'cmake_args' from command line to 'None'
[7.200s] Level 5:colcon.colcon_core.verb:set package 'slam_launch' build argument 'cmake_target' from command line to 'None'
[7.200s] Level 5:colcon.colcon_core.verb:set package 'slam_launch' build argument 'cmake_target_skip_unavailable' from command line to 'False'
[7.200s] Level 5:colcon.colcon_core.verb:set package 'slam_launch' build argument 'cmake_clean_cache' from command line to 'False'
[7.200s] Level 5:colcon.colcon_core.verb:set package 'slam_launch' build argument 'cmake_clean_first' from command line to 'False'
[7.200s] Level 5:colcon.colcon_core.verb:set package 'slam_launch' build argument 'cmake_force_configure' from command line to 'False'
[7.200s] Level 5:colcon.colcon_core.verb:set package 'slam_launch' build argument 'ament_cmake_args' from command line to 'None'
[7.200s] Level 5:colcon.colcon_core.verb:set package 'slam_launch' build argument 'catkin_cmake_args' from command line to 'None'
[7.200s] Level 5:colcon.colcon_core.verb:set package 'slam_launch' build argument 'catkin_skip_building_tests' from command line to 'False'
[7.200s] DEBUG:colcon.colcon_core.verb:Building package 'slam_launch' with the following arguments: {'ament_cmake_args': None, 'build_base': '/home/zaminanwar/thesis/ros2_ws/build/slam_launch', 'catkin_cmake_args': None, 'catkin_skip_building_tests': False, 'cmake_args': None, 'cmake_clean_cache': False, 'cmake_clean_first': False, 'cmake_force_configure': False, 'cmake_target': None, 'cmake_target_skip_unavailable': False, 'install_base': '/home/zaminanwar/thesis/ros2_ws/install/slam_launch', 'merge_install': False, 'path': '/home/zaminanwar/thesis/ros2_ws/src/slam_thesis/slam_launch', 'symlink_install': False, 'test_result_base': None}
[7.201s] Level 5:colcon.colcon_core.verb:set package 'traj_exporter' build argument 'cmake_args' from command line to 'None'
[7.201s] Level 5:colcon.colcon_core.verb:set package 'traj_exporter' build argument 'cmake_target' from command line to 'None'
[7.201s] Level 5:colcon.colcon_core.verb:set package 'traj_exporter' build argument 'cmake_target_skip_unavailable' from command line to 'False'
[7.201s] Level 5:colcon.colcon_core.verb:set package 'traj_exporter' build argument 'cmake_clean_cache' from command line to 'False'
[7.201s] Level 5:colcon.colcon_core.verb:set package 'traj_exporter' build argument 'cmake_clean_first' from command line to 'False'
[7.201s] Level 5:colcon.colcon_core.verb:set package 'traj_exporter' build argument 'cmake_force_configure' from command line to 'False'
[7.201s] Level 5:colcon.colcon_core.verb:set package 'traj_exporter' build argument 'ament_cmake_args' from command line to 'None'
[7.201s] Level 5:colcon.colcon_core.verb:set package 'traj_exporter' build argument 'catkin_cmake_args' from command line to 'None'
[7.201s] Level 5:colcon.colcon_core.verb:set package 'traj_exporter' build argument 'catkin_skip_building_tests' from command line to 'False'
[7.201s] DEBUG:colcon.colcon_core.verb:Building package 'traj_exporter' with the following arguments: {'ament_cmake_args': None, 'build_base': '/home/zaminanwar/thesis/ros2_ws/build/traj_exporter', 'catkin_cmake_args': None, 'catkin_skip_building_tests': False, 'cmake_args': None, 'cmake_clean_cache': False, 'cmake_clean_first': False, 'cmake_force_configure': False, 'cmake_target': None, 'cmake_target_skip_unavailable': False, 'install_base': '/home/zaminanwar/thesis/ros2_ws/install/traj_exporter', 'merge_install': False, 'path': '/home/zaminanwar/thesis/ros2_ws/src/slam_thesis/traj_exporter', 'symlink_install': False, 'test_result_base': None}
[7.201s] Level 5:colcon.colcon_core.verb:set package 'rover_sim' build argument 'cmake_args' from command line to 'None'
[7.201s] Level 5:colcon.colcon_core.verb:set package 'rover_sim' build argument 'cmake_target' from command line to 'None'
[7.201s] Level 5:colcon.colcon_core.verb:set package 'rover_sim' build argument 'cmake_target_skip_unavailable' from command line to 'False'
[7.201s] Level 5:colcon.colcon_core.verb:set package 'rover_sim' build argument 'cmake_clean_cache' from command line to 'False'
[7.201s] Level 5:colcon.colcon_core.verb:set package 'rover_sim' build argument 'cmake_clean_first' from command line to 'False'
[7.201s] Level 5:colcon.colcon_core.verb:set package 'rover_sim' build argument 'cmake_force_configure' from command line to 'False'
[7.201s] Level 5:colcon.colcon_core.verb:set package 'rover_sim' build argument 'ament_cmake_args' from command line to 'None'
[7.201s] Level 5:colcon.colcon_core.verb:set package 'rover_sim' build argument 'catkin_cmake_args' from command line to 'None'
[7.201s] Level 5:colcon.colcon_core.verb:set package 'rover_sim' build argument 'catkin_skip_building_tests' from command line to 'False'
[7.201s] DEBUG:colcon.colcon_core.verb:Building package 'rover_sim' with the following arguments: {'ament_cmake_args': None, 'build_base': '/home/zaminanwar/thesis/ros2_ws/build/rover_sim', 'catkin_cmake_args': None, 'catkin_skip_building_tests': False, 'cmake_args': None, 'cmake_clean_cache': False, 'cmake_clean_first': False, 'cmake_force_configure': False, 'cmake_target': None, 'cmake_target_skip_unavailable': False, 'install_base': '/home/zaminanwar/thesis/ros2_ws/install/rover_sim', 'merge_install': False, 'path': '/home/zaminanwar/thesis/ros2_ws/src/slam_thesis/rover_sim', 'symlink_install': False, 'test_result_base': None}
[7.201s] Level 5:colcon.colcon_core.verb:set package 'experiment_runner' build argument 'cmake_args' from command line to 'None'
[7.201s] Level 5:colcon.colcon_core.verb:set package 'experiment_runner' build argument 'cmake_target' from command line to 'None'
[7.201s] Level 5:colcon.colcon_core.verb:set package 'experiment_runner' build argument 'cmake_target_skip_unavailable' from command line to 'False'
[7.201s] Level 5:colcon.colcon_core.verb:set package 'experiment_runner' build argument 'cmake_clean_cache' from command line to 'False'
[7.201s] Level 5:colcon.colcon_core.verb:set package 'experiment_runner' build argument 'cmake_clean_first' from command line to 'False'
[7.201s] Level 5:colcon.colcon_core.verb:set package 'experiment_runner' build argument 'cmake_force_configure' from command line to 'False'
[7.201s] Level 5:colcon.colcon_core.verb:set package 'experiment_runner' build argument 'ament_cmake_args' from command line to 'None'
[7.201s] Level 5:colcon.colcon_core.verb:set package 'experiment_runner' build argument 'catkin_cmake_args' from command line to 'None'
[7.201s] Level 5:colcon.colcon_core.verb:set package 'experiment_runner' build argument 'catkin_skip_building_tests' from command line to 'False'
[7.201s] DEBUG:colcon.colcon_core.verb:Building package 'experiment_runner' with the following arguments: {'ament_cmake_args': None, 'build_base': '/home/zaminanwar/thesis/ros2_ws/build/experiment_runner', 'catkin_cmake_args': None, 'catkin_skip_building_tests': False, 'cmake_args': None, 'cmake_clean_cache': False, 'cmake_clean_first': False, 'cmake_force_configure': False, 'cmake_target': None, 'cmake_target_skip_unavailable': False, 'install_base': '/home/zaminanwar/thesis/ros2_ws/install/experiment_runner', 'merge_install': False, 'path': '/home/zaminanwar/thesis/ros2_ws/src/slam_thesis/experiment_runner', 'symlink_install': False, 'test_result_base': None}
[7.201s] INFO:colcon.colcon_core.executor:Executing jobs using 'parallel' executor
[7.202s] DEBUG:colcon.colcon_parallel_executor.executor.parallel:run_until_complete
[7.203s] INFO:colcon.colcon_ros.task.ament_cmake.build:Building ROS package in '/home/zaminanwar/thesis/ros2_ws/src/slam_thesis/rover_description' with build type 'ament_cmake'
[7.203s] INFO:colcon.colcon_cmake.task.cmake.build:Building CMake package in '/home/zaminanwar/thesis/ros2_ws/src/slam_thesis/rover_description'
[7.260s] INFO:colcon.colcon_core.plugin_system:Skipping extension 'colcon_core.shell.bat': Not used on non-Windows systems
[7.260s] INFO:colcon.colcon_core.shell:Skip shell extension 'powershell' for command environment: Not usable outside of PowerShell
[7.260s] DEBUG:colcon.colcon_core.shell:Skip shell extension 'dsv' for command environment
[7.270s] INFO:colcon.colcon_ros.task.ament_python.build:Building ROS package in '/home/zaminanwar/thesis/ros2_ws/src/slam_thesis/gt_publisher' with build type 'ament_python'
[7.270s] Level 1:colcon.colcon_core.shell:create_environment_hook('gt_publisher', 'ament_prefix_path')
[7.270s] INFO:colcon.colcon_core.shell:Creating environment hook '/home/zaminanwar/thesis/ros2_ws/install/gt_publisher/share/gt_publisher/hook/ament_prefix_path.ps1'
[7.295s] INFO:colcon.colcon_core.shell:Creating environment descriptor '/home/zaminanwar/thesis/ros2_ws/install/gt_publisher/share/gt_publisher/hook/ament_prefix_path.dsv'
[7.295s] INFO:colcon.colcon_core.shell:Creating environment hook '/home/zaminanwar/thesis/ros2_ws/install/gt_publisher/share/gt_publisher/hook/ament_prefix_path.sh'
[7.297s] INFO:colcon.colcon_core.shell:Skip shell extension 'powershell' for command environment: Not usable outside of PowerShell
[7.297s] DEBUG:colcon.colcon_core.shell:Skip shell extension 'dsv' for command environment
[7.301s] INFO:colcon.colcon_ros.task.ament_python.build:Building ROS package in '/home/zaminanwar/thesis/ros2_ws/src/slam_thesis/rover_control' with build type 'ament_python'
[7.301s] Level 1:colcon.colcon_core.shell:create_environment_hook('rover_control', 'ament_prefix_path')
[7.301s] INFO:colcon.colcon_core.shell:Creating environment hook '/home/zaminanwar/thesis/ros2_ws/install/rover_control/share/rover_control/hook/ament_prefix_path.ps1'
[7.303s] INFO:colcon.colcon_core.shell:Creating environment descriptor '/home/zaminanwar/thesis/ros2_ws/install/rover_control/share/rover_control/hook/ament_prefix_path.dsv'
[7.303s] INFO:colcon.colcon_core.shell:Creating environment hook '/home/zaminanwar/thesis/ros2_ws/install/rover_control/share/rover_control/hook/ament_prefix_path.sh'
[7.304s] INFO:colcon.colcon_core.shell:Skip shell extension 'powershell' for command environment: Not usable outside of PowerShell
[7.304s] DEBUG:colcon.colcon_core.shell:Skip shell extension 'dsv' for command environment
[7.306s] INFO:colcon.colcon_ros.task.ament_cmake.build:Building ROS package in '/home/zaminanwar/thesis/ros2_ws/src/slam_thesis/slam_launch' with build type 'ament_cmake'
[7.306s] INFO:colcon.colcon_cmake.task.cmake.build:Building CMake package in '/home/zaminanwar/thesis/ros2_ws/src/slam_thesis/slam_launch'
[7.306s] INFO:colcon.colcon_core.shell:Skip shell extension 'powershell' for command environment: Not usable outside of PowerShell
[7.307s] DEBUG:colcon.colcon_core.shell:Skip shell extension 'dsv' for command environment
[7.310s] INFO:colcon.colcon_ros.task.ament_python.build:Building ROS package in '/home/zaminanwar/thesis/ros2_ws/src/slam_thesis/traj_exporter' with build type 'ament_python'
[7.310s] Level 1:colcon.colcon_core.shell:create_environment_hook('traj_exporter', 'ament_prefix_path')
[7.310s] INFO:colcon.colcon_core.shell:Creating environment hook '/home/zaminanwar/thesis/ros2_ws/install/traj_exporter/share/traj_exporter/hook/ament_prefix_path.ps1'
[7.312s] INFO:colcon.colcon_core.shell:Creating environment descriptor '/home/zaminanwar/thesis/ros2_ws/install/traj_exporter/share/traj_exporter/hook/ament_prefix_path.dsv'
[7.312s] INFO:colcon.colcon_core.shell:Creating environment hook '/home/zaminanwar/thesis/ros2_ws/install/traj_exporter/share/traj_exporter/hook/ament_prefix_path.sh'
[7.312s] INFO:colcon.colcon_core.shell:Skip shell extension 'powershell' for command environment: Not usable outside of PowerShell
[7.312s] DEBUG:colcon.colcon_core.shell:Skip shell extension 'dsv' for command environment
[7.326s] DEBUG:colcon.colcon_core.event_handler.log_command:Invoking command in '/home/zaminanwar/thesis/ros2_ws/build/rover_description': CMAKE_PREFIX_PATH=${CMAKE_PREFIX_PATH}:/opt/ros/jazzy /usr/bin/cmake /home/zaminanwar/thesis/ros2_ws/src/slam_thesis/rover_description -DCMAKE_INSTALL_PREFIX=/home/zaminanwar/thesis/ros2_ws/install/rover_description
[7.729s] INFO:colcon.colcon_core.task.python.build:Building Python package in '/home/zaminanwar/thesis/ros2_ws/src/slam_thesis/gt_publisher'
[7.729s] INFO:colcon.colcon_core.shell:Skip shell extension 'powershell' for command environment: Not usable outside of PowerShell
[7.729s] DEBUG:colcon.colcon_core.shell:Skip shell extension 'dsv' for command environment
[8.071s] INFO:colcon.colcon_core.task.python.build:Building Python package in '/home/zaminanwar/thesis/ros2_ws/src/slam_thesis/rover_control'
[8.071s] INFO:colcon.colcon_core.shell:Skip shell extension 'powershell' for command environment: Not usable outside of PowerShell
[8.071s] DEBUG:colcon.colcon_core.shell:Skip shell extension 'dsv' for command environment
[8.078s] DEBUG:colcon.colcon_core.event_handler.log_command:Invoking command in '/home/zaminanwar/thesis/ros2_ws/build/slam_launch': CMAKE_PREFIX_PATH=${CMAKE_PREFIX_PATH}:/opt/ros/jazzy /usr/bin/cmake /home/zaminanwar/thesis/ros2_ws/src/slam_thesis/slam_launch -DCMAKE_INSTALL_PREFIX=/home/zaminanwar/thesis/ros2_ws/install/slam_launch
[8.344s] INFO:colcon.colcon_core.task.python.build:Building Python package in '/home/zaminanwar/thesis/ros2_ws/src/slam_thesis/traj_exporter'
[8.344s] INFO:colcon.colcon_core.shell:Skip shell extension 'powershell' for command environment: Not usable outside of PowerShell
[8.344s] DEBUG:colcon.colcon_core.shell:Skip shell extension 'dsv' for command environment
[21.692s] DEBUG:colcon.colcon_core.event_handler.log_command:Invoking command in '/home/zaminanwar/thesis/ros2_ws/src/slam_thesis/gt_publisher': PYTHONPATH=/home/zaminanwar/thesis/ros2_ws/build/gt_publisher/prefix_override:/usr/lib/python3/dist-packages/colcon_core/task/python/colcon_distutils_commands:/home/zaminanwar/thesis/ros2_ws/install/gt_publisher/lib/python3.12/site-packages:${PYTHONPATH} /usr/bin/python3 -W ignore:setup.py install is deprecated -W ignore:easy_install command is deprecated setup.py egg_info --egg-base ../../../build/gt_publisher build --build-base /home/zaminanwar/thesis/ros2_ws/build/gt_publisher/build install --record /home/zaminanwar/thesis/ros2_ws/build/gt_publisher/install.log --single-version-externally-managed install_data
[21.695s] DEBUG:colcon.colcon_core.event_handler.log_command:Invoking command in '/home/zaminanwar/thesis/ros2_ws/src/slam_thesis/traj_exporter': PYTHONPATH=/home/zaminanwar/thesis/ros2_ws/build/traj_exporter/prefix_override:/usr/lib/python3/dist-packages/colcon_core/task/python/colcon_distutils_commands:/home/zaminanwar/thesis/ros2_ws/install/traj_exporter/lib/python3.12/site-packages:${PYTHONPATH} /usr/bin/python3 -W ignore:setup.py install is deprecated -W ignore:easy_install command is deprecated setup.py egg_info --egg-base ../../../build/traj_exporter build --build-base /home/zaminanwar/thesis/ros2_ws/build/traj_exporter/build install --record /home/zaminanwar/thesis/ros2_ws/build/traj_exporter/install.log --single-version-externally-managed install_data
[21.696s] DEBUG:colcon.colcon_core.event_handler.log_command:Invoking command in '/home/zaminanwar/thesis/ros2_ws/src/slam_thesis/rover_control': PYTHONPATH=/home/zaminanwar/thesis/ros2_ws/build/rover_control/prefix_override:/usr/lib/python3/dist-packages/colcon_core/task/python/colcon_distutils_commands:/home/zaminanwar/thesis/ros2_ws/install/rover_control/lib/python3.12/site-packages:${PYTHONPATH} /usr/bin/python3 -W ignore:setup.py install is deprecated -W ignore:easy_install command is deprecated setup.py egg_info --egg-base ../../../build/rover_control build --build-base /home/zaminanwar/thesis/ros2_ws/build/rover_control/build install --record /home/zaminanwar/thesis/ros2_ws/build/rover_control/install.log --single-version-externally-managed install_data
[22.223s] DEBUG:colcon.colcon_core.event_handler.log_command:Invoked command in '/home/zaminanwar/thesis/ros2_ws/build/slam_launch' returned '0': CMAKE_PREFIX_PATH=${CMAKE_PREFIX_PATH}:/opt/ros/jazzy /usr/bin/cmake /home/zaminanwar/thesis/ros2_ws/src/slam_thesis/slam_launch -DCMAKE_INSTALL_PREFIX=/home/zaminanwar/thesis/ros2_ws/install/slam_launch
[22.224s] DEBUG:colcon.colcon_core.event_handler.log_command:Invoking command in '/home/zaminanwar/thesis/ros2_ws/build/slam_launch': CMAKE_PREFIX_PATH=${CMAKE_PREFIX_PATH}:/opt/ros/jazzy /usr/bin/cmake --build /home/zaminanwar/thesis/ros2_ws/build/slam_launch -- -j12 -l12
[22.226s] DEBUG:colcon.colcon_core.event_handler.log_command:Invoked command in '/home/zaminanwar/thesis/ros2_ws/build/rover_description' returned '0': CMAKE_PREFIX_PATH=${CMAKE_PREFIX_PATH}:/opt/ros/jazzy /usr/bin/cmake /home/zaminanwar/thesis/ros2_ws/src/slam_thesis/rover_description -DCMAKE_INSTALL_PREFIX=/home/zaminanwar/thesis/ros2_ws/install/rover_description
[22.227s] DEBUG:colcon.colcon_core.event_handler.log_command:Invoking command in '/home/zaminanwar/thesis/ros2_ws/build/rover_description': CMAKE_PREFIX_PATH=${CMAKE_PREFIX_PATH}:/opt/ros/jazzy /usr/bin/cmake --build /home/zaminanwar/thesis/ros2_ws/build/rover_description -- -j12 -l12
[22.228s] DEBUG:colcon.colcon_core.event_handler.log_command:Invoked command in '/home/zaminanwar/thesis/ros2_ws/src/slam_thesis/gt_publisher' returned '0': PYTHONPATH=/home/zaminanwar/thesis/ros2_ws/build/gt_publisher/prefix_override:/usr/lib/python3/dist-packages/colcon_core/task/python/colcon_distutils_commands:/home/zaminanwar/thesis/ros2_ws/install/gt_publisher/lib/python3.12/site-packages:${PYTHONPATH} /usr/bin/python3 -W ignore:setup.py install is deprecated -W ignore:easy_install command is deprecated setup.py egg_info --egg-base ../../../build/gt_publisher build --build-base /home/zaminanwar/thesis/ros2_ws/build/gt_publisher/build install --record /home/zaminanwar/thesis/ros2_ws/build/gt_publisher/install.log --single-version-externally-managed install_data
[22.324s] Level 1:colcon.colcon_core.environment:checking '/home/zaminanwar/thesis/ros2_ws/install/gt_publisher' for CMake module files
[22.324s] Level 1:colcon.colcon_core.environment:checking '/home/zaminanwar/thesis/ros2_ws/install/gt_publisher' for CMake config files
[22.325s] Level 1:colcon.colcon_core.environment:checking '/home/zaminanwar/thesis/ros2_ws/install/gt_publisher/lib'
[22.325s] Level 1:colcon.colcon_core.environment:checking '/home/zaminanwar/thesis/ros2_ws/install/gt_publisher/bin'
[22.325s] Level 1:colcon.colcon_core.environment:checking '/home/zaminanwar/thesis/ros2_ws/install/gt_publisher/lib/pkgconfig/gt_publisher.pc'
[22.325s] Level 1:colcon.colcon_core.environment:checking '/home/zaminanwar/thesis/ros2_ws/install/gt_publisher/lib/python3.12/site-packages'
[22.325s] Level 1:colcon.colcon_core.shell:create_environment_hook('gt_publisher', 'pythonpath')
[22.326s] INFO:colcon.colcon_core.shell:Creating environment hook '/home/zaminanwar/thesis/ros2_ws/install/gt_publisher/share/gt_publisher/hook/pythonpath.ps1'
[22.326s] INFO:colcon.colcon_core.shell:Creating environment descriptor '/home/zaminanwar/thesis/ros2_ws/install/gt_publisher/share/gt_publisher/hook/pythonpath.dsv'
[22.326s] INFO:colcon.colcon_core.shell:Creating environment hook '/home/zaminanwar/thesis/ros2_ws/install/gt_publisher/share/gt_publisher/hook/pythonpath.sh'
[22.327s] Level 1:colcon.colcon_core.environment:checking '/home/zaminanwar/thesis/ros2_ws/install/gt_publisher/bin'
[22.327s] Level 1:colcon.colcon_core.environment:create_environment_scripts_only(gt_publisher)
[22.327s] INFO:colcon.colcon_core.shell:Creating package script '/home/zaminanwar/thesis/ros2_ws/install/gt_publisher/share/gt_publisher/package.ps1'
[22.332s] INFO:colcon.colcon_core.shell:Creating package descriptor '/home/zaminanwar/thesis/ros2_ws/install/gt_publisher/share/gt_publisher/package.dsv'
[22.341s] INFO:colcon.colcon_core.shell:Creating package script '/home/zaminanwar/thesis/ros2_ws/install/gt_publisher/share/gt_publisher/package.sh'
[22.342s] INFO:colcon.colcon_core.shell:Creating package script '/home/zaminanwar/thesis/ros2_ws/install/gt_publisher/share/gt_publisher/package.bash'
[22.345s] INFO:colcon.colcon_core.shell:Creating package script '/home/zaminanwar/thesis/ros2_ws/install/gt_publisher/share/gt_publisher/package.zsh'
[22.358s] Level 1:colcon.colcon_core.environment:create_file_with_runtime_dependencies(/home/zaminanwar/thesis/ros2_ws/install/gt_publisher/share/colcon-core/packages/gt_publisher)
[22.362s] DEBUG:colcon.colcon_core.event_handler.log_command:Invoked command in '/home/zaminanwar/thesis/ros2_ws/build/slam_launch' returned '0': CMAKE_PREFIX_PATH=${CMAKE_PREFIX_PATH}:/opt/ros/jazzy /usr/bin/cmake --build /home/zaminanwar/thesis/ros2_ws/build/slam_launch -- -j12 -l12
[22.376s] DEBUG:colcon.colcon_core.event_handler.log_command:Invoking command in '/home/zaminanwar/thesis/ros2_ws/build/slam_launch': CMAKE_PREFIX_PATH=${CMAKE_PREFIX_PATH}:/opt/ros/jazzy /usr/bin/cmake --install /home/zaminanwar/thesis/ros2_ws/build/slam_launch
[22.376s] Level 1:colcon.colcon_core.environment:checking '/home/zaminanwar/thesis/ros2_ws/install/traj_exporter' for CMake module files
[22.377s] DEBUG:colcon.colcon_core.event_handler.log_command:Invoked command in '/home/zaminanwar/thesis/ros2_ws/src/slam_thesis/traj_exporter' returned '0': PYTHONPATH=/home/zaminanwar/thesis/ros2_ws/build/traj_exporter/prefix_override:/usr/lib/python3/dist-packages/colcon_core/task/python/colcon_distutils_commands:/home/zaminanwar/thesis/ros2_ws/install/traj_exporter/lib/python3.12/site-packages:${PYTHONPATH} /usr/bin/python3 -W ignore:setup.py install is deprecated -W ignore:easy_install command is deprecated setup.py egg_info --egg-base ../../../build/traj_exporter build --build-base /home/zaminanwar/thesis/ros2_ws/build/traj_exporter/build install --record /home/zaminanwar/thesis/ros2_ws/build/traj_exporter/install.log --single-version-externally-managed install_data
[22.377s] Level 1:colcon.colcon_core.environment:checking '/home/zaminanwar/thesis/ros2_ws/install/traj_exporter' for CMake config files
[22.378s] Level 1:colcon.colcon_core.environment:checking '/home/zaminanwar/thesis/ros2_ws/install/traj_exporter/lib'
[22.378s] Level 1:colcon.colcon_core.environment:checking '/home/zaminanwar/thesis/ros2_ws/install/traj_exporter/bin'
[22.378s] Level 1:colcon.colcon_core.environment:checking '/home/zaminanwar/thesis/ros2_ws/install/traj_exporter/lib/pkgconfig/traj_exporter.pc'
[22.378s] Level 1:colcon.colcon_core.environment:checking '/home/zaminanwar/thesis/ros2_ws/install/traj_exporter/lib/python3.12/site-packages'
[22.378s] Level 1:colcon.colcon_core.shell:create_environment_hook('traj_exporter', 'pythonpath')
[22.378s] INFO:colcon.colcon_core.shell:Creating environment hook '/home/zaminanwar/thesis/ros2_ws/install/traj_exporter/share/traj_exporter/hook/pythonpath.ps1'
[22.379s] INFO:colcon.colcon_core.shell:Creating environment descriptor '/home/zaminanwar/thesis/ros2_ws/install/traj_exporter/share/traj_exporter/hook/pythonpath.dsv'
[22.379s] INFO:colcon.colcon_core.shell:Creating environment hook '/home/zaminanwar/thesis/ros2_ws/install/traj_exporter/share/traj_exporter/hook/pythonpath.sh'
[22.379s] Level 1:colcon.colcon_core.environment:checking '/home/zaminanwar/thesis/ros2_ws/install/traj_exporter/bin'
[22.379s] Level 1:colcon.colcon_core.environment:create_environment_scripts_only(traj_exporter)
[22.380s] INFO:colcon.colcon_core.shell:Creating package script '/home/zaminanwar/thesis/ros2_ws/install/traj_exporter/share/traj_exporter/package.ps1'
[22.380s] INFO:colcon.colcon_core.shell:Creating package descriptor '/home/zaminanwar/thesis/ros2_ws/install/traj_exporter/share/traj_exporter/package.dsv'
[22.380s] INFO:colcon.colcon_core.shell:Creating package script '/home/zaminanwar/thesis/ros2_ws/install/traj_exporter/share/traj_exporter/package.sh'
[22.381s] INFO:colcon.colcon_core.shell:Creating package script '/home/zaminanwar/thesis/ros2_ws/install/traj_exporter/share/traj_exporter/package.bash'
[22.381s] INFO:colcon.colcon_core.shell:Creating package script '/home/zaminanwar/thesis/ros2_ws/install/traj_exporter/share/traj_exporter/package.zsh'
[22.381s] Level 1:colcon.colcon_core.environment:create_file_with_runtime_dependencies(/home/zaminanwar/thesis/ros2_ws/install/traj_exporter/share/colcon-core/packages/traj_exporter)
[22.382s] Level 1:colcon.colcon_core.environment:checking '/home/zaminanwar/thesis/ros2_ws/install/rover_control' for CMake module files
[22.383s] DEBUG:colcon.colcon_core.event_handler.log_command:Invoked command in '/home/zaminanwar/thesis/ros2_ws/src/slam_thesis/rover_control' returned '0': PYTHONPATH=/home/zaminanwar/thesis/ros2_ws/build/rover_control/prefix_override:/usr/lib/python3/dist-packages/colcon_core/task/python/colcon_distutils_commands:/home/zaminanwar/thesis/ros2_ws/install/rover_control/lib/python3.12/site-packages:${PYTHONPATH} /usr/bin/python3 -W ignore:setup.py install is deprecated -W ignore:easy_install command is deprecated setup.py egg_info --egg-base ../../../build/rover_control build --build-base /home/zaminanwar/thesis/ros2_ws/build/rover_control/build install --record /home/zaminanwar/thesis/ros2_ws/build/rover_control/install.log --single-version-externally-managed install_data
[22.384s] Level 1:colcon.colcon_core.environment:checking '/home/zaminanwar/thesis/ros2_ws/install/rover_control' for CMake config files
[22.384s] Level 1:colcon.colcon_core.environment:checking '/home/zaminanwar/thesis/ros2_ws/install/rover_control/lib'
[22.384s] Level 1:colcon.colcon_core.environment:checking '/home/zaminanwar/thesis/ros2_ws/install/rover_control/bin'
[22.384s] Level 1:colcon.colcon_core.environment:checking '/home/zaminanwar/thesis/ros2_ws/install/rover_control/lib/pkgconfig/rover_control.pc'
[22.384s] Level 1:colcon.colcon_core.environment:checking '/home/zaminanwar/thesis/ros2_ws/install/rover_control/lib/python3.12/site-packages'
[22.384s] Level 1:colcon.colcon_core.shell:create_environment_hook('rover_control', 'pythonpath')
[22.385s] INFO:colcon.colcon_core.shell:Creating environment hook '/home/zaminanwar/thesis/ros2_ws/install/rover_control/share/rover_control/hook/pythonpath.ps1'
[22.385s] INFO:colcon.colcon_core.shell:Creating environment descriptor '/home/zaminanwar/thesis/ros2_ws/install/rover_control/share/rover_control/hook/pythonpath.dsv'
[22.385s] INFO:colcon.colcon_core.shell:Creating environment hook '/home/zaminanwar/thesis/ros2_ws/install/rover_control/share/rover_control/hook/pythonpath.sh'
[22.386s] Level 1:colcon.colcon_core.environment:checking '/home/zaminanwar/thesis/ros2_ws/install/rover_control/bin'
[22.386s] Level 1:colcon.colcon_core.environment:create_environment_scripts_only(rover_control)
[22.386s] INFO:colcon.colcon_core.shell:Creating package script '/home/zaminanwar/thesis/ros2_ws/install/rover_control/share/rover_control/package.ps1'
[22.386s] INFO:colcon.colcon_core.shell:Creating package descriptor '/home/zaminanwar/thesis/ros2_ws/install/rover_control/share/rover_control/package.dsv'
[22.387s] INFO:colcon.colcon_core.shell:Creating package script '/home/zaminanwar/thesis/ros2_ws/install/rover_control/share/rover_control/package.sh'
[22.387s] INFO:colcon.colcon_core.shell:Creating package script '/home/zaminanwar/thesis/ros2_ws/install/rover_control/share/rover_control/package.bash'
[22.387s] INFO:colcon.colcon_core.shell:Creating package script '/home/zaminanwar/thesis/ros2_ws/install/rover_control/share/rover_control/package.zsh'
[22.387s] Level 1:colcon.colcon_core.environment:create_file_with_runtime_dependencies(/home/zaminanwar/thesis/ros2_ws/install/rover_control/share/colcon-core/packages/rover_control)
[22.389s] DEBUG:colcon.colcon_core.event_handler.log_command:Invoked command in '/home/zaminanwar/thesis/ros2_ws/build/rover_description' returned '0': CMAKE_PREFIX_PATH=${CMAKE_PREFIX_PATH}:/opt/ros/jazzy /usr/bin/cmake --build /home/zaminanwar/thesis/ros2_ws/build/rover_description -- -j12 -l12
[22.390s] DEBUG:colcon.colcon_core.event_handler.log_command:Invoking command in '/home/zaminanwar/thesis/ros2_ws/build/rover_description': CMAKE_PREFIX_PATH=${CMAKE_PREFIX_PATH}:/opt/ros/jazzy /usr/bin/cmake --install /home/zaminanwar/thesis/ros2_ws/build/rover_description
[22.407s] Level 1:colcon.colcon_core.environment:create_environment_scripts_only(slam_launch)
[22.407s] Level 1:colcon.colcon_core.environment:checking '/home/zaminanwar/thesis/ros2_ws/install/slam_launch' for CMake module files
[22.407s] DEBUG:colcon.colcon_core.event_handler.log_command:Invoked command in '/home/zaminanwar/thesis/ros2_ws/build/slam_launch' returned '0': CMAKE_PREFIX_PATH=${CMAKE_PREFIX_PATH}:/opt/ros/jazzy /usr/bin/cmake --install /home/zaminanwar/thesis/ros2_ws/build/slam_launch
[22.408s] Level 1:colcon.colcon_core.environment:checking '/home/zaminanwar/thesis/ros2_ws/install/slam_launch' for CMake config files
[22.408s] Level 1:colcon.colcon_core.shell:create_environment_hook('slam_launch', 'cmake_prefix_path')
[22.408s] INFO:colcon.colcon_core.shell:Creating environment hook '/home/zaminanwar/thesis/ros2_ws/install/slam_launch/share/slam_launch/hook/cmake_prefix_path.ps1'
[22.409s] INFO:colcon.colcon_core.shell:Creating environment descriptor '/home/zaminanwar/thesis/ros2_ws/install/slam_launch/share/slam_launch/hook/cmake_prefix_path.dsv'
[22.409s] INFO:colcon.colcon_core.shell:Creating environment hook '/home/zaminanwar/thesis/ros2_ws/install/slam_launch/share/slam_launch/hook/cmake_prefix_path.sh'
[22.410s] Level 1:colcon.colcon_core.environment:checking '/home/zaminanwar/thesis/ros2_ws/install/slam_launch/bin'
[22.410s] Level 1:colcon.colcon_core.environment:checking '/home/zaminanwar/thesis/ros2_ws/install/slam_launch/lib/pkgconfig/slam_launch.pc'
[22.410s] Level 1:colcon.colcon_core.environment:checking '/home/zaminanwar/thesis/ros2_ws/install/slam_launch/lib/python3.12/site-packages'
[22.410s] Level 1:colcon.colcon_core.environment:checking '/home/zaminanwar/thesis/ros2_ws/install/slam_launch/bin'
[22.410s] INFO:colcon.colcon_core.shell:Creating package script '/home/zaminanwar/thesis/ros2_ws/install/slam_launch/share/slam_launch/package.ps1'
[22.411s] INFO:colcon.colcon_core.shell:Creating package descriptor '/home/zaminanwar/thesis/ros2_ws/install/slam_launch/share/slam_launch/package.dsv'
[22.411s] INFO:colcon.colcon_core.shell:Creating package script '/home/zaminanwar/thesis/ros2_ws/install/slam_launch/share/slam_launch/package.sh'
[22.412s] INFO:colcon.colcon_core.shell:Creating package script '/home/zaminanwar/thesis/ros2_ws/install/slam_launch/share/slam_launch/package.bash'
[22.412s] INFO:colcon.colcon_core.shell:Creating package script '/home/zaminanwar/thesis/ros2_ws/install/slam_launch/share/slam_launch/package.zsh'
[22.412s] Level 1:colcon.colcon_core.environment:create_file_with_runtime_dependencies(/home/zaminanwar/thesis/ros2_ws/install/slam_launch/share/colcon-core/packages/slam_launch)
[22.414s] Level 1:colcon.colcon_core.environment:create_environment_scripts_only(slam_launch)
[22.414s] Level 1:colcon.colcon_core.environment:checking '/home/zaminanwar/thesis/ros2_ws/install/slam_launch' for CMake module files
[22.415s] Level 1:colcon.colcon_core.environment:checking '/home/zaminanwar/thesis/ros2_ws/install/slam_launch' for CMake config files
[22.415s] Level 1:colcon.colcon_core.shell:create_environment_hook('slam_launch', 'cmake_prefix_path')
[22.415s] INFO:colcon.colcon_core.shell:Creating environment hook '/home/zaminanwar/thesis/ros2_ws/install/slam_launch/share/slam_launch/hook/cmake_prefix_path.ps1'
[22.415s] INFO:colcon.colcon_core.shell:Creating environment descriptor '/home/zaminanwar/thesis/ros2_ws/install/slam_launch/share/slam_launch/hook/cmake_prefix_path.dsv'
[22.416s] INFO:colcon.colcon_core.shell:Creating environment hook '/home/zaminanwar/thesis/ros2_ws/install/slam_launch/share/slam_launch/hook/cmake_prefix_path.sh'
[22.416s] Level 1:colcon.colcon_core.environment:checking '/home/zaminanwar/thesis/ros2_ws/install/slam_launch/bin'
[22.417s] Level 1:colcon.colcon_core.environment:checking '/home/zaminanwar/thesis/ros2_ws/install/slam_launch/lib/pkgconfig/slam_launch.pc'
[22.417s] Level 1:colcon.colcon_core.environment:checking '/home/zaminanwar/thesis/ros2_ws/install/slam_launch/lib/python3.12/site-packages'
[22.417s] Level 1:colcon.colcon_core.environment:checking '/home/zaminanwar/thesis/ros2_ws/install/slam_launch/bin'
[22.417s] INFO:colcon.colcon_core.shell:Creating package script '/home/zaminanwar/thesis/ros2_ws/install/slam_launch/share/slam_launch/package.ps1'
[22.420s] INFO:colcon.colcon_core.shell:Creating package descriptor '/home/zaminanwar/thesis/ros2_ws/install/slam_launch/share/slam_launch/package.dsv'
[22.420s] INFO:colcon.colcon_core.shell:Creating package script '/home/zaminanwar/thesis/ros2_ws/install/slam_launch/share/slam_launch/package.sh'
[22.421s] INFO:colcon.colcon_core.shell:Creating package script '/home/zaminanwar/thesis/ros2_ws/install/slam_launch/share/slam_launch/package.bash'
[22.421s] INFO:colcon.colcon_core.shell:Creating package script '/home/zaminanwar/thesis/ros2_ws/install/slam_launch/share/slam_launch/package.zsh'
[22.422s] Level 1:colcon.colcon_core.environment:create_file_with_runtime_dependencies(/home/zaminanwar/thesis/ros2_ws/install/slam_launch/share/colcon-core/packages/slam_launch)
[22.423s] Level 1:colcon.colcon_core.environment:create_environment_scripts_only(rover_description)
[22.423s] Level 1:colcon.colcon_core.environment:checking '/home/zaminanwar/thesis/ros2_ws/install/rover_description' for CMake module files
[22.423s] DEBUG:colcon.colcon_core.event_handler.log_command:Invoked command in '/home/zaminanwar/thesis/ros2_ws/build/rover_description' returned '0': CMAKE_PREFIX_PATH=${CMAKE_PREFIX_PATH}:/opt/ros/jazzy /usr/bin/cmake --install /home/zaminanwar/thesis/ros2_ws/build/rover_description
[22.424s] Level 1:colcon.colcon_core.environment:checking '/home/zaminanwar/thesis/ros2_ws/install/rover_description' for CMake config files
[22.424s] Level 1:colcon.colcon_core.shell:create_environment_hook('rover_description', 'cmake_prefix_path')
[22.424s] INFO:colcon.colcon_core.shell:Creating environment hook '/home/zaminanwar/thesis/ros2_ws/install/rover_description/share/rover_description/hook/cmake_prefix_path.ps1'
[22.425s] INFO:colcon.colcon_core.shell:Creating environment descriptor '/home/zaminanwar/thesis/ros2_ws/install/rover_description/share/rover_description/hook/cmake_prefix_path.dsv'
[22.425s] INFO:colcon.colcon_core.shell:Creating environment hook '/home/zaminanwar/thesis/ros2_ws/install/rover_description/share/rover_description/hook/cmake_prefix_path.sh'
[22.425s] Level 1:colcon.colcon_core.environment:checking '/home/zaminanwar/thesis/ros2_ws/install/rover_description/bin'
[22.425s] Level 1:colcon.colcon_core.environment:checking '/home/zaminanwar/thesis/ros2_ws/install/rover_description/lib/pkgconfig/rover_description.pc'
[22.425s] Level 1:colcon.colcon_core.environment:checking '/home/zaminanwar/thesis/ros2_ws/install/rover_description/lib/python3.12/site-packages'
[22.426s] Level 1:colcon.colcon_core.environment:checking '/home/zaminanwar/thesis/ros2_ws/install/rover_description/bin'
[22.426s] INFO:colcon.colcon_core.shell:Creating package script '/home/zaminanwar/thesis/ros2_ws/install/rover_description/share/rover_description/package.ps1'
[22.426s] INFO:colcon.colcon_core.shell:Creating package descriptor '/home/zaminanwar/thesis/ros2_ws/install/rover_description/share/rover_description/package.dsv'
[22.426s] INFO:colcon.colcon_core.shell:Creating package script '/home/zaminanwar/thesis/ros2_ws/install/rover_description/share/rover_description/package.sh'
[22.427s] INFO:colcon.colcon_core.shell:Creating package script '/home/zaminanwar/thesis/ros2_ws/install/rover_description/share/rover_description/package.bash'
[22.427s] INFO:colcon.colcon_core.shell:Creating package script '/home/zaminanwar/thesis/ros2_ws/install/rover_description/share/rover_description/package.zsh'
[22.427s] Level 1:colcon.colcon_core.environment:create_file_with_runtime_dependencies(/home/zaminanwar/thesis/ros2_ws/install/rover_description/share/colcon-core/packages/rover_description)
[22.428s] Level 1:colcon.colcon_core.environment:create_environment_scripts_only(rover_description)
[22.428s] Level 1:colcon.colcon_core.environment:checking '/home/zaminanwar/thesis/ros2_ws/install/rover_description' for CMake module files
[22.429s] Level 1:colcon.colcon_core.environment:checking '/home/zaminanwar/thesis/ros2_ws/install/rover_description' for CMake config files
[22.429s] Level 1:colcon.colcon_core.shell:create_environment_hook('rover_description', 'cmake_prefix_path')
[22.429s] INFO:colcon.colcon_core.shell:Creating environment hook '/home/zaminanwar/thesis/ros2_ws/install/rover_description/share/rover_description/hook/cmake_prefix_path.ps1'
[22.429s] INFO:colcon.colcon_core.shell:Creating environment descriptor '/home/zaminanwar/thesis/ros2_ws/install/rover_description/share/rover_description/hook/cmake_prefix_path.dsv'
[22.430s] INFO:colcon.colcon_core.shell:Creating environment hook '/home/zaminanwar/thesis/ros2_ws/install/rover_description/share/rover_description/hook/cmake_prefix_path.sh'
[22.430s] Level 1:colcon.colcon_core.environment:checking '/home/zaminanwar/thesis/ros2_ws/install/rover_description/bin'
[22.430s] Level 1:colcon.colcon_core.environment:checking '/home/zaminanwar/thesis/ros2_ws/install/rover_description/lib/pkgconfig/rover_description.pc'
[22.430s] Level 1:colcon.colcon_core.environment:checking '/home/zaminanwar/thesis/ros2_ws/install/rover_description/lib/python3.12/site-packages'
[22.430s] Level 1:colcon.colcon_core.environment:checking '/home/zaminanwar/thesis/ros2_ws/install/rover_description/bin'
[22.431s] INFO:colcon.colcon_core.shell:Creating package script '/home/zaminanwar/thesis/ros2_ws/install/rover_description/share/rover_description/package.ps1'
[22.431s] INFO:colcon.colcon_core.shell:Creating package descriptor '/home/zaminanwar/thesis/ros2_ws/install/rover_description/share/rover_description/package.dsv'
[22.431s] INFO:colcon.colcon_core.shell:Creating package script '/home/zaminanwar/thesis/ros2_ws/install/rover_description/share/rover_description/package.sh'
[22.432s] INFO:colcon.colcon_core.shell:Creating package script '/home/zaminanwar/thesis/ros2_ws/install/rover_description/share/rover_description/package.bash'
[22.432s] INFO:colcon.colcon_core.shell:Creating package script '/home/zaminanwar/thesis/ros2_ws/install/rover_description/share/rover_description/package.zsh'
[22.432s] Level 1:colcon.colcon_core.environment:create_file_with_runtime_dependencies(/home/zaminanwar/thesis/ros2_ws/install/rover_description/share/colcon-core/packages/rover_description)
[22.432s] INFO:colcon.colcon_ros.task.ament_cmake.build:Building ROS package in '/home/zaminanwar/thesis/ros2_ws/src/slam_thesis/rover_sim' with build type 'ament_cmake'
[22.433s] INFO:colcon.colcon_cmake.task.cmake.build:Building CMake package in '/home/zaminanwar/thesis/ros2_ws/src/slam_thesis/rover_sim'
[22.433s] INFO:colcon.colcon_core.shell:Skip shell extension 'powershell' for command environment: Not usable outside of PowerShell
[22.433s] DEBUG:colcon.colcon_core.shell:Skip shell extension 'dsv' for command environment
[22.456s] DEBUG:colcon.colcon_core.event_handler.log_command:Invoking command in '/home/zaminanwar/thesis/ros2_ws/build/rover_sim': AMENT_PREFIX_PATH=/home/zaminanwar/thesis/ros2_ws/install/rover_description:${AMENT_PREFIX_PATH} CMAKE_PREFIX_PATH=/home/zaminanwar/thesis/ros2_ws/install/rover_description:/opt/ros/jazzy/opt/gz_sim_vendor:/opt/ros/jazzy/opt/gz_sensors_vendor:/opt/ros/jazzy/opt/gz_physics_vendor:/opt/ros/jazzy/opt/sdformat_vendor:/opt/ros/jazzy/opt/gz_gui_vendor:/opt/ros/jazzy/opt/gz_transport_vendor:/opt/ros/jazzy/opt/gz_rendering_vendor:/opt/ros/jazzy/opt/gz_plugin_vendor:/opt/ros/jazzy/opt/gz_fuel_tools_vendor:/opt/ros/jazzy/opt/gz_msgs_vendor:/opt/ros/jazzy/opt/gz_common_vendor:/opt/ros/jazzy/opt/gz_math_vendor:/opt/ros/jazzy/opt/gz_utils_vendor:/opt/ros/jazzy/opt/gz_tools_vendor:/opt/ros/jazzy/opt/gz_ogre_next_vendor:/opt/ros/jazzy/opt/gz_dartsim_vendor:/opt/ros/jazzy/opt/gz_cmake_vendor:/opt/ros/jazzy /usr/bin/cmake /home/zaminanwar/thesis/ros2_ws/src/slam_thesis/rover_sim -DCMAKE_INSTALL_PREFIX=/home/zaminanwar/thesis/ros2_ws/install/rover_sim
[23.675s] DEBUG:colcon.colcon_core.event_handler.log_command:Invoked command in '/home/zaminanwar/thesis/ros2_ws/build/rover_sim' returned '0': AMENT_PREFIX_PATH=/home/zaminanwar/thesis/ros2_ws/install/rover_description:${AMENT_PREFIX_PATH} CMAKE_PREFIX_PATH=/home/zaminanwar/thesis/ros2_ws/install/rover_description:/opt/ros/jazzy/opt/gz_sim_vendor:/opt/ros/jazzy/opt/gz_sensors_vendor:/opt/ros/jazzy/opt/gz_physics_vendor:/opt/ros/jazzy/opt/sdformat_vendor:/opt/ros/jazzy/opt/gz_gui_vendor:/opt/ros/jazzy/opt/gz_transport_vendor:/opt/ros/jazzy/opt/gz_rendering_vendor:/opt/ros/jazzy/opt/gz_plugin_vendor:/opt/ros/jazzy/opt/gz_fuel_tools_vendor:/opt/ros/jazzy/opt/gz_msgs_vendor:/opt/ros/jazzy/opt/gz_common_vendor:/opt/ros/jazzy/opt/gz_math_vendor:/opt/ros/jazzy/opt/gz_utils_vendor:/opt/ros/jazzy/opt/gz_tools_vendor:/opt/ros/jazzy/opt/gz_ogre_next_vendor:/opt/ros/jazzy/opt/gz_dartsim_vendor:/opt/ros/jazzy/opt/gz_cmake_vendor:/opt/ros/jazzy /usr/bin/cmake /home/zaminanwar/thesis/ros2_ws/src/slam_thesis/rover_sim -DCMAKE_INSTALL_PREFIX=/home/zaminanwar/thesis/ros2_ws/install/rover_sim
[23.675s] DEBUG:colcon.colcon_core.event_handler.log_command:Invoking command in '/home/zaminanwar/thesis/ros2_ws/build/rover_sim': AMENT_PREFIX_PATH=/home/zaminanwar/thesis/ros2_ws/install/rover_description:${AMENT_PREFIX_PATH} CMAKE_PREFIX_PATH=/home/zaminanwar/thesis/ros2_ws/install/rover_description:/opt/ros/jazzy/opt/gz_sim_vendor:/opt/ros/jazzy/opt/gz_sensors_vendor:/opt/ros/jazzy/opt/gz_physics_vendor:/opt/ros/jazzy/opt/sdformat_vendor:/opt/ros/jazzy/opt/gz_gui_vendor:/opt/ros/jazzy/opt/gz_transport_vendor:/opt/ros/jazzy/opt/gz_rendering_vendor:/opt/ros/jazzy/opt/gz_plugin_vendor:/opt/ros/jazzy/opt/gz_fuel_tools_vendor:/opt/ros/jazzy/opt/gz_msgs_vendor:/opt/ros/jazzy/opt/gz_common_vendor:/opt/ros/jazzy/opt/gz_math_vendor:/opt/ros/jazzy/opt/gz_utils_vendor:/opt/ros/jazzy/opt/gz_tools_vendor:/opt/ros/jazzy/opt/gz_ogre_next_vendor:/opt/ros/jazzy/opt/gz_dartsim_vendor:/opt/ros/jazzy/opt/gz_cmake_vendor:/opt/ros/jazzy /usr/bin/cmake --build /home/zaminanwar/thesis/ros2_ws/build/rover_sim -- -j12 -l12
[23.728s] DEBUG:colcon.colcon_core.event_handler.log_command:Invoked command in '/home/zaminanwar/thesis/ros2_ws/build/rover_sim' returned '0': AMENT_PREFIX_PATH=/home/zaminanwar/thesis/ros2_ws/install/rover_description:${AMENT_PREFIX_PATH} CMAKE_PREFIX_PATH=/home/zaminanwar/thesis/ros2_ws/install/rover_description:/opt/ros/jazzy/opt/gz_sim_vendor:/opt/ros/jazzy/opt/gz_sensors_vendor:/opt/ros/jazzy/opt/gz_physics_vendor:/opt/ros/jazzy/opt/sdformat_vendor:/opt/ros/jazzy/opt/gz_gui_vendor:/opt/ros/jazzy/opt/gz_transport_vendor:/opt/ros/jazzy/opt/gz_rendering_vendor:/opt/ros/jazzy/opt/gz_plugin_vendor:/opt/ros/jazzy/opt/gz_fuel_tools_vendor:/opt/ros/jazzy/opt/gz_msgs_vendor:/opt/ros/jazzy/opt/gz_common_vendor:/opt/ros/jazzy/opt/gz_math_vendor:/opt/ros/jazzy/opt/gz_utils_vendor:/opt/ros/jazzy/opt/gz_tools_vendor:/opt/ros/jazzy/opt/gz_ogre_next_vendor:/opt/ros/jazzy/opt/gz_dartsim_vendor:/opt/ros/jazzy/opt/gz_cmake_vendor:/opt/ros/jazzy /usr/bin/cmake --build /home/zaminanwar/thesis/ros2_ws/build/rover_sim -- -j12 -l12
[23.729s] DEBUG:colcon.colcon_core.event_handler.log_command:Invoking command in '/home/zaminanwar/thesis/ros2_ws/build/rover_sim': AMENT_PREFIX_PATH=/home/zaminanwar/thesis/ros2_ws/install/rover_description:${AMENT_PREFIX_PATH} CMAKE_PREFIX_PATH=/home/zaminanwar/thesis/ros2_ws/install/rover_description:/opt/ros/jazzy/opt/gz_sim_vendor:/opt/ros/jazzy/opt/gz_sensors_vendor:/opt/ros/jazzy/opt/gz_physics_vendor:/opt/ros/jazzy/opt/sdformat_vendor:/opt/ros/jazzy/opt/gz_gui_vendor:/opt/ros/jazzy/opt/gz_transport_vendor:/opt/ros/jazzy/opt/gz_rendering_vendor:/opt/ros/jazzy/opt/gz_plugin_vendor:/opt/ros/jazzy/opt/gz_fuel_tools_vendor:/opt/ros/jazzy/opt/gz_msgs_vendor:/opt/ros/jazzy/opt/gz_common_vendor:/opt/ros/jazzy/opt/gz_math_vendor:/opt/ros/jazzy/opt/gz_utils_vendor:/opt/ros/jazzy/opt/gz_tools_vendor:/opt/ros/jazzy/opt/gz_ogre_next_vendor:/opt/ros/jazzy/opt/gz_dartsim_vendor:/opt/ros/jazzy/opt/gz_cmake_vendor:/opt/ros/jazzy /usr/bin/cmake --install /home/zaminanwar/thesis/ros2_ws/build/rover_sim
[23.753s] Level 1:colcon.colcon_core.environment:create_environment_scripts_only(rover_sim)
[23.753s] Level 1:colcon.colcon_core.environment:checking '/home/zaminanwar/thesis/ros2_ws/install/rover_sim' for CMake module files
[23.754s] DEBUG:colcon.colcon_core.event_handler.log_command:Invoked command in '/home/zaminanwar/thesis/ros2_ws/build/rover_sim' returned '0': AMENT_PREFIX_PATH=/home/zaminanwar/thesis/ros2_ws/install/rover_description:${AMENT_PREFIX_PATH} CMAKE_PREFIX_PATH=/home/zaminanwar/thesis/ros2_ws/install/rover_description:/opt/ros/jazzy/opt/gz_sim_vendor:/opt/ros/jazzy/opt/gz_sensors_vendor:/opt/ros/jazzy/opt/gz_physics_vendor:/opt/ros/jazzy/opt/sdformat_vendor:/opt/ros/jazzy/opt/gz_gui_vendor:/opt/ros/jazzy/opt/gz_transport_vendor:/opt/ros/jazzy/opt/gz_rendering_vendor:/opt/ros/jazzy/opt/gz_plugin_vendor:/opt/ros/jazzy/opt/gz_fuel_tools_vendor:/opt/ros/jazzy/opt/gz_msgs_vendor:/opt/ros/jazzy/opt/gz_common_vendor:/opt/ros/jazzy/opt/gz_math_vendor:/opt/ros/jazzy/opt/gz_utils_vendor:/opt/ros/jazzy/opt/gz_tools_vendor:/opt/ros/jazzy/opt/gz_ogre_next_vendor:/opt/ros/jazzy/opt/gz_dartsim_vendor:/opt/ros/jazzy/opt/gz_cmake_vendor:/opt/ros/jazzy /usr/bin/cmake --install /home/zaminanwar/thesis/ros2_ws/build/rover_sim
[23.754s] Level 1:colcon.colcon_core.environment:checking '/home/zaminanwar/thesis/ros2_ws/install/rover_sim' for CMake config files
[23.754s] Level 1:colcon.colcon_core.shell:create_environment_hook('rover_sim', 'cmake_prefix_path')
[23.754s] INFO:colcon.colcon_core.shell:Creating environment hook '/home/zaminanwar/thesis/ros2_ws/install/rover_sim/share/rover_sim/hook/cmake_prefix_path.ps1'
[23.755s] INFO:colcon.colcon_core.shell:Creating environment descriptor '/home/zaminanwar/thesis/ros2_ws/install/rover_sim/share/rover_sim/hook/cmake_prefix_path.dsv'
[23.755s] INFO:colcon.colcon_core.shell:Creating environment hook '/home/zaminanwar/thesis/ros2_ws/install/rover_sim/share/rover_sim/hook/cmake_prefix_path.sh'
[23.756s] Level 1:colcon.colcon_core.environment:checking '/home/zaminanwar/thesis/ros2_ws/install/rover_sim/bin'
[23.756s] Level 1:colcon.colcon_core.environment:checking '/home/zaminanwar/thesis/ros2_ws/install/rover_sim/lib/pkgconfig/rover_sim.pc'
[23.756s] Level 1:colcon.colcon_core.environment:checking '/home/zaminanwar/thesis/ros2_ws/install/rover_sim/lib/python3.12/site-packages'
[23.756s] Level 1:colcon.colcon_core.environment:checking '/home/zaminanwar/thesis/ros2_ws/install/rover_sim/bin'
[23.756s] INFO:colcon.colcon_core.shell:Creating package script '/home/zaminanwar/thesis/ros2_ws/install/rover_sim/share/rover_sim/package.ps1'
[23.757s] INFO:colcon.colcon_core.shell:Creating package descriptor '/home/zaminanwar/thesis/ros2_ws/install/rover_sim/share/rover_sim/package.dsv'
[23.757s] INFO:colcon.colcon_core.shell:Creating package script '/home/zaminanwar/thesis/ros2_ws/install/rover_sim/share/rover_sim/package.sh'
[23.757s] INFO:colcon.colcon_core.shell:Creating package script '/home/zaminanwar/thesis/ros2_ws/install/rover_sim/share/rover_sim/package.bash'
[23.757s] INFO:colcon.colcon_core.shell:Creating package script '/home/zaminanwar/thesis/ros2_ws/install/rover_sim/share/rover_sim/package.zsh'
[23.758s] Level 1:colcon.colcon_core.environment:create_file_with_runtime_dependencies(/home/zaminanwar/thesis/ros2_ws/install/rover_sim/share/colcon-core/packages/rover_sim)
[23.759s] Level 1:colcon.colcon_core.environment:create_environment_scripts_only(rover_sim)
[23.759s] Level 1:colcon.colcon_core.environment:checking '/home/zaminanwar/thesis/ros2_ws/install/rover_sim' for CMake module files
[23.759s] Level 1:colcon.colcon_core.environment:checking '/home/zaminanwar/thesis/ros2_ws/install/rover_sim' for CMake config files
[23.759s] Level 1:colcon.colcon_core.shell:create_environment_hook('rover_sim', 'cmake_prefix_path')
[23.760s] INFO:colcon.colcon_core.shell:Creating environment hook '/home/zaminanwar/thesis/ros2_ws/install/rover_sim/share/rover_sim/hook/cmake_prefix_path.ps1'
[23.760s] INFO:colcon.colcon_core.shell:Creating environment descriptor '/home/zaminanwar/thesis/ros2_ws/install/rover_sim/share/rover_sim/hook/cmake_prefix_path.dsv'
[23.760s] INFO:colcon.colcon_core.shell:Creating environment hook '/home/zaminanwar/thesis/ros2_ws/install/rover_sim/share/rover_sim/hook/cmake_prefix_path.sh'
[23.761s] Level 1:colcon.colcon_core.environment:checking '/home/zaminanwar/thesis/ros2_ws/install/rover_sim/bin'
[23.761s] Level 1:colcon.colcon_core.environment:checking '/home/zaminanwar/thesis/ros2_ws/install/rover_sim/lib/pkgconfig/rover_sim.pc'
[23.761s] Level 1:colcon.colcon_core.environment:checking '/home/zaminanwar/thesis/ros2_ws/install/rover_sim/lib/python3.12/site-packages'
[23.761s] Level 1:colcon.colcon_core.environment:checking '/home/zaminanwar/thesis/ros2_ws/install/rover_sim/bin'
[23.761s] INFO:colcon.colcon_core.shell:Creating package script '/home/zaminanwar/thesis/ros2_ws/install/rover_sim/share/rover_sim/package.ps1'
[23.762s] INFO:colcon.colcon_core.shell:Creating package descriptor '/home/zaminanwar/thesis/ros2_ws/install/rover_sim/share/rover_sim/package.dsv'
[23.762s] INFO:colcon.colcon_core.shell:Creating package script '/home/zaminanwar/thesis/ros2_ws/install/rover_sim/share/rover_sim/package.sh'
[23.763s] INFO:colcon.colcon_core.shell:Creating package script '/home/zaminanwar/thesis/ros2_ws/install/rover_sim/share/rover_sim/package.bash'
[23.763s] INFO:colcon.colcon_core.shell:Creating package script '/home/zaminanwar/thesis/ros2_ws/install/rover_sim/share/rover_sim/package.zsh'
[23.763s] Level 1:colcon.colcon_core.environment:create_file_with_runtime_dependencies(/home/zaminanwar/thesis/ros2_ws/install/rover_sim/share/colcon-core/packages/rover_sim)
[23.763s] INFO:colcon.colcon_ros.task.ament_python.build:Building ROS package in '/home/zaminanwar/thesis/ros2_ws/src/slam_thesis/experiment_runner' with build type 'ament_python'
[23.763s] Level 1:colcon.colcon_core.shell:create_environment_hook('experiment_runner', 'ament_prefix_path')
[23.764s] INFO:colcon.colcon_core.shell:Creating environment hook '/home/zaminanwar/thesis/ros2_ws/install/experiment_runner/share/experiment_runner/hook/ament_prefix_path.ps1'
[23.766s] INFO:colcon.colcon_core.shell:Creating environment descriptor '/home/zaminanwar/thesis/ros2_ws/install/experiment_runner/share/experiment_runner/hook/ament_prefix_path.dsv'
[23.766s] INFO:colcon.colcon_core.shell:Creating environment hook '/home/zaminanwar/thesis/ros2_ws/install/experiment_runner/share/experiment_runner/hook/ament_prefix_path.sh'
[23.766s] INFO:colcon.colcon_core.shell:Skip shell extension 'powershell' for command environment: Not usable outside of PowerShell
[23.766s] DEBUG:colcon.colcon_core.shell:Skip shell extension 'dsv' for command environment
[24.078s] INFO:colcon.colcon_core.task.python.build:Building Python package in '/home/zaminanwar/thesis/ros2_ws/src/slam_thesis/experiment_runner'
[24.086s] INFO:colcon.colcon_core.shell:Skip shell extension 'powershell' for command environment: Not usable outside of PowerShell
[24.086s] DEBUG:colcon.colcon_core.shell:Skip shell extension 'dsv' for command environment
[24.706s] DEBUG:colcon.colcon_core.event_handler.log_command:Invoking command in '/home/zaminanwar/thesis/ros2_ws/src/slam_thesis/experiment_runner': AMENT_PREFIX_PATH=/home/zaminanwar/thesis/ros2_ws/install/rover_sim:/home/zaminanwar/thesis/ros2_ws/install/traj_exporter:/home/zaminanwar/thesis/ros2_ws/install/slam_launch:/home/zaminanwar/thesis/ros2_ws/install/rover_description:/home/zaminanwar/thesis/ros2_ws/install/rover_control:/home/zaminanwar/thesis/ros2_ws/install/gt_publisher:${AMENT_PREFIX_PATH} CMAKE_PREFIX_PATH=/home/zaminanwar/thesis/ros2_ws/install/rover_sim:/home/zaminanwar/thesis/ros2_ws/install/slam_launch:/home/zaminanwar/thesis/ros2_ws/install/rover_description:${CMAKE_PREFIX_PATH} PYTHONPATH=/home/zaminanwar/thesis/ros2_ws/build/experiment_runner/prefix_override:/usr/lib/python3/dist-packages/colcon_core/task/python/colcon_distutils_commands:/home/zaminanwar/thesis/ros2_ws/install/experiment_runner/lib/python3.12/site-packages:/home/zaminanwar/thesis/ros2_ws/install/traj_exporter/lib/python3.12/site-packages:/home/zaminanwar/thesis/ros2_ws/install/rover_control/lib/python3.12/site-packages:/home/zaminanwar/thesis/ros2_ws/install/gt_publisher/lib/python3.12/site-packages:${PYTHONPATH} /usr/bin/python3 -W ignore:setup.py install is deprecated -W ignore:easy_install command is deprecated setup.py egg_info --egg-base ../../../build/experiment_runner build --build-base /home/zaminanwar/thesis/ros2_ws/build/experiment_runner/build install --record /home/zaminanwar/thesis/ros2_ws/build/experiment_runner/install.log --single-version-externally-managed install_data
[25.237s] Level 1:colcon.colcon_core.environment:checking '/home/zaminanwar/thesis/ros2_ws/install/experiment_runner' for CMake module files
[25.238s] DEBUG:colcon.colcon_core.event_handler.log_command:Invoked command in '/home/zaminanwar/thesis/ros2_ws/src/slam_thesis/experiment_runner' returned '0': AMENT_PREFIX_PATH=/home/zaminanwar/thesis/ros2_ws/install/rover_sim:/home/zaminanwar/thesis/ros2_ws/install/traj_exporter:/home/zaminanwar/thesis/ros2_ws/install/slam_launch:/home/zaminanwar/thesis/ros2_ws/install/rover_description:/home/zaminanwar/thesis/ros2_ws/install/rover_control:/home/zaminanwar/thesis/ros2_ws/install/gt_publisher:${AMENT_PREFIX_PATH} CMAKE_PREFIX_PATH=/home/zaminanwar/thesis/ros2_ws/install/rover_sim:/home/zaminanwar/thesis/ros2_ws/install/slam_launch:/home/zaminanwar/thesis/ros2_ws/install/rover_description:${CMAKE_PREFIX_PATH} PYTHONPATH=/home/zaminanwar/thesis/ros2_ws/build/experiment_runner/prefix_override:/usr/lib/python3/dist-packages/colcon_core/task/python/colcon_distutils_commands:/home/zaminanwar/thesis/ros2_ws/install/experiment_runner/lib/python3.12/site-packages:/home/zaminanwar/thesis/ros2_ws/install/traj_exporter/lib/python3.12/site-packages:/home/zaminanwar/thesis/ros2_ws/install/rover_control/lib/python3.12/site-packages:/home/zaminanwar/thesis/ros2_ws/install/gt_publisher/lib/python3.12/site-packages:${PYTHONPATH} /usr/bin/python3 -W ignore:setup.py install is deprecated -W ignore:easy_install command is deprecated setup.py egg_info --egg-base ../../../build/experiment_runner build --build-base /home/zaminanwar/thesis/ros2_ws/build/experiment_runner/build install --record /home/zaminanwar/thesis/ros2_ws/build/experiment_runner/install.log --single-version-externally-managed install_data
[25.239s] Level 1:colcon.colcon_core.environment:checking '/home/zaminanwar/thesis/ros2_ws/install/experiment_runner' for CMake config files
[25.240s] Level 1:colcon.colcon_core.environment:checking '/home/zaminanwar/thesis/ros2_ws/install/experiment_runner/lib'
[25.240s] Level 1:colcon.colcon_core.environment:checking '/home/zaminanwar/thesis/ros2_ws/install/experiment_runner/bin'
[25.240s] Level 1:colcon.colcon_core.environment:checking '/home/zaminanwar/thesis/ros2_ws/install/experiment_runner/lib/pkgconfig/experiment_runner.pc'
[25.240s] Level 1:colcon.colcon_core.environment:checking '/home/zaminanwar/thesis/ros2_ws/install/experiment_runner/lib/python3.12/site-packages'
[25.240s] Level 1:colcon.colcon_core.shell:create_environment_hook('experiment_runner', 'pythonpath')
[25.240s] INFO:colcon.colcon_core.shell:Creating environment hook '/home/zaminanwar/thesis/ros2_ws/install/experiment_runner/share/experiment_runner/hook/pythonpath.ps1'
[25.241s] INFO:colcon.colcon_core.shell:Creating environment descriptor '/home/zaminanwar/thesis/ros2_ws/install/experiment_runner/share/experiment_runner/hook/pythonpath.dsv'
[25.241s] INFO:colcon.colcon_core.shell:Creating environment hook '/home/zaminanwar/thesis/ros2_ws/install/experiment_runner/share/experiment_runner/hook/pythonpath.sh'
[25.241s] Level 1:colcon.colcon_core.environment:checking '/home/zaminanwar/thesis/ros2_ws/install/experiment_runner/bin'
[25.241s] Level 1:colcon.colcon_core.environment:create_environment_scripts_only(experiment_runner)
[25.242s] INFO:colcon.colcon_core.shell:Creating package script '/home/zaminanwar/thesis/ros2_ws/install/experiment_runner/share/experiment_runner/package.ps1'
[25.242s] INFO:colcon.colcon_core.shell:Creating package descriptor '/home/zaminanwar/thesis/ros2_ws/install/experiment_runner/share/experiment_runner/package.dsv'
[25.242s] INFO:colcon.colcon_core.shell:Creating package script '/home/zaminanwar/thesis/ros2_ws/install/experiment_runner/share/experiment_runner/package.sh'
[25.242s] INFO:colcon.colcon_core.shell:Creating package script '/home/zaminanwar/thesis/ros2_ws/install/experiment_runner/share/experiment_runner/package.bash'
[25.243s] INFO:colcon.colcon_core.shell:Creating package script '/home/zaminanwar/thesis/ros2_ws/install/experiment_runner/share/experiment_runner/package.zsh'
[25.243s] Level 1:colcon.colcon_core.environment:create_file_with_runtime_dependencies(/home/zaminanwar/thesis/ros2_ws/install/experiment_runner/share/colcon-core/packages/experiment_runner)
[25.244s] DEBUG:colcon.colcon_parallel_executor.executor.parallel:closing loop
[25.245s] DEBUG:colcon.colcon_parallel_executor.executor.parallel:loop closed
[25.245s] DEBUG:colcon.colcon_parallel_executor.executor.parallel:run_until_complete finished with '0'
[25.245s] DEBUG:colcon.colcon_core.event_reactor:joining thread
[25.321s] INFO:colcon.colcon_core.plugin_system:Skipping extension 'colcon_notification.desktop_notification.notify_send': Could not find 'notify-send'
[25.321s] INFO:colcon.colcon_core.plugin_system:Skipping extension 'colcon_notification.desktop_notification.terminal_notifier': Not used on non-Darwin systems
[25.322s] INFO:colcon.colcon_core.plugin_system:Skipping extension 'colcon_notification.desktop_notification.win32': Not used on non-Windows systems
[25.322s] INFO:colcon.colcon_notification.desktop_notification:Sending desktop notification using 'notify2'
[25.803s] DEBUG:colcon.colcon_notification.desktop_notification.notify2:Failed to initialize notify2: org.freedesktop.DBus.Error.ServiceUnknown: The name org.freedesktop.Notifications was not provided by any .service files
[25.803s] DEBUG:colcon.colcon_core.event_reactor:joined thread
[25.804s] INFO:colcon.colcon_core.shell:Creating prefix script '/home/zaminanwar/thesis/ros2_ws/install/local_setup.ps1'
[25.825s] INFO:colcon.colcon_core.shell:Creating prefix util module '/home/zaminanwar/thesis/ros2_ws/install/_local_setup_util_ps1.py'
[25.835s] INFO:colcon.colcon_core.shell:Creating prefix chain script '/home/zaminanwar/thesis/ros2_ws/install/setup.ps1'
[25.836s] INFO:colcon.colcon_core.shell:Creating prefix script '/home/zaminanwar/thesis/ros2_ws/install/local_setup.sh'
[25.842s] INFO:colcon.colcon_core.shell:Creating prefix util module '/home/zaminanwar/thesis/ros2_ws/install/_local_setup_util_sh.py'
[25.843s] INFO:colcon.colcon_core.shell:Creating prefix chain script '/home/zaminanwar/thesis/ros2_ws/install/setup.sh'
[25.844s] INFO:colcon.colcon_core.shell:Creating prefix script '/home/zaminanwar/thesis/ros2_ws/install/local_setup.bash'
[25.845s] INFO:colcon.colcon_core.shell:Creating prefix chain script '/home/zaminanwar/thesis/ros2_ws/install/setup.bash'
[25.847s] INFO:colcon.colcon_core.shell:Creating prefix script '/home/zaminanwar/thesis/ros2_ws/install/local_setup.zsh'
[25.861s] INFO:colcon.colcon_core.shell:Creating prefix chain script '/home/zaminanwar/thesis/ros2_ws/install/setup.zsh'
